Archive member included to satisfy reference by file (symbol)

../../slave_bsp/ps7_cortexa9_1/lib\libxil.a(xscugic.o)
                              ./src/helper.o (XScuGic_CfgInitialize)
../../slave_bsp/ps7_cortexa9_1/lib\libxil.a(xscugic_intr.o)
                              ./src/helper.o (XScuGic_InterruptHandler)
../../slave_bsp/ps7_cortexa9_1/lib\libxil.a(xscugic_sinit.o)
                              ./src/helper.o (XScuGic_LookupConfig)
../../slave_bsp/ps7_cortexa9_1/lib\libxil.a(asm_vectors.o)
                              (_vector_table)
../../slave_bsp/ps7_cortexa9_1/lib\libxil.a(boot.o)
                              ../../slave_bsp/ps7_cortexa9_1/lib\libxil.a(asm_vectors.o) (_boot)
../../slave_bsp/ps7_cortexa9_1/lib\libxil.a(translation_table.o)
                              ../../slave_bsp/ps7_cortexa9_1/lib\libxil.a(boot.o) (MMUTable)
../../slave_bsp/ps7_cortexa9_1/lib\libxil.a(vectors.o)
                              ../../slave_bsp/ps7_cortexa9_1/lib\libxil.a(asm_vectors.o) (FIQInterrupt)
../../slave_bsp/ps7_cortexa9_1/lib\libxil.a(xil-crt0.o)
                              ../../slave_bsp/ps7_cortexa9_1/lib\libxil.a(boot.o) (_start)
../../slave_bsp/ps7_cortexa9_1/lib\libxil.a(xil_assert.o)
                              ../../slave_bsp/ps7_cortexa9_1/lib\libxil.a(xscugic.o) (Xil_AssertStatus)
../../slave_bsp/ps7_cortexa9_1/lib\libxil.a(xil_cache.o)
                              ./src/helper.o (Xil_DCacheDisable)
../../slave_bsp/ps7_cortexa9_1/lib\libxil.a(xil_exception.o)
                              ../../slave_bsp/ps7_cortexa9_1/lib\libxil.a(vectors.o) (XExc_VectorTable)
../../slave_bsp/ps7_cortexa9_1/lib\libxil.a(xil_printf.o)
                              ./src/echo_test.o (xil_printf)
../../slave_bsp/ps7_cortexa9_1/lib\libxil.a(xscugic_g.o)
                              ../../slave_bsp/ps7_cortexa9_1/lib\libxil.a(xscugic_sinit.o) (XScuGic_ConfigTable)
../../slave_bsp/ps7_cortexa9_1/lib\libxil.a(cpu_init.o)
                              ../../slave_bsp/ps7_cortexa9_1/lib\libxil.a(xil-crt0.o) (__cpu_init)
../../slave_bsp/ps7_cortexa9_1/lib\libxil.a(outbyte.o)
                              ../../slave_bsp/ps7_cortexa9_1/lib\libxil.a(xil_printf.o) (outbyte)
../../slave_bsp/ps7_cortexa9_1/lib\libxil.a(xuartps_hw.o)
                              ../../slave_bsp/ps7_cortexa9_1/lib\libxil.a(outbyte.o) (XUartPs_SendByte)
c:/xilinx/sdk/2017.2/gnu/aarch32/nt/gcc-arm-none-eabi/bin/../lib/gcc/arm-none-eabi/6.2.1/v7-a/fpv3/hard\libgcc.a(_udivsi3.o)
                              ../../slave_bsp/ps7_cortexa9_1/lib\libxil.a(xil_cache.o) (__aeabi_uidiv)
c:/xilinx/sdk/2017.2/gnu/aarch32/nt/gcc-arm-none-eabi/bin/../lib/gcc/arm-none-eabi/6.2.1/v7-a/fpv3/hard\libgcc.a(_dvmd_tls.o)
                              c:/xilinx/sdk/2017.2/gnu/aarch32/nt/gcc-arm-none-eabi/bin/../lib/gcc/arm-none-eabi/6.2.1/v7-a/fpv3/hard\libgcc.a(_udivsi3.o) (__aeabi_idiv0)
c:/xilinx/sdk/2017.2/gnu/aarch32/nt/gcc-arm-none-eabi/bin/../arm-none-eabi/libc/usr/lib/v7-a/fpv3/hard\libc.a(lib_a-ctype_.o)
                              ../../slave_bsp/ps7_cortexa9_1/lib\libxil.a(xil_printf.o) (__ctype_ptr__)
c:/xilinx/sdk/2017.2/gnu/aarch32/nt/gcc-arm-none-eabi/bin/../arm-none-eabi/libc/usr/lib/v7-a/fpv3/hard\libc.a(lib_a-exit.o)
                              ../../slave_bsp/ps7_cortexa9_1/lib\libxil.a(xil-crt0.o) (exit)
c:/xilinx/sdk/2017.2/gnu/aarch32/nt/gcc-arm-none-eabi/bin/../arm-none-eabi/libc/usr/lib/v7-a/fpv3/hard\libc.a(lib_a-fini.o)
                              ../../slave_bsp/ps7_cortexa9_1/lib\libxil.a(xil-crt0.o) (__libc_fini_array)
c:/xilinx/sdk/2017.2/gnu/aarch32/nt/gcc-arm-none-eabi/bin/../arm-none-eabi/libc/usr/lib/v7-a/fpv3/hard\libc.a(lib_a-impure.o)
                              c:/xilinx/sdk/2017.2/gnu/aarch32/nt/gcc-arm-none-eabi/bin/../arm-none-eabi/libc/usr/lib/v7-a/fpv3/hard\libc.a(lib_a-exit.o) (_global_impure_ptr)
c:/xilinx/sdk/2017.2/gnu/aarch32/nt/gcc-arm-none-eabi/bin/../arm-none-eabi/libc/usr/lib/v7-a/fpv3/hard\libc.a(lib_a-init.o)
                              ../../slave_bsp/ps7_cortexa9_1/lib\libxil.a(xil-crt0.o) (__libc_init_array)
c:/xilinx/sdk/2017.2/gnu/aarch32/nt/gcc-arm-none-eabi/bin/../arm-none-eabi/libc/usr/lib/v7-a/fpv3/hard\libc.a(lib_a-strlen.o)
                              ../../slave_bsp/ps7_cortexa9_1/lib\libxil.a(xil_printf.o) (strlen)
c:/xilinx/sdk/2017.2/gnu/aarch32/nt/gcc-arm-none-eabi/bin/../arm-none-eabi/libc/usr/lib/v7-a/fpv3/hard\libc.a(lib_a-__call_atexit.o)
                              c:/xilinx/sdk/2017.2/gnu/aarch32/nt/gcc-arm-none-eabi/bin/../arm-none-eabi/libc/usr/lib/v7-a/fpv3/hard\libc.a(lib_a-exit.o) (__call_exitprocs)
../../slave_bsp/ps7_cortexa9_1/lib\libxil.a(_exit.o)
                              c:/xilinx/sdk/2017.2/gnu/aarch32/nt/gcc-arm-none-eabi/bin/../arm-none-eabi/libc/usr/lib/v7-a/fpv3/hard\libc.a(lib_a-exit.o) (_exit)
../../slave_bsp/ps7_cortexa9_1/lib\libmetal.a(init.c.obj)
                              ./src/helper.o (metal_init)
[...]
Memory Configuration

Name             Origin             Length             Attributes
ps7_ddr_0_S_AXI_BASEADDR 0x0000000000100000 0x0000000000100000
ps7_ram_0_S_AXI_BASEADDR 0x0000000000000000 0x0000000000030000
ps7_ram_1_S_AXI_BASEADDR 0x00000000ffff0000 0x000000000000fe00
*default*        0x0000000000000000 0xffffffffffffffff

Linker script and memory map

LOAD c:/xilinx/sdk/2017.2/gnu/aarch32/nt/gcc-arm-none-eabi/bin/../lib/gcc/arm-none-eabi/6.2.1/v7-a/fpv3/hard/crti.o
LOAD c:/xilinx/sdk/2017.2/gnu/aarch32/nt/gcc-arm-none-eabi/bin/../lib/gcc/arm-none-eabi/6.2.1/v7-a/fpv3/hard/crtbegin.o
                0x0000000000002000                _STACK_SIZE = DEFINED (_STACK_SIZE)?_STACK_SIZE:0x2000
                0x0000000000004000                _HEAP_SIZE = DEFINED (_HEAP_SIZE)?_HEAP_SIZE:0x4000
                0x0000000000000400                _ABORT_STACK_SIZE = DEFINED (_ABORT_STACK_SIZE)?_ABORT_STACK_SIZE:0x400
                0x0000000000000800                _SUPERVISOR_STACK_SIZE = DEFINED (_SUPERVISOR_STACK_SIZE)?_SUPERVISOR_STACK_SIZE:0x800
                0x0000000000001000                _IRQ_STACK_SIZE = DEFINED (_IRQ_STACK_SIZE)?_IRQ_STACK_SIZE:0x1000
                0x0000000000000400                _FIQ_STACK_SIZE = DEFINED (_FIQ_STACK_SIZE)?_FIQ_STACK_SIZE:0x400
                0x0000000000000400                _UNDEF_STACK_SIZE = DEFINED (_UNDEF_STACK_SIZE)?_UNDEF_STACK_SIZE:0x400

.text           0x0000000000100000    0x1b55c
                0x0000000000000000                _binary_firmware1_start = 0x0
                0x0000000000000000                _binary_firmware1_end = 0x0
                0x0000000000000000                _binary_firmware2_start = 0x0
                0x0000000000000000                _binary_firmware2_end = 0x0
 *(.vectors)
 .vectors       0x0000000000100000      0x12c ../../slave_bsp/ps7_cortexa9_1/lib\libxil.a(asm_vectors.o)
                0x0000000000100000                _vector_table
 *(.boot)
 .boot          0x000000000010012c      0x2cc ../../slave_bsp/ps7_cortexa9_1/lib\libxil.a(boot.o)
                0x000000000010012c                _prestart
                0x000000000010012c                _boot
 *(.text)
 .text          0x00000000001003f8        0x0 c:/xilinx/sdk/2017.2/gnu/aarch32/nt/gcc-arm-none-eabi/bin/../lib/gcc/arm-none-eabi/6.2.1/v7-a/fpv3/hard/crti.o
 .text          0x00000000001003f8      0x108 c:/xilinx/sdk/2017.2/gnu/aarch32/nt/gcc-arm-none-eabi/bin/../lib/gcc/arm-none-eabi/6.2.1/v7-a/fpv3/hard/crtbegin.o
 .text          0x0000000000100500      0x4b0 ./src/echo_test.o
                0x00000000001006e8                app
                0x00000000001008e4                main
 .text          0x00000000001009b0      0x17c ./src/helper.o
                0x0000000000100ac8                init_system
                0x0000000000100b08                cleanup_system
 .text          0x0000000000100b2c       0xc0 ./src/platform_info.o
                0x0000000000100b2c                platform_create_proc
 .text          0x0000000000100bec       0x38 ./src/rsc_table.o
                0x0000000000100bec                get_resource_table
 .text          0x0000000000100c24     0x146c ../../slave_bsp/ps7_cortexa9_1/lib\libxil.a(xscugic.o)
                0x0000000000100ebc                XScuGic_CfgInitialize
                0x00000000001010c8                XScuGic_Connect
                0x000000000010125c                XScuGic_Disconnect
                0x00000000001013d4                XScuGic_Enable
                0x0000000000101508                XScuGic_Disable
                0x000000000010163c                XScuGic_SoftwareIntr
                0x0000000000101838                XScuGic_SetPriorityTriggerType
                0x0000000000101b10                XScuGic_GetPriorityTriggerType
                0x0000000000101d40                XScuGic_InterruptMaptoCpu
                0x0000000000101e14                XScuGic_Stop
                0x0000000000102000                XScuGic_SetCpuID
                0x000000000010206c                XScuGic_GetCpuID
 .text          0x0000000000102090      0x150 ../../slave_bsp/ps7_cortexa9_1/lib\libxil.a(xscugic_intr.o)
                0x00000000001020f0                XScuGic_InterruptHandler
 .text          0x00000000001021e0       0x9c ../../slave_bsp/ps7_cortexa9_1/lib\libxil.a(xscugic_sinit.o)
                0x00000000001021e0                XScuGic_LookupConfig
 .text          0x000000000010227c        0x0 ../../slave_bsp/ps7_cortexa9_1/lib\libxil.a(asm_vectors.o)
 .text          0x000000000010227c        0x0 ../../slave_bsp/ps7_cortexa9_1/lib\libxil.a(boot.o)
 .text          0x000000000010227c        0x0 ../../slave_bsp/ps7_cortexa9_1/lib\libxil.a(translation_table.o)
 .text          0x000000000010227c      0x120 ../../slave_bsp/ps7_cortexa9_1/lib\libxil.a(vectors.o)
                0x000000000010227c                FIQInterrupt
                0x00000000001022ac                IRQInterrupt
                0x00000000001022dc                UndefinedException
                0x000000000010230c                SWInterrupt
                0x000000000010233c                DataAbortInterrupt
                0x000000000010236c                PrefetchAbortInterrupt
 .text          0x000000000010239c       0x74 ../../slave_bsp/ps7_cortexa9_1/lib\libxil.a(xil-crt0.o)
                0x00000000001023b0                _start
 .text          0x0000000000102410       0xb4 ../../slave_bsp/ps7_cortexa9_1/lib\libxil.a(xil_assert.o)
                0x0000000000102410                Xil_Assert
                0x0000000000102474                Xil_AssertSetCallback
                0x00000000001024a4                XNullHandler
 .text          0x00000000001024c4      0xce4 ../../slave_bsp/ps7_cortexa9_1/lib\libxil.a(xil_cache.o)
                0x00000000001024c4                Xil_DCacheEnable
                0x00000000001024d8                Xil_DCacheDisable
                0x00000000001024ec                Xil_DCacheInvalidate
                0x0000000000102534                Xil_DCacheInvalidateLine
                0x0000000000102584                Xil_DCacheInvalidateRange
                0x00000000001026c0                Xil_DCacheFlush
                0x0000000000102708                Xil_DCacheFlushLine
                0x0000000000102758                Xil_DCacheFlushRange
                0x0000000000102824                Xil_DCacheStoreLine
                0x0000000000102874                Xil_ICacheEnable
                0x0000000000102888                Xil_ICacheDisable
                0x000000000010289c                Xil_ICacheInvalidate
                0x00000000001028e4                Xil_ICacheInvalidateLine
                0x0000000000102934                Xil_ICacheInvalidateRange
                0x0000000000102a08                Xil_L1DCacheEnable
                0x0000000000102a54                Xil_L1DCacheDisable
                0x0000000000102a90                Xil_L1DCacheInvalidate
                0x0000000000102c38                Xil_L1DCacheInvalidateLine
                0x0000000000102c70                Xil_L1DCacheInvalidateRange
                0x0000000000102d38                Xil_L1DCacheFlush
                0x0000000000102ea8                Xil_L1DCacheFlushLine
                0x0000000000102ee0                Xil_L1DCacheFlushRange
                0x0000000000102fa8                Xil_L1DCacheStoreLine
                0x0000000000102fe0                Xil_L1ICacheEnable
                0x0000000000103034                Xil_L1ICacheDisable
                0x000000000010307c                Xil_L1ICacheInvalidate
                0x00000000001030a8                Xil_L1ICacheInvalidateLine
                0x00000000001030e0                Xil_L1ICacheInvalidateRange
 .text          0x00000000001031a8       0xf0 ../../slave_bsp/ps7_cortexa9_1/lib\libxil.a(xil_exception.o)
                0x00000000001031bc                Xil_ExceptionInit
                0x00000000001031d4                Xil_ExceptionRegisterHandler
                0x000000000010322c                Xil_ExceptionRemoveHandler
                0x000000000010325c                Xil_DataAbortHandler
                0x0000000000103270                Xil_PrefetchAbortHandler
                0x0000000000103284                Xil_UndefinedExceptionHandler
 .text          0x0000000000103298      0x9ec ../../slave_bsp/ps7_cortexa9_1/lib\libxil.a(xil_printf.o)
                0x0000000000103744                xil_printf
 .text          0x0000000000103c84        0x0 ../../slave_bsp/ps7_cortexa9_1/lib\libxil.a(xscugic_g.o)
 .text          0x0000000000103c84       0x3c ../../slave_bsp/ps7_cortexa9_1/lib\libxil.a(cpu_init.o)
                0x0000000000103c84                __cpu_init
 .text          0x0000000000103cc0       0x34 ../../slave_bsp/ps7_cortexa9_1/lib\libxil.a(outbyte.o)
                0x0000000000103cc0                outbyte
 .text          0x0000000000103cf4      0x1fc ../../slave_bsp/ps7_cortexa9_1/lib\libxil.a(xuartps_hw.o)
                0x0000000000103d54                XUartPs_SendByte
                0x0000000000103db4                XUartPs_RecvByte
                0x0000000000103e10                XUartPs_ResetHw
 .text          0x0000000000103ef0      0x20c c:/xilinx/sdk/2017.2/gnu/aarch32/nt/gcc-arm-none-eabi/bin/../lib/gcc/arm-none-eabi/6.2.1/v7-a/fpv3/hard\libgcc.a(_udivsi3.o)
                0x0000000000103ef0                __aeabi_uidiv
                0x0000000000103ef0                __udivsi3
                0x00000000001040dc                __aeabi_uidivmod
 .text          0x00000000001040fc        0x4 c:/xilinx/sdk/2017.2/gnu/aarch32/nt/gcc-arm-none-eabi/bin/../lib/gcc/arm-none-eabi/6.2.1/v7-a/fpv3/hard\libgcc.a(_dvmd_tls.o)
                0x00000000001040fc                __aeabi_idiv0
                0x00000000001040fc                __aeabi_ldiv0
 .text          0x0000000000104100       0x18 c:/xilinx/sdk/2017.2/gnu/aarch32/nt/gcc-arm-none-eabi/bin/../arm-none-eabi/libc/usr/lib/v7-a/fpv3/hard\libc.a(lib_a-ctype_.o)
                0x0000000000104100                __set_ctype
 .text          0x0000000000104118       0x34 c:/xilinx/sdk/2017.2/gnu/aarch32/nt/gcc-arm-none-eabi/bin/../arm-none-eabi/libc/usr/lib/v7-a/fpv3/hard\libc.a(lib_a-exit.o)
                0x0000000000104118                exit
 .text          0x000000000010414c       0x40 c:/xilinx/sdk/2017.2/gnu/aarch32/nt/gcc-arm-none-eabi/bin/../arm-none-eabi/libc/usr/lib/v7-a/fpv3/hard\libc.a(lib_a-fini.o)
                0x000000000010414c                __libc_fini_array
 .text          0x000000000010418c        0x0 c:/xilinx/sdk/2017.2/gnu/aarch32/nt/gcc-arm-none-eabi/bin/../arm-none-eabi/libc/usr/lib/v7-a/fpv3/hard\libc.a(lib_a-impure.o)
 .text          0x000000000010418c       0x78 c:/xilinx/sdk/2017.2/gnu/aarch32/nt/gcc-arm-none-eabi/bin/../arm-none-eabi/libc/usr/lib/v7-a/fpv3/hard\libc.a(lib_a-init.o)
                0x000000000010418c                __libc_init_array
 *fill*         0x0000000000104204       0x3c 
 .text          0x0000000000104240       0xdc c:/xilinx/sdk/2017.2/gnu/aarch32/nt/gcc-arm-none-eabi/bin/../arm-none-eabi/libc/usr/lib/v7-a/fpv3/hard\libc.a(lib_a-strlen.o)
                0x0000000000104240                strlen
 .text          0x000000000010431c      0x164 c:/xilinx/sdk/2017.2/gnu/aarch32/nt/gcc-arm-none-eabi/bin/../arm-none-eabi/libc/usr/lib/v7-a/fpv3/hard\libc.a(lib_a-__call_atexit.o)
                0x000000000010431c                __call_exitprocs
 .text          0x0000000000104480       0x14 ../../slave_bsp/ps7_cortexa9_1/lib\libxil.a(_exit.o)
                0x0000000000104480                _exit
 .text          0x0000000000104494      0x10c ../../slave_bsp/ps7_cortexa9_1/lib\libmetal.a(init.c.obj)
                0x00000000001044d0                metal_init
                0x0000000000104578                metal_finish
 .text          0x00000000001045a0       0xd8 ../../slave_bsp/ps7_cortexa9_1/lib\libmetal.a(log.c.obj)
                0x00000000001045a0                metal_default_log_handler
                0x00000000001045cc                metal_set_log_handler
                0x00000000001045fc                metal_get_log_handler
                0x0000000000104620                metal_set_log_level
                0x0000000000104654                metal_get_log_level
 .text          0x0000000000104678       0x38 ../../slave_bsp/ps7_cortexa9_1/lib\libmetal.a(init.c.obj)
                0x0000000000104678                metal_sys_init
                0x000000000010469c                metal_sys_finish
 .text          0x00000000001046b0      0x8e4 ../../slave_bsp/ps7_cortexa9_1/lib\libmetal.a(irq.c.obj)
                0x0000000000104870                metal_irq_register
                0x0000000000104db8                metal_irq_save_disable
                0x0000000000104e00                metal_irq_restore_enable
                0x0000000000104e50                metal_irq_enable
                0x0000000000104e74                metal_irq_disable
                0x0000000000104e98                metal_irq_isr
                0x0000000000104f58                metal_irq_init
                0x0000000000104f78                metal_irq_deinit
 .text          0x0000000000104f94      0x2b0 ../../slave_bsp/ps7_cortexa9_1/lib\libmetal.a(sys.c.obj)
                0x0000000000104f94                sys_irq_restore_enable
                0x0000000000104fe4                sys_irq_save_disable
                0x0000000000105068                metal_machine_cache_flush
                0x00000000001050d8                metal_machine_cache_invalidate
                0x0000000000105148                metal_generic_default_poll
                0x0000000000105164                metal_machine_io_mem_map
 .text          0x0000000000105244     0x1408 ../../slave_bsp/ps7_cortexa9_1/lib\libopen_amp.a(hil.c.obj)
                0x0000000000105558                hil_create_proc
                0x0000000000105680                hil_delete_proc
                0x00000000001058a4                hil_init_proc
                0x000000000010592c                hil_get_chnl_info
                0x000000000010596c                hil_notified
                0x0000000000105a88                hil_get_vdev_info
                0x0000000000105ab0                hil_get_vring_info
                0x0000000000105c48                hil_get_shm_info
                0x0000000000105c70                hil_free_vqs
                0x0000000000105d4c                hil_enable_vdev_notification
                0x0000000000105db4                hil_enable_vring_notifications
                0x0000000000105e50                hil_vdev_notify
                0x0000000000105eb8                hil_vring_notify
                0x0000000000105f48                hil_get_status
                0x0000000000105f6c                hil_set_status
                0x0000000000105f90                hil_boot_cpu
                0x0000000000105fe0                hil_shutdown_cpu
                0x0000000000106024                hil_get_firmware
                0x000000000010605c                hil_poll
                0x0000000000106098                hil_set_shm
                0x000000000010624c                hil_set_vdev
                0x0000000000106368                hil_set_vring
                0x00000000001064b8                hil_set_vdev_ipi
                0x0000000000106520                hil_set_vring_ipi
                0x00000000001065a4                hil_set_rpmsg_channel
                0x0000000000106614                hil_set_vdev_rst_cb
 .text          0x000000000010664c      0x12c ../../slave_bsp/ps7_cortexa9_1/lib\libopen_amp.a(firmware.c.obj)
                0x000000000010664c                config_get_firmware
 .text          0x0000000000106778     0x1534 ../../slave_bsp/ps7_cortexa9_1/lib\libopen_amp.a(virtqueue.c.obj)
                0x0000000000106bd0                virtqueue_create
                0x0000000000106d48                virtqueue_add_buffer
                0x0000000000106e50                virtqueue_add_single_buffer
                0x0000000000106fc8                virtqueue_get_buffer
                0x00000000001070fc                virtqueue_get_buffer_length
                0x000000000010713c                virtqueue_free
                0x00000000001071c4                virtqueue_get_available_buffer
                0x00000000001072d4                virtqueue_add_consumed_buffer
                0x00000000001073ac                virtqueue_enable_cb
                0x00000000001073d8                virtqueue_disable_cb
                0x0000000000107470                virtqueue_kick
                0x00000000001074b8                virtqueue_dump
                0x00000000001075a8                virtqueue_get_desc_size
                0x0000000000107b2c                virtqueue_notification
 .text          0x0000000000107cac      0xadc ../../slave_bsp/ps7_cortexa9_1/lib\libopen_amp.a(rpmsg.c.obj)
                0x0000000000107d34                rpmsg_init
                0x0000000000107dc4                rpmsg_deinit
                0x0000000000107df4                rpmsg_send_offchannel_raw
                0x0000000000108080                rpmsg_get_buffer_size
                0x0000000000108104                rpmsg_hold_rx_buffer
                0x000000000010816c                rpmsg_release_rx_buffer
                0x000000000010827c                rpmsg_get_tx_payload_buffer
                0x00000000001083cc                rpmsg_send_offchannel_nocopy
                0x000000000010850c                rpmsg_create_ept
                0x00000000001085a4                rpmsg_destroy_ept
                0x00000000001085f4                rpmsg_create_channel
                0x00000000001086f4                rpmsg_delete_channel
 .text          0x0000000000108788     0x12f0 ../../slave_bsp/ps7_cortexa9_1/lib\libopen_amp.a(rpmsg_core.c.obj)
                0x00000000001089a0                rpmsg_start_ipc
                0x0000000000108bd8                _rpmsg_create_channel
                0x0000000000108ca0                _rpmsg_delete_channel
                0x0000000000108d08                _create_endpoint
                0x0000000000108e88                _destroy_endpoint
                0x0000000000108efc                rpmsg_send_ns_message
                0x0000000000109020                rpmsg_enqueue_buffer
                0x00000000001090f4                rpmsg_return_buffer
                0x0000000000109188                rpmsg_get_tx_buffer
                0x0000000000109228                rpmsg_get_rx_buffer
                0x00000000001092ec                rpmsg_free_buffer
                0x00000000001095e8                rpmsg_ns_callback
                0x0000000000109770                rpmsg_get_address
                0x0000000000109840                rpmsg_release_address
                0x0000000000109908                rpmsg_is_address_set
                0x00000000001099b4                rpmsg_set_address
 .text          0x0000000000109a78      0x640 ../../slave_bsp/ps7_cortexa9_1/lib\libopen_amp.a(remoteproc.c.obj)
                0x0000000000109ac4                remoteproc_resource_init
                0x0000000000109c30                remoteproc_resource_deinit
                0x0000000000109cb0                remoteproc_init
                0x0000000000109e84                remoteproc_deinit
                0x0000000000109f10                remoteproc_boot
                0x000000000010a034                remoteproc_shutdown
 .text          0x000000000010a0b8      0x3b0 ../../slave_bsp/ps7_cortexa9_1/lib\libopen_amp.a(remoteproc_loader.c.obj)
                0x000000000010a104                remoteproc_loader_init
                0x000000000010a1a4                remoteproc_loader_delete
                0x000000000010a210                remoteproc_loader_attach_firmware
                0x000000000010a2e0                remoteproc_loader_retrieve_entry_point
                0x000000000010a33c                remoteproc_loader_retrieve_resource_section
                0x000000000010a3a0                remoteproc_loader_load_remote_firmware
                0x000000000010a404                remoteproc_get_load_address
 .text          0x000000000010a468      0x584 ../../slave_bsp/ps7_cortexa9_1/lib\libopen_amp.a(rsc_table_parser.c.obj)
                0x000000000010a5b0                handle_rsc_table
                0x000000000010a70c                handle_carve_out_rsc
                0x000000000010a7dc                handle_trace_rsc
                0x000000000010a808                handle_dev_mem_rsc
                0x000000000010a834                handle_vdev_rsc
                0x000000000010a970                handle_rproc_mem_rsc
                0x000000000010a998                handle_fw_chksum_rsc
                0x000000000010a9c0                handle_mmu_rsc
 .text          0x000000000010a9ec      0x618 ../../slave_bsp/ps7_cortexa9_1/lib\libopen_amp.a(zynq_remoteproc_a9.c.obj)
 .text          0x000000000010b004      0x5ac ../../slave_bsp/ps7_cortexa9_1/lib\libopen_amp.a(sh_mem.c.obj)
                0x000000000010b140                sh_mem_create_pool
                0x000000000010b2a4                sh_mem_get_buffer
                0x000000000010b414                sh_mem_free_buffer
                0x000000000010b500                sh_mem_delete_pool
                0x000000000010b540                get_first_zero_bit
 .text          0x000000000010b5b0      0xe88 ../../slave_bsp/ps7_cortexa9_1/lib\libopen_amp.a(remote_device.c.obj)
                0x000000000010b7e8                rpmsg_rdev_init
                0x000000000010ba04                rpmsg_rdev_deinit
                0x000000000010bba0                rpmsg_rdev_get_chnl_from_id
                0x000000000010bc28                rpmsg_rdev_get_endpoint_from_addr
                0x000000000010bca8                rpmsg_rdev_notify
                0x000000000010bde8                rpmsg_rdev_remote_ready
                0x000000000010bedc                rpmsg_rdev_create_virtqueues
                0x000000000010c268                rpmsg_rdev_get_status
                0x000000000010c2c8                rpmsg_rdev_set_status
                0x000000000010c334                rpmsg_rdev_get_feature
                0x000000000010c35c                rpmsg_rdev_set_feature
                0x000000000010c398                rpmsg_rdev_negotiate_feature
                0x000000000010c3c0                rpmsg_rdev_read_config
                0x000000000010c3ec                rpmsg_rdev_write_config
                0x000000000010c418                rpmsg_rdev_reset
 .text          0x000000000010c438      0xb18 ../../slave_bsp/ps7_cortexa9_1/lib\libopen_amp.a(elf_loader.c.obj)
                0x000000000010c484                elf_loader_init
                0x000000000010c508                elf_loader_attach_firmware
                0x000000000010c5a4                elf_loader_detach_firmware
                0x000000000010c604                elf_loader_retrieve_entry_point
                0x000000000010c634                elf_loader_retrieve_resource_section
                0x000000000010c6b8                elf_loader_load_remote_firmware
                0x000000000010c714                elf_get_load_address
 .text          0x000000000010cf50      0x240 c:/xilinx/sdk/2017.2/gnu/aarch32/nt/gcc-arm-none-eabi/bin/../lib/gcc/arm-none-eabi/6.2.1/v7-a/fpv3/hard\libgcc.a(_divsi3.o)
                0x000000000010cf50                __divsi3
                0x000000000010cf50                __aeabi_idiv
                0x000000000010d170                __aeabi_idivmod
 .text          0x000000000010d190       0x64 c:/xilinx/sdk/2017.2/gnu/aarch32/nt/gcc-arm-none-eabi/bin/../arm-none-eabi/libc/usr/lib/v7-a/fpv3/hard\libc.a(lib_a-assert.o)
                0x000000000010d190                __assert_func
                0x000000000010d1e4                __assert
 .text          0x000000000010d1f4       0x6c c:/xilinx/sdk/2017.2/gnu/aarch32/nt/gcc-arm-none-eabi/bin/../arm-none-eabi/libc/usr/lib/v7-a/fpv3/hard\libc.a(lib_a-fiprintf.o)
                0x000000000010d1f4                _fiprintf_r
                0x000000000010d220                fiprintf
 .text          0x000000000010d260       0x28 c:/xilinx/sdk/2017.2/gnu/aarch32/nt/gcc-arm-none-eabi/bin/../arm-none-eabi/libc/usr/lib/v7-a/fpv3/hard\libc.a(lib_a-malloc.o)
                0x000000000010d260                malloc
                0x000000000010d274                free
 .text          0x000000000010d288      0x76c c:/xilinx/sdk/2017.2/gnu/aarch32/nt/gcc-arm-none-eabi/bin/../arm-none-eabi/libc/usr/lib/v7-a/fpv3/hard\libc.a(lib_a-mallocr.o)
                0x000000000010d288                _malloc_r
 *fill*         0x000000000010d9f4        0xc 
 .text          0x000000000010da00      0x5e0 c:/xilinx/sdk/2017.2/gnu/aarch32/nt/gcc-arm-none-eabi/bin/../arm-none-eabi/libc/usr/lib/v7-a/fpv3/hard\libc.a(lib_a-memcpy.o)
                0x000000000010da00                memcpy
 .text          0x000000000010dfe0      0x118 c:/xilinx/sdk/2017.2/gnu/aarch32/nt/gcc-arm-none-eabi/bin/../arm-none-eabi/libc/usr/lib/v7-a/fpv3/hard\libc.a(lib_a-memset.o)
                0x000000000010dfe0                memset
 .text          0x000000000010e0f8        0x8 c:/xilinx/sdk/2017.2/gnu/aarch32/nt/gcc-arm-none-eabi/bin/../arm-none-eabi/libc/usr/lib/v7-a/fpv3/hard\libc.a(lib_a-mlock.o)
                0x000000000010e0f8                __malloc_lock
                0x000000000010e0fc                __malloc_unlock
 .text          0x000000000010e100       0x74 c:/xilinx/sdk/2017.2/gnu/aarch32/nt/gcc-arm-none-eabi/bin/../arm-none-eabi/libc/usr/lib/v7-a/fpv3/hard\libc.a(lib_a-printf.o)
                0x000000000010e100                _printf_r
                0x000000000010e134                printf
 .text          0x000000000010e174       0x38 c:/xilinx/sdk/2017.2/gnu/aarch32/nt/gcc-arm-none-eabi/bin/../arm-none-eabi/libc/usr/lib/v7-a/fpv3/hard\libc.a(lib_a-sbrkr.o)
                0x000000000010e174                _sbrk_r
 *fill*         0x000000000010e1ac       0x14 
 .text          0x000000000010e1c0      0x2dc c:/xilinx/sdk/2017.2/gnu/aarch32/nt/gcc-arm-none-eabi/bin/../arm-none-eabi/libc/usr/lib/v7-a/fpv3/hard\libc.a(lib_a-strcmp.o)
                0x000000000010e1c8                strcmp
 .text          0x000000000010e49c       0xf8 c:/xilinx/sdk/2017.2/gnu/aarch32/nt/gcc-arm-none-eabi/bin/../arm-none-eabi/libc/usr/lib/v7-a/fpv3/hard\libc.a(lib_a-strcpy.o)
                0x000000000010e49c                strcpy
 .text          0x000000000010e594      0x108 c:/xilinx/sdk/2017.2/gnu/aarch32/nt/gcc-arm-none-eabi/bin/../arm-none-eabi/libc/usr/lib/v7-a/fpv3/hard\libc.a(lib_a-strncmp.o)
                0x000000000010e594                strncmp
 .text          0x000000000010e69c       0xdc c:/xilinx/sdk/2017.2/gnu/aarch32/nt/gcc-arm-none-eabi/bin/../arm-none-eabi/libc/usr/lib/v7-a/fpv3/hard\libc.a(lib_a-strncpy.o)
                0x000000000010e69c                strncpy
 .text          0x000000000010e778     0x1994 c:/xilinx/sdk/2017.2/gnu/aarch32/nt/gcc-arm-none-eabi/bin/../arm-none-eabi/libc/usr/lib/v7-a/fpv3/hard\libc.a(lib_a-vfiprintf.o)
                0x000000000010e820                __sprint_r
                0x000000000010e83c                _vfiprintf_r
                0x0000000000110048                vfiprintf
 *fill*         0x000000000011010c        0x4 
 .text          0x0000000000110110     0x2bfc c:/xilinx/sdk/2017.2/gnu/aarch32/nt/gcc-arm-none-eabi/bin/../arm-none-eabi/libc/usr/lib/v7-a/fpv3/hard\libc.a(lib_a-vfprintf.o)
                0x0000000000110110                _vfprintf_r
                0x0000000000112c48                vfprintf
 .text          0x0000000000112d0c      0x120 c:/xilinx/sdk/2017.2/gnu/aarch32/nt/gcc-arm-none-eabi/bin/../arm-none-eabi/libc/usr/lib/v7-a/fpv3/hard\libc.a(lib_a-wcrtomb.o)
                0x0000000000112d0c                _wcrtomb_r
                0x0000000000112d98                wcrtomb
 .text          0x0000000000112e2c       0x5c c:/xilinx/sdk/2017.2/gnu/aarch32/nt/gcc-arm-none-eabi/bin/../arm-none-eabi/libc/usr/lib/v7-a/fpv3/hard\libc.a(lib_a-wcsrtombs.o)
                0x0000000000112e2c                _wcsrtombs_r
                0x0000000000112e50                wcsrtombs
 .text          0x0000000000112e88      0x388 c:/xilinx/sdk/2017.2/gnu/aarch32/nt/gcc-arm-none-eabi/bin/../arm-none-eabi/libc/usr/lib/v7-a/fpv3/hard\libc.a(lib_a-wctomb_r.o)
                0x0000000000112e88                __ascii_wctomb
                0x0000000000112eb0                _wctomb_r
                0x0000000000112ef8                __utf8_wctomb
                0x0000000000112fe8                __sjis_wctomb
                0x0000000000113074                __eucjp_wctomb
                0x0000000000113138                __jis_wctomb
 .text          0x0000000000113210      0x140 c:/xilinx/sdk/2017.2/gnu/aarch32/nt/gcc-arm-none-eabi/bin/../arm-none-eabi/libc/usr/lib/v7-a/fpv3/hard\libc.a(lib_a-wsetup.o)
                0x0000000000113210                __swsetup_r
 .text          0x0000000000113350       0x14 c:/xilinx/sdk/2017.2/gnu/aarch32/nt/gcc-arm-none-eabi/bin/../arm-none-eabi/libc/usr/lib/v7-a/fpv3/hard\libc.a(lib_a-abort.o)
                0x0000000000113350                abort
 *fill*         0x0000000000113364        0x4 
 .text          0x0000000000113368     0x13ec c:/xilinx/sdk/2017.2/gnu/aarch32/nt/gcc-arm-none-eabi/bin/../arm-none-eabi/libc/usr/lib/v7-a/fpv3/hard\libc.a(lib_a-dtoa.o)
                0x000000000011352c                _dtoa_r
 .text          0x0000000000114754      0x290 c:/xilinx/sdk/2017.2/gnu/aarch32/nt/gcc-arm-none-eabi/bin/../arm-none-eabi/libc/usr/lib/v7-a/fpv3/hard\libc.a(lib_a-fflush.o)
                0x0000000000114754                __sflush_r
                0x0000000000114964                _fflush_r
                0x00000000001149b4                fflush
 .text          0x00000000001149e4      0x318 c:/xilinx/sdk/2017.2/gnu/aarch32/nt/gcc-arm-none-eabi/bin/../arm-none-eabi/libc/usr/lib/v7-a/fpv3/hard\libc.a(lib_a-findfp.o)
                0x00000000001149ec                _cleanup_r
                0x0000000000114b5c                __sfmoreglue
                0x0000000000114ba4                __sfp
                0x0000000000114c94                _cleanup
                0x0000000000114cac                __sinit
                0x0000000000114cbc                __sfp_lock_acquire
                0x0000000000114cc0                __sfp_lock_release
                0x0000000000114cc4                __sinit_lock_acquire
                0x0000000000114cc8                __sinit_lock_release
                0x0000000000114ccc                __fp_lock_all
                0x0000000000114ce4                __fp_unlock_all
 .text          0x0000000000114cfc      0x188 c:/xilinx/sdk/2017.2/gnu/aarch32/nt/gcc-arm-none-eabi/bin/../arm-none-eabi/libc/usr/lib/v7-a/fpv3/hard\libc.a(lib_a-fputwc.o)
                0x0000000000114cfc                __fputwc
                0x0000000000114dfc                _fputwc_r
                0x0000000000114e1c                fputwc
 .text          0x0000000000114e84      0x3dc c:/xilinx/sdk/2017.2/gnu/aarch32/nt/gcc-arm-none-eabi/bin/../arm-none-eabi/libc/usr/lib/v7-a/fpv3/hard\libc.a(lib_a-freer.o)
                0x0000000000114e84                _malloc_trim_r
                0x0000000000114f80                _free_r
 .text          0x0000000000115260      0x4ac c:/xilinx/sdk/2017.2/gnu/aarch32/nt/gcc-arm-none-eabi/bin/../arm-none-eabi/libc/usr/lib/v7-a/fpv3/hard\libc.a(lib_a-fvwrite.o)
                0x0000000000115260                __sfvwrite_r
 .text          0x000000000011570c       0xf8 c:/xilinx/sdk/2017.2/gnu/aarch32/nt/gcc-arm-none-eabi/bin/../arm-none-eabi/libc/usr/lib/v7-a/fpv3/hard\libc.a(lib_a-fwalk.o)
                0x000000000011570c                _fwalk
                0x0000000000115784                _fwalk_reent
 .text          0x0000000000115804      0xd50 c:/xilinx/sdk/2017.2/gnu/aarch32/nt/gcc-arm-none-eabi/bin/../arm-none-eabi/libc/usr/lib/v7-a/fpv3/hard\libc.a(lib_a-locale.o)
                0x00000000001161e4                _setlocale_r
                0x00000000001164ec                __locale_charset
                0x00000000001164f8                __locale_mb_cur_max
                0x0000000000116508                __locale_msgcharset
                0x0000000000116514                __locale_cjk_lang
                0x0000000000116524                _localeconv_r
                0x0000000000116530                setlocale
                0x0000000000116548                localeconv
 .text          0x0000000000116554      0x17c c:/xilinx/sdk/2017.2/gnu/aarch32/nt/gcc-arm-none-eabi/bin/../arm-none-eabi/libc/usr/lib/v7-a/fpv3/hard\libc.a(lib_a-makebuf.o)
                0x0000000000116554                __swhatbuf_r
                0x00000000001165e8                __smakebuf_r
 .text          0x00000000001166d0      0x750 c:/xilinx/sdk/2017.2/gnu/aarch32/nt/gcc-arm-none-eabi/bin/../arm-none-eabi/libc/usr/lib/v7-a/fpv3/hard\libc.a(lib_a-mbtowc_r.o)
                0x00000000001166d0                __ascii_mbtowc
                0x000000000011671c                _mbtowc_r
                0x0000000000116768                __utf8_mbtowc
                0x0000000000116a68                __sjis_mbtowc
                0x0000000000116b3c                __eucjp_mbtowc
                0x0000000000116c74                __jis_mbtowc
 .text          0x0000000000116e20       0xa0 c:/xilinx/sdk/2017.2/gnu/aarch32/nt/gcc-arm-none-eabi/bin/../arm-none-eabi/libc/usr/lib/v7-a/fpv3/hard\libc.a(lib_a-memchr.o)
                0x0000000000116e20                memchr
 .text          0x0000000000116ec0      0x150 c:/xilinx/sdk/2017.2/gnu/aarch32/nt/gcc-arm-none-eabi/bin/../arm-none-eabi/libc/usr/lib/v7-a/fpv3/hard\libc.a(lib_a-memmove.o)
                0x0000000000116ec0                memmove
 .text          0x0000000000117010      0xce8 c:/xilinx/sdk/2017.2/gnu/aarch32/nt/gcc-arm-none-eabi/bin/../arm-none-eabi/libc/usr/lib/v7-a/fpv3/hard\libc.a(lib_a-mprec.o)
                0x0000000000117010                _Balloc
                0x0000000000117098                _Bfree
                0x00000000001170b4                __multadd
                0x0000000000117184                __s2b
                0x000000000011726c                __hi0bits
                0x00000000001172c4                __lo0bits
                0x000000000011735c                __i2b
                0x000000000011737c                __multiply
                0x0000000000117530                __pow5mult
                0x000000000011762c                __lshift
                0x0000000000117718                __mcmp
                0x0000000000117778                __mdiff
                0x0000000000117908                __ulp
                0x0000000000117980                __b2d
                0x0000000000117a5c                __d2b
                0x0000000000117b60                __ratio
                0x0000000000117bd8                _mprec_log10
                0x0000000000117c0c                __copybits
                0x0000000000117c78                __any_on
 .text          0x0000000000117cf8      0x56c c:/xilinx/sdk/2017.2/gnu/aarch32/nt/gcc-arm-none-eabi/bin/../arm-none-eabi/libc/usr/lib/v7-a/fpv3/hard\libc.a(lib_a-reallocr.o)
                0x0000000000117cf8                _realloc_r
 .text          0x0000000000118264      0x11c c:/xilinx/sdk/2017.2/gnu/aarch32/nt/gcc-arm-none-eabi/bin/../arm-none-eabi/libc/usr/lib/v7-a/fpv3/hard\libc.a(lib_a-reent.o)
                0x0000000000118264                cleanup_glue
                0x0000000000118290                _reclaim_reent
 .text          0x0000000000118380       0xa0 c:/xilinx/sdk/2017.2/gnu/aarch32/nt/gcc-arm-none-eabi/bin/../arm-none-eabi/libc/usr/lib/v7-a/fpv3/hard\libc.a(lib_a-s_frexp.o)
                0x0000000000118380                frexp
 .text          0x0000000000118420      0x25c c:/xilinx/sdk/2017.2/gnu/aarch32/nt/gcc-arm-none-eabi/bin/../arm-none-eabi/libc/usr/lib/v7-a/fpv3/hard\libc.a(lib_a-signal.o)
                0x0000000000118464                _init_signal_r
                0x000000000011847c                _signal_r
                0x00000000001184e4                _raise_r
                0x0000000000118584                __sigtramp_r
                0x0000000000118618                raise
                0x000000000011862c                signal
                0x0000000000118644                _init_signal
                0x0000000000118668                __sigtramp
 .text          0x000000000011867c       0x44 c:/xilinx/sdk/2017.2/gnu/aarch32/nt/gcc-arm-none-eabi/bin/../arm-none-eabi/libc/usr/lib/v7-a/fpv3/hard\libc.a(lib_a-signalr.o)
                0x000000000011867c                _kill_r
                0x00000000001186bc                _getpid_r
 .text          0x00000000001186c0       0xc0 c:/xilinx/sdk/2017.2/gnu/aarch32/nt/gcc-arm-none-eabi/bin/../arm-none-eabi/libc/usr/lib/v7-a/fpv3/hard\libc.a(lib_a-stdio.o)
                0x00000000001186c0                __sread
                0x00000000001186f0                __seofread
                0x00000000001186f8                __swrite
                0x000000000011874c                __sseek
                0x0000000000118778                __sclose
 .text          0x0000000000118780       0x70 c:/xilinx/sdk/2017.2/gnu/aarch32/nt/gcc-arm-none-eabi/bin/../arm-none-eabi/libc/usr/lib/v7-a/fpv3/hard\libc.a(lib_a-strcasecmp.o)
                0x0000000000118780                strcasecmp
 .text          0x00000000001187f0       0x70 c:/xilinx/sdk/2017.2/gnu/aarch32/nt/gcc-arm-none-eabi/bin/../arm-none-eabi/libc/usr/lib/v7-a/fpv3/hard\libc.a(lib_a-strcat.o)
                0x00000000001187f0                strcat
 .text          0x0000000000118860      0x1b4 c:/xilinx/sdk/2017.2/gnu/aarch32/nt/gcc-arm-none-eabi/bin/../arm-none-eabi/libc/usr/lib/v7-a/fpv3/hard\libc.a(lib_a-strchr.o)
                0x0000000000118860                strchr
 .text          0x0000000000118a14       0x48 c:/xilinx/sdk/2017.2/gnu/aarch32/nt/gcc-arm-none-eabi/bin/../arm-none-eabi/libc/usr/lib/v7-a/fpv3/hard\libc.a(lib_a-strlcpy.o)
                0x0000000000118a14                strlcpy
 .text          0x0000000000118a5c       0x90 c:/xilinx/sdk/2017.2/gnu/aarch32/nt/gcc-arm-none-eabi/bin/../arm-none-eabi/libc/usr/lib/v7-a/fpv3/hard\libc.a(lib_a-strncasecmp.o)
                0x0000000000118a5c                strncasecmp
 .text          0x0000000000118aec      0x22c c:/xilinx/sdk/2017.2/gnu/aarch32/nt/gcc-arm-none-eabi/bin/../arm-none-eabi/libc/usr/lib/v7-a/fpv3/hard\libc.a(lib_a-strtol.o)
                0x0000000000118aec                _strtol_r
                0x0000000000118cfc                strtol
 .text          0x0000000000118d18      0x140 c:/xilinx/sdk/2017.2/gnu/aarch32/nt/gcc-arm-none-eabi/bin/../arm-none-eabi/libc/usr/lib/v7-a/fpv3/hard\libc.a(lib_a-wbuf.o)
                0x0000000000118d18                __swbuf_r
                0x0000000000118e40                __swbuf
 .text          0x0000000000118e58      0x1d8 c:/xilinx/sdk/2017.2/gnu/aarch32/nt/gcc-arm-none-eabi/bin/../arm-none-eabi/libc/usr/lib/v7-a/fpv3/hard\libc.a(lib_a-wcsnrtombs.o)
                0x0000000000118e58                _wcsnrtombs_r
                0x0000000000118ff4                wcsnrtombs
 .text          0x0000000000119030       0x44 c:/xilinx/sdk/2017.2/gnu/aarch32/nt/gcc-arm-none-eabi/bin/../arm-none-eabi/libc/usr/lib/v7-a/fpv3/hard\libc.a(lib_a-writer.o)
                0x0000000000119030                _write_r
 .text          0x0000000000119074       0x90 c:/xilinx/sdk/2017.2/gnu/aarch32/nt/gcc-arm-none-eabi/bin/../arm-none-eabi/libc/usr/lib/v7-a/fpv3/hard\libc.a(lib_a-callocr.o)
                0x0000000000119074                _calloc_r
 .text          0x0000000000119104       0x38 c:/xilinx/sdk/2017.2/gnu/aarch32/nt/gcc-arm-none-eabi/bin/../arm-none-eabi/libc/usr/lib/v7-a/fpv3/hard\libc.a(lib_a-closer.o)
                0x0000000000119104                _close_r
 .text          0x000000000011913c      0x100 c:/xilinx/sdk/2017.2/gnu/aarch32/nt/gcc-arm-none-eabi/bin/../arm-none-eabi/libc/usr/lib/v7-a/fpv3/hard\libc.a(lib_a-fclose.o)
                0x000000000011913c                _fclose_r
                0x0000000000119228                fclose
 .text          0x000000000011923c       0x40 c:/xilinx/sdk/2017.2/gnu/aarch32/nt/gcc-arm-none-eabi/bin/../arm-none-eabi/libc/usr/lib/v7-a/fpv3/hard\libc.a(lib_a-fstatr.o)
                0x000000000011923c                _fstat_r
 .text          0x000000000011927c       0xe0 c:/xilinx/sdk/2017.2/gnu/aarch32/nt/gcc-arm-none-eabi/bin/../arm-none-eabi/libc/usr/lib/v7-a/fpv3/hard\libc.a(lib_a-getenv_r.o)
                0x000000000011927c                _findenv_r
                0x0000000000119344                _getenv_r
 .text          0x000000000011935c       0x38 c:/xilinx/sdk/2017.2/gnu/aarch32/nt/gcc-arm-none-eabi/bin/../arm-none-eabi/libc/usr/lib/v7-a/fpv3/hard\libc.a(lib_a-isattyr.o)
                0x000000000011935c                _isatty_r
 .text          0x0000000000119394       0x44 c:/xilinx/sdk/2017.2/gnu/aarch32/nt/gcc-arm-none-eabi/bin/../arm-none-eabi/libc/usr/lib/v7-a/fpv3/hard\libc.a(lib_a-lseekr.o)
                0x0000000000119394                _lseek_r
 .text          0x00000000001193d8       0x44 c:/xilinx/sdk/2017.2/gnu/aarch32/nt/gcc-arm-none-eabi/bin/../arm-none-eabi/libc/usr/lib/v7-a/fpv3/hard\libc.a(lib_a-readr.o)
                0x00000000001193d8                _read_r
 .text          0x000000000011941c        0x0 c:/xilinx/sdk/2017.2/gnu/aarch32/nt/gcc-arm-none-eabi/bin/../arm-none-eabi/libc/usr/lib/v7-a/fpv3/hard\libc.a(lib_a-environ.o)
 .text          0x000000000011941c        0x8 c:/xilinx/sdk/2017.2/gnu/aarch32/nt/gcc-arm-none-eabi/bin/../arm-none-eabi/libc/usr/lib/v7-a/fpv3/hard\libc.a(lib_a-envlock.o)
                0x000000000011941c                __env_lock
                0x0000000000119420                __env_unlock
 .text          0x0000000000119424       0xc8 ../../slave_bsp/ps7_cortexa9_1/lib\libxil.a(_sbrk.o)
                0x0000000000119424                _sbrk
 .text          0x00000000001194ec       0x34 ../../slave_bsp/ps7_cortexa9_1/lib\libxil.a(fstat.o)
                0x00000000001194ec                _fstat
 .text          0x0000000000119520       0x38 ../../slave_bsp/ps7_cortexa9_1/lib\libxil.a(getpid.o)
                0x0000000000119520                getpid
                0x000000000011953c                _getpid
 .text          0x0000000000119558       0x48 ../../slave_bsp/ps7_cortexa9_1/lib\libxil.a(isatty.o)
                0x0000000000119558                isatty
                0x000000000011957c                _isatty
 .text          0x00000000001195a0       0x70 ../../slave_bsp/ps7_cortexa9_1/lib\libxil.a(kill.o)
                0x00000000001195a0                kill
                0x00000000001195d8                _kill
 .text          0x0000000000119610       0x70 ../../slave_bsp/ps7_cortexa9_1/lib\libxil.a(lseek.o)
                0x0000000000119610                lseek
                0x0000000000119648                _lseek
 .text          0x0000000000119680      0x148 ../../slave_bsp/ps7_cortexa9_1/lib\libxil.a(xil_mmu.o)
                0x0000000000119680                Xil_SetTlbAttributes
                0x0000000000119710                Xil_EnableMMU
                0x0000000000119764                Xil_DisableMMU
 .text          0x00000000001197c8       0x24 ../../slave_bsp/ps7_cortexa9_1/lib\libxil.a(errno.o)
                0x00000000001197c8                __errno
 .text          0x00000000001197ec      0x8dc ../../slave_bsp/ps7_cortexa9_1/lib\libmetal.a(device.c.obj)
                0x0000000000119994                metal_bus_register
                0x0000000000119a88                metal_bus_unregister
                0x0000000000119b5c                metal_bus_find
                0x0000000000119c04                metal_device_open
                0x0000000000119d1c                metal_device_close
                0x0000000000119dd0                metal_register_generic_device
                0x000000000011a028                metal_generic_dev_dma_unmap
 .text          0x000000000011a0c8      0x2d0 ../../slave_bsp/ps7_cortexa9_1/lib\libmetal.a(io.c.obj)
                0x000000000011a0c8                metal_generic_memset_io
                0x000000000011a200                metal_generic_memcpy_io
                0x000000000011a328                metal_memset_io
                0x000000000011a360                metal_memcpy_io
 .text          0x000000000011a398       0x38 ../../slave_bsp/ps7_cortexa9_1/lib\libmetal.a(shmem.c.obj)
                0x000000000011a398                metal_shmem_open
 .text          0x000000000011a3d0       0x58 ../../slave_bsp/ps7_cortexa9_1/lib\libmetal.a(cache.c.obj)
                0x000000000011a3d0                metal_cache_flush
                0x000000000011a3fc                metal_cache_invalidate
 .text          0x000000000011a428      0x240 ../../slave_bsp/ps7_cortexa9_1/lib\libmetal.a(io.c.obj)
                0x000000000011a618                metal_io_mem_map
 .text          0x000000000011a668       0x24 ../../slave_bsp/ps7_cortexa9_1/lib\libmetal.a(sleep.c.obj)
                0x000000000011a668                metal_sleep_usec
 .text          0x000000000011a68c      0x22c ../../slave_bsp/ps7_cortexa9_1/lib\libmetal.a(shmem.c.obj)
                0x000000000011a740                metal_shmem_register_generic
                0x000000000011a7ec                metal_shmem_open_generic
 .text          0x000000000011a8b8      0xb44 ../../slave_bsp/ps7_cortexa9_1/lib\libopen_amp.a(rpmsg_retarget.c.obj)
                0x000000000011aa48                rpc_cb
                0x000000000011aae4                send_rpc
                0x000000000011ab2c                rpmsg_retarget_init
                0x000000000011ac4c                rpmsg_retarget_deinit
                0x000000000011acf0                rpmsg_retarget_send
                0x000000000011ad94                _open
                0x000000000011af38                _read
                0x000000000011b0f0                _write
                0x000000000011b2bc                _close
 .text          0x000000000011b3fc       0x3c c:/xilinx/sdk/2017.2/gnu/aarch32/nt/gcc-arm-none-eabi/bin/../lib/gcc/arm-none-eabi/6.2.1/v7-a/fpv3/hard\libgcc.a(_aeabi_uldivmod.o)
                0x000000000011b3fc                __aeabi_uldivmod
 .text          0x000000000011b438      0x124 c:/xilinx/sdk/2017.2/gnu/aarch32/nt/gcc-arm-none-eabi/bin/../lib/gcc/arm-none-eabi/6.2.1/v7-a/fpv3/hard\libgcc.a(_udivmoddi4.o)
                0x000000000011b438                __udivmoddi4
 .text          0x000000000011b55c        0x0 c:/xilinx/sdk/2017.2/gnu/aarch32/nt/gcc-arm-none-eabi/bin/../lib/gcc/arm-none-eabi/6.2.1/v7-a/fpv3/hard/crtend.o
 .text          0x000000000011b55c        0x0 c:/xilinx/sdk/2017.2/gnu/aarch32/nt/gcc-arm-none-eabi/bin/../lib/gcc/arm-none-eabi/6.2.1/v7-a/fpv3/hard/crtn.o
 *(.text.*)
 *(.gnu.linkonce.t.*)
 *(.plt)
 *(.gnu_warning)
 *(.gcc_execpt_table)
 *(.glue_7)
 .glue_7        0x000000000011b55c        0x0 linker stubs
 *(.glue_7t)
 .glue_7t       0x000000000011b55c        0x0 linker stubs
 *(.vfp11_veneer)
 .vfp11_veneer  0x000000000011b55c        0x0 linker stubs
 *(.ARM.extab)
 .ARM.extab     0x000000000011b55c        0x0 c:/xilinx/sdk/2017.2/gnu/aarch32/nt/gcc-arm-none-eabi/bin/../lib/gcc/arm-none-eabi/6.2.1/v7-a/fpv3/hard\libgcc.a(_udivmoddi4.o)
 *(.gnu.linkonce.armextab.*)

.v4_bx          0x000000000011b55c        0x0
 .v4_bx         0x000000000011b55c        0x0 linker stubs

.iplt           0x000000000011b55c        0x0
 .iplt          0x000000000011b55c        0x0 c:/xilinx/sdk/2017.2/gnu/aarch32/nt/gcc-arm-none-eabi/bin/../lib/gcc/arm-none-eabi/6.2.1/v7-a/fpv3/hard/crtbegin.o

.init           0x000000000011b55c       0x18
 *(.init)
 .init          0x000000000011b55c        0xc c:/xilinx/sdk/2017.2/gnu/aarch32/nt/gcc-arm-none-eabi/bin/../lib/gcc/arm-none-eabi/6.2.1/v7-a/fpv3/hard/crti.o
                0x000000000011b55c                _init
 .init          0x000000000011b568        0xc c:/xilinx/sdk/2017.2/gnu/aarch32/nt/gcc-arm-none-eabi/bin/../lib/gcc/arm-none-eabi/6.2.1/v7-a/fpv3/hard/crtn.o

.fini           0x000000000011b574       0x18
 *(.fini)
 .fini          0x000000000011b574        0xc c:/xilinx/sdk/2017.2/gnu/aarch32/nt/gcc-arm-none-eabi/bin/../lib/gcc/arm-none-eabi/6.2.1/v7-a/fpv3/hard/crti.o
                0x000000000011b574                _fini
 .fini          0x000000000011b580        0xc c:/xilinx/sdk/2017.2/gnu/aarch32/nt/gcc-arm-none-eabi/bin/../lib/gcc/arm-none-eabi/6.2.1/v7-a/fpv3/hard/crtn.o

.rodata         0x000000000011b590      0xbb0
                0x000000000011b590                __rodata_start = .
 *(.rodata)
 .rodata        0x000000000011b590      0x1e1 ./src/echo_test.o
 *fill*         0x000000000011b771        0x3 
 .rodata        0x000000000011b774        0x8 ./src/helper.o
 .rodata        0x000000000011b77c       0x47 ./src/platform_info.o
                0x000000000011b77c                fw_table
                0x000000000011b7a4                fw_table_size
 *fill*         0x000000000011b7c3        0x1 
 .rodata        0x000000000011b7c4        0xa ../../slave_bsp/ps7_cortexa9_1/lib\libxil.a(xscugic.o)
 *fill*         0x000000000011b7ce        0x2 
 .rodata        0x000000000011b7d0        0xf ../../slave_bsp/ps7_cortexa9_1/lib\libxil.a(xscugic_intr.o)
 *fill*         0x000000000011b7df        0x1 
 .rodata        0x000000000011b7e0       0x11 ../../slave_bsp/ps7_cortexa9_1/lib\libxil.a(xil_printf.o)
 *fill*         0x000000000011b7f1        0x3 
 .rodata        0x000000000011b7f4      0x101 c:/xilinx/sdk/2017.2/gnu/aarch32/nt/gcc-arm-none-eabi/bin/../arm-none-eabi/libc/usr/lib/v7-a/fpv3/hard\libc.a(lib_a-ctype_.o)
                0x000000000011b7f4                _ctype_
 *fill*         0x000000000011b8f5        0x3 
 .rodata        0x000000000011b8f8        0x4 c:/xilinx/sdk/2017.2/gnu/aarch32/nt/gcc-arm-none-eabi/bin/../arm-none-eabi/libc/usr/lib/v7-a/fpv3/hard\libc.a(lib_a-impure.o)
                0x000000000011b8f8                _global_impure_ptr
 .rodata        0x000000000011b8fc      0x12b ../../slave_bsp/ps7_cortexa9_1/lib\libmetal.a(irq.c.obj)
 *fill*         0x000000000011ba27        0x1 
 .rodata        0x000000000011ba28       0xbe ../../slave_bsp/ps7_cortexa9_1/lib\libopen_amp.a(virtqueue.c.obj)
 *fill*         0x000000000011bae6        0x2 
 .rodata        0x000000000011bae8        0xe ../../slave_bsp/ps7_cortexa9_1/lib\libopen_amp.a(rpmsg_core.c.obj)
 *fill*         0x000000000011baf6        0x2 
 .rodata        0x000000000011baf8       0x77 ../../slave_bsp/ps7_cortexa9_1/lib\libopen_amp.a(zynq_remoteproc_a9.c.obj)
 *fill*         0x000000000011bb6f        0x1 
 .rodata        0x000000000011bb70       0x36 ../../slave_bsp/ps7_cortexa9_1/lib\libopen_amp.a(elf_loader.c.obj)
 *fill*         0x000000000011bba6        0x2 
 .rodata        0x000000000011bba8       0x20 c:/xilinx/sdk/2017.2/gnu/aarch32/nt/gcc-arm-none-eabi/bin/../arm-none-eabi/libc/usr/lib/v7-a/fpv3/hard\libc.a(lib_a-vfiprintf.o)
 .rodata        0x000000000011bbc8       0x20 c:/xilinx/sdk/2017.2/gnu/aarch32/nt/gcc-arm-none-eabi/bin/../arm-none-eabi/libc/usr/lib/v7-a/fpv3/hard\libc.a(lib_a-vfprintf.o)
 .rodata        0x000000000011bbe8       0x1c c:/xilinx/sdk/2017.2/gnu/aarch32/nt/gcc-arm-none-eabi/bin/../arm-none-eabi/libc/usr/lib/v7-a/fpv3/hard\libc.a(lib_a-locale.o)
 .rodata        0x000000000011bc04       0x90 c:/xilinx/sdk/2017.2/gnu/aarch32/nt/gcc-arm-none-eabi/bin/../arm-none-eabi/libc/usr/lib/v7-a/fpv3/hard\libc.a(lib_a-mbtowc_r.o)
 *fill*         0x000000000011bc94        0x4 
 .rodata        0x000000000011bc98      0x128 c:/xilinx/sdk/2017.2/gnu/aarch32/nt/gcc-arm-none-eabi/bin/../arm-none-eabi/libc/usr/lib/v7-a/fpv3/hard\libc.a(lib_a-mprec.o)
                0x000000000011bca8                __mprec_tens
                0x000000000011bd70                __mprec_tinytens
                0x000000000011bd98                __mprec_bigtens
 .rodata        0x000000000011bdc0       0xdf ../../slave_bsp/ps7_cortexa9_1/lib\libmetal.a(device.c.obj)
 *fill*         0x000000000011be9f        0x1 
 .rodata        0x000000000011bea0       0xdd ../../slave_bsp/ps7_cortexa9_1/lib\libmetal.a(shmem.c.obj)
 *(.rodata.*)
 *fill*         0x000000000011bf7d        0x3 
 .rodata.str1.4
                0x000000000011bf80        0x2 c:/xilinx/sdk/2017.2/gnu/aarch32/nt/gcc-arm-none-eabi/bin/../arm-none-eabi/libc/usr/lib/v7-a/fpv3/hard\libc.a(lib_a-impure.o)
 *fill*         0x000000000011bf82        0x2 
 .rodata.str1.4
                0x000000000011bf84       0x3f c:/xilinx/sdk/2017.2/gnu/aarch32/nt/gcc-arm-none-eabi/bin/../arm-none-eabi/libc/usr/lib/v7-a/fpv3/hard\libc.a(lib_a-assert.o)
                                         0x43 (size before relaxing)
 *fill*         0x000000000011bfc3        0x1 
 .rodata.str1.4
                0x000000000011bfc4       0x2f c:/xilinx/sdk/2017.2/gnu/aarch32/nt/gcc-arm-none-eabi/bin/../arm-none-eabi/libc/usr/lib/v7-a/fpv3/hard\libc.a(lib_a-vfiprintf.o)
 *fill*         0x000000000011bff3        0x1 
 .rodata.str1.4
                0x000000000011bff4       0x12 c:/xilinx/sdk/2017.2/gnu/aarch32/nt/gcc-arm-none-eabi/bin/../arm-none-eabi/libc/usr/lib/v7-a/fpv3/hard\libc.a(lib_a-vfprintf.o)
                                         0x42 (size before relaxing)
 *fill*         0x000000000011c006        0x2 
 .rodata.str1.4
                0x000000000011c008       0x10 c:/xilinx/sdk/2017.2/gnu/aarch32/nt/gcc-arm-none-eabi/bin/../arm-none-eabi/libc/usr/lib/v7-a/fpv3/hard\libc.a(lib_a-dtoa.o)
                                         0x12 (size before relaxing)
 .rodata.str1.4
                0x000000000011c018      0x128 c:/xilinx/sdk/2017.2/gnu/aarch32/nt/gcc-arm-none-eabi/bin/../arm-none-eabi/libc/usr/lib/v7-a/fpv3/hard\libc.a(lib_a-locale.o)
                                        0x12d (size before relaxing)
 *(.gnu.linkonce.r.*)
                0x000000000011c140                __rodata_end = .

.rodata1        0x000000000011c140        0x0
                0x000000000011c140                __rodata1_start = .
 *(.rodata1)
 *(.rodata1.*)
                0x000000000011c140                __rodata1_end = .

.sdata2         0x000000000011c140        0x0
                0x000000000011c140                __sdata2_start = .
 *(.sdata2)
 *(.sdata2.*)
 *(.gnu.linkonce.s2.*)
                0x000000000011c140                __sdata2_end = .

.sbss2          0x000000000011c140        0x0
                0x000000000011c140                __sbss2_start = .
 *(.sbss2)
 *(.sbss2.*)
 *(.gnu.linkonce.sb2.*)
                0x000000000011c140                __sbss2_end = .

.data           0x000000000011c140     0x1144
                0x000000000011c140                __data_start = .
 *(.data)
 .data          0x000000000011c140        0x0 c:/xilinx/sdk/2017.2/gnu/aarch32/nt/gcc-arm-none-eabi/bin/../lib/gcc/arm-none-eabi/6.2.1/v7-a/fpv3/hard/crti.o
 .data          0x000000000011c140        0x4 c:/xilinx/sdk/2017.2/gnu/aarch32/nt/gcc-arm-none-eabi/bin/../lib/gcc/arm-none-eabi/6.2.1/v7-a/fpv3/hard/crtbegin.o
                0x000000000011c140                __dso_handle
 .data          0x000000000011c144        0x0 ./src/echo_test.o
 .data          0x000000000011c144        0x0 ./src/helper.o
 .data          0x000000000011c144        0x0 ./src/platform_info.o
 .data          0x000000000011c144        0x0 ./src/rsc_table.o
 .data          0x000000000011c144        0x4 ../../slave_bsp/ps7_cortexa9_1/lib\libxil.a(xscugic.o)
 .data          0x000000000011c148        0x0 ../../slave_bsp/ps7_cortexa9_1/lib\libxil.a(xscugic_intr.o)
 .data          0x000000000011c148        0x0 ../../slave_bsp/ps7_cortexa9_1/lib\libxil.a(xscugic_sinit.o)
 .data          0x000000000011c148        0x0 ../../slave_bsp/ps7_cortexa9_1/lib\libxil.a(asm_vectors.o)
 .data          0x000000000011c148        0x0 ../../slave_bsp/ps7_cortexa9_1/lib\libxil.a(boot.o)
 .data          0x000000000011c148        0x0 ../../slave_bsp/ps7_cortexa9_1/lib\libxil.a(translation_table.o)
 .data          0x000000000011c148        0x0 ../../slave_bsp/ps7_cortexa9_1/lib\libxil.a(vectors.o)
 .data          0x000000000011c148        0x0 ../../slave_bsp/ps7_cortexa9_1/lib\libxil.a(xil-crt0.o)
 .data          0x000000000011c148        0x4 ../../slave_bsp/ps7_cortexa9_1/lib\libxil.a(xil_assert.o)
                0x000000000011c148                Xil_AssertWait
 .data          0x000000000011c14c        0x0 ../../slave_bsp/ps7_cortexa9_1/lib\libxil.a(xil_cache.o)
 .data          0x000000000011c14c       0x38 ../../slave_bsp/ps7_cortexa9_1/lib\libxil.a(xil_exception.o)
                0x000000000011c14c                XExc_VectorTable
 .data          0x000000000011c184        0x0 ../../slave_bsp/ps7_cortexa9_1/lib\libxil.a(xil_printf.o)
 .data          0x000000000011c184      0x624 ../../slave_bsp/ps7_cortexa9_1/lib\libxil.a(xscugic_g.o)
                0x000000000011c184                XScuGic_ConfigTable
 .data          0x000000000011c7a8        0x0 ../../slave_bsp/ps7_cortexa9_1/lib\libxil.a(cpu_init.o)
 .data          0x000000000011c7a8        0x0 ../../slave_bsp/ps7_cortexa9_1/lib\libxil.a(outbyte.o)
 .data          0x000000000011c7a8        0x0 ../../slave_bsp/ps7_cortexa9_1/lib\libxil.a(xuartps_hw.o)
 .data          0x000000000011c7a8        0x0 c:/xilinx/sdk/2017.2/gnu/aarch32/nt/gcc-arm-none-eabi/bin/../lib/gcc/arm-none-eabi/6.2.1/v7-a/fpv3/hard\libgcc.a(_udivsi3.o)
 .data          0x000000000011c7a8        0x0 c:/xilinx/sdk/2017.2/gnu/aarch32/nt/gcc-arm-none-eabi/bin/../lib/gcc/arm-none-eabi/6.2.1/v7-a/fpv3/hard\libgcc.a(_dvmd_tls.o)
 .data          0x000000000011c7a8        0x4 c:/xilinx/sdk/2017.2/gnu/aarch32/nt/gcc-arm-none-eabi/bin/../arm-none-eabi/libc/usr/lib/v7-a/fpv3/hard\libc.a(lib_a-ctype_.o)
                0x000000000011c7a8                __ctype_ptr__
 .data          0x000000000011c7ac        0x0 c:/xilinx/sdk/2017.2/gnu/aarch32/nt/gcc-arm-none-eabi/bin/../arm-none-eabi/libc/usr/lib/v7-a/fpv3/hard\libc.a(lib_a-exit.o)
 .data          0x000000000011c7ac        0x0 c:/xilinx/sdk/2017.2/gnu/aarch32/nt/gcc-arm-none-eabi/bin/../arm-none-eabi/libc/usr/lib/v7-a/fpv3/hard\libc.a(lib_a-fini.o)
 *fill*         0x000000000011c7ac        0x4 
 .data          0x000000000011c7b0      0x430 c:/xilinx/sdk/2017.2/gnu/aarch32/nt/gcc-arm-none-eabi/bin/../arm-none-eabi/libc/usr/lib/v7-a/fpv3/hard\libc.a(lib_a-impure.o)
                0x000000000011c7b0                _impure_ptr
 .data          0x000000000011cbe0        0x0 c:/xilinx/sdk/2017.2/gnu/aarch32/nt/gcc-arm-none-eabi/bin/../arm-none-eabi/libc/usr/lib/v7-a/fpv3/hard\libc.a(lib_a-init.o)
 .data          0x000000000011cbe0        0x0 c:/xilinx/sdk/2017.2/gnu/aarch32/nt/gcc-arm-none-eabi/bin/../arm-none-eabi/libc/usr/lib/v7-a/fpv3/hard\libc.a(lib_a-strlen.o)
 .data          0x000000000011cbe0        0x0 c:/xilinx/sdk/2017.2/gnu/aarch32/nt/gcc-arm-none-eabi/bin/../arm-none-eabi/libc/usr/lib/v7-a/fpv3/hard\libc.a(lib_a-__call_atexit.o)
 .data          0x000000000011cbe0        0x0 ../../slave_bsp/ps7_cortexa9_1/lib\libxil.a(_exit.o)
 .data          0x000000000011cbe0        0x0 ../../slave_bsp/ps7_cortexa9_1/lib\libmetal.a(init.c.obj)
 .data          0x000000000011cbe0        0x0 ../../slave_bsp/ps7_cortexa9_1/lib\libmetal.a(log.c.obj)
 .data          0x000000000011cbe0        0x0 ../../slave_bsp/ps7_cortexa9_1/lib\libmetal.a(init.c.obj)
 .data          0x000000000011cbe0        0x0 ../../slave_bsp/ps7_cortexa9_1/lib\libmetal.a(irq.c.obj)
 .data          0x000000000011cbe0        0x4 ../../slave_bsp/ps7_cortexa9_1/lib\libmetal.a(sys.c.obj)
 .data          0x000000000011cbe4       0x50 ../../slave_bsp/ps7_cortexa9_1/lib\libopen_amp.a(hil.c.obj)
                0x000000000011cbec                hil_shm_generic_io
                0x000000000011cc10                hil_devmem_generic_io
 .data          0x000000000011cc34        0x0 ../../slave_bsp/ps7_cortexa9_1/lib\libopen_amp.a(firmware.c.obj)
 .data          0x000000000011cc34        0x0 ../../slave_bsp/ps7_cortexa9_1/lib\libopen_amp.a(virtqueue.c.obj)
 .data          0x000000000011cc34        0x0 ../../slave_bsp/ps7_cortexa9_1/lib\libopen_amp.a(rpmsg.c.obj)
 .data          0x000000000011cc34        0x0 ../../slave_bsp/ps7_cortexa9_1/lib\libopen_amp.a(rpmsg_core.c.obj)
 .data          0x000000000011cc34        0x0 ../../slave_bsp/ps7_cortexa9_1/lib\libopen_amp.a(remoteproc.c.obj)
 .data          0x000000000011cc34        0x0 ../../slave_bsp/ps7_cortexa9_1/lib\libopen_amp.a(remoteproc_loader.c.obj)
 .data          0x000000000011cc34       0x1c ../../slave_bsp/ps7_cortexa9_1/lib\libopen_amp.a(rsc_table_parser.c.obj)
                0x000000000011cc34                rsc_handler_table
 .data          0x000000000011cc50       0x44 ../../slave_bsp/ps7_cortexa9_1/lib\libopen_amp.a(zynq_remoteproc_a9.c.obj)
                0x000000000011cc50                zynq_a9_proc_ops
 .data          0x000000000011cc94        0x0 ../../slave_bsp/ps7_cortexa9_1/lib\libopen_amp.a(sh_mem.c.obj)
 .data          0x000000000011cc94       0x24 ../../slave_bsp/ps7_cortexa9_1/lib\libopen_amp.a(remote_device.c.obj)
                0x000000000011cc94                rpmsg_rdev_config_ops
 .data          0x000000000011ccb8        0x0 ../../slave_bsp/ps7_cortexa9_1/lib\libopen_amp.a(elf_loader.c.obj)
 .data          0x000000000011ccb8        0x0 c:/xilinx/sdk/2017.2/gnu/aarch32/nt/gcc-arm-none-eabi/bin/../lib/gcc/arm-none-eabi/6.2.1/v7-a/fpv3/hard\libgcc.a(_divsi3.o)
 .data          0x000000000011ccb8        0x0 c:/xilinx/sdk/2017.2/gnu/aarch32/nt/gcc-arm-none-eabi/bin/../arm-none-eabi/libc/usr/lib/v7-a/fpv3/hard\libc.a(lib_a-assert.o)
 .data          0x000000000011ccb8        0x0 c:/xilinx/sdk/2017.2/gnu/aarch32/nt/gcc-arm-none-eabi/bin/../arm-none-eabi/libc/usr/lib/v7-a/fpv3/hard\libc.a(lib_a-fiprintf.o)
 .data          0x000000000011ccb8        0x0 c:/xilinx/sdk/2017.2/gnu/aarch32/nt/gcc-arm-none-eabi/bin/../arm-none-eabi/libc/usr/lib/v7-a/fpv3/hard\libc.a(lib_a-malloc.o)
 .data          0x000000000011ccb8      0x410 c:/xilinx/sdk/2017.2/gnu/aarch32/nt/gcc-arm-none-eabi/bin/../arm-none-eabi/libc/usr/lib/v7-a/fpv3/hard\libc.a(lib_a-mallocr.o)
                0x000000000011ccb8                __malloc_av_
                0x000000000011d0c0                __malloc_sbrk_base
                0x000000000011d0c4                __malloc_trim_threshold
 .data          0x000000000011d0c8        0x0 c:/xilinx/sdk/2017.2/gnu/aarch32/nt/gcc-arm-none-eabi/bin/../arm-none-eabi/libc/usr/lib/v7-a/fpv3/hard\libc.a(lib_a-memcpy.o)
 .data          0x000000000011d0c8        0x0 c:/xilinx/sdk/2017.2/gnu/aarch32/nt/gcc-arm-none-eabi/bin/../arm-none-eabi/libc/usr/lib/v7-a/fpv3/hard\libc.a(lib_a-memset.o)
 .data          0x000000000011d0c8        0x0 c:/xilinx/sdk/2017.2/gnu/aarch32/nt/gcc-arm-none-eabi/bin/../arm-none-eabi/libc/usr/lib/v7-a/fpv3/hard\libc.a(lib_a-mlock.o)
 .data          0x000000000011d0c8        0x0 c:/xilinx/sdk/2017.2/gnu/aarch32/nt/gcc-arm-none-eabi/bin/../arm-none-eabi/libc/usr/lib/v7-a/fpv3/hard\libc.a(lib_a-printf.o)
 .data          0x000000000011d0c8        0x0 c:/xilinx/sdk/2017.2/gnu/aarch32/nt/gcc-arm-none-eabi/bin/../arm-none-eabi/libc/usr/lib/v7-a/fpv3/hard\libc.a(lib_a-sbrkr.o)
 .data          0x000000000011d0c8        0x0 c:/xilinx/sdk/2017.2/gnu/aarch32/nt/gcc-arm-none-eabi/bin/../arm-none-eabi/libc/usr/lib/v7-a/fpv3/hard\libc.a(lib_a-strcmp.o)
 .data          0x000000000011d0c8        0x0 c:/xilinx/sdk/2017.2/gnu/aarch32/nt/gcc-arm-none-eabi/bin/../arm-none-eabi/libc/usr/lib/v7-a/fpv3/hard\libc.a(lib_a-strcpy.o)
 .data          0x000000000011d0c8        0x0 c:/xilinx/sdk/2017.2/gnu/aarch32/nt/gcc-arm-none-eabi/bin/../arm-none-eabi/libc/usr/lib/v7-a/fpv3/hard\libc.a(lib_a-strncmp.o)
 .data          0x000000000011d0c8        0x0 c:/xilinx/sdk/2017.2/gnu/aarch32/nt/gcc-arm-none-eabi/bin/../arm-none-eabi/libc/usr/lib/v7-a/fpv3/hard\libc.a(lib_a-strncpy.o)
 .data          0x000000000011d0c8        0x0 c:/xilinx/sdk/2017.2/gnu/aarch32/nt/gcc-arm-none-eabi/bin/../arm-none-eabi/libc/usr/lib/v7-a/fpv3/hard\libc.a(lib_a-vfiprintf.o)
 .data          0x000000000011d0c8        0x0 c:/xilinx/sdk/2017.2/gnu/aarch32/nt/gcc-arm-none-eabi/bin/../arm-none-eabi/libc/usr/lib/v7-a/fpv3/hard\libc.a(lib_a-vfprintf.o)
 .data          0x000000000011d0c8        0x0 c:/xilinx/sdk/2017.2/gnu/aarch32/nt/gcc-arm-none-eabi/bin/../arm-none-eabi/libc/usr/lib/v7-a/fpv3/hard\libc.a(lib_a-wcrtomb.o)
 .data          0x000000000011d0c8        0x0 c:/xilinx/sdk/2017.2/gnu/aarch32/nt/gcc-arm-none-eabi/bin/../arm-none-eabi/libc/usr/lib/v7-a/fpv3/hard\libc.a(lib_a-wcsrtombs.o)
 .data          0x000000000011d0c8        0x4 c:/xilinx/sdk/2017.2/gnu/aarch32/nt/gcc-arm-none-eabi/bin/../arm-none-eabi/libc/usr/lib/v7-a/fpv3/hard\libc.a(lib_a-wctomb_r.o)
                0x000000000011d0c8                __wctomb
 .data          0x000000000011d0cc        0x0 c:/xilinx/sdk/2017.2/gnu/aarch32/nt/gcc-arm-none-eabi/bin/../arm-none-eabi/libc/usr/lib/v7-a/fpv3/hard\libc.a(lib_a-wsetup.o)
 .data          0x000000000011d0cc        0x0 c:/xilinx/sdk/2017.2/gnu/aarch32/nt/gcc-arm-none-eabi/bin/../arm-none-eabi/libc/usr/lib/v7-a/fpv3/hard\libc.a(lib_a-abort.o)
 .data          0x000000000011d0cc        0x0 c:/xilinx/sdk/2017.2/gnu/aarch32/nt/gcc-arm-none-eabi/bin/../arm-none-eabi/libc/usr/lib/v7-a/fpv3/hard\libc.a(lib_a-dtoa.o)
 .data          0x000000000011d0cc        0x0 c:/xilinx/sdk/2017.2/gnu/aarch32/nt/gcc-arm-none-eabi/bin/../arm-none-eabi/libc/usr/lib/v7-a/fpv3/hard\libc.a(lib_a-fflush.o)
 .data          0x000000000011d0cc        0x0 c:/xilinx/sdk/2017.2/gnu/aarch32/nt/gcc-arm-none-eabi/bin/../arm-none-eabi/libc/usr/lib/v7-a/fpv3/hard\libc.a(lib_a-findfp.o)
 .data          0x000000000011d0cc        0x0 c:/xilinx/sdk/2017.2/gnu/aarch32/nt/gcc-arm-none-eabi/bin/../arm-none-eabi/libc/usr/lib/v7-a/fpv3/hard\libc.a(lib_a-fputwc.o)
 .data          0x000000000011d0cc        0x0 c:/xilinx/sdk/2017.2/gnu/aarch32/nt/gcc-arm-none-eabi/bin/../arm-none-eabi/libc/usr/lib/v7-a/fpv3/hard\libc.a(lib_a-freer.o)
 .data          0x000000000011d0cc        0x0 c:/xilinx/sdk/2017.2/gnu/aarch32/nt/gcc-arm-none-eabi/bin/../arm-none-eabi/libc/usr/lib/v7-a/fpv3/hard\libc.a(lib_a-fvwrite.o)
 .data          0x000000000011d0cc        0x0 c:/xilinx/sdk/2017.2/gnu/aarch32/nt/gcc-arm-none-eabi/bin/../arm-none-eabi/libc/usr/lib/v7-a/fpv3/hard\libc.a(lib_a-fwalk.o)
 .data          0x000000000011d0cc      0x17c c:/xilinx/sdk/2017.2/gnu/aarch32/nt/gcc-arm-none-eabi/bin/../arm-none-eabi/libc/usr/lib/v7-a/fpv3/hard\libc.a(lib_a-locale.o)
                0x000000000011d0cc                __default_locale
                0x000000000011d1ec                __mb_cur_max
 .data          0x000000000011d248        0x0 c:/xilinx/sdk/2017.2/gnu/aarch32/nt/gcc-arm-none-eabi/bin/../arm-none-eabi/libc/usr/lib/v7-a/fpv3/hard\libc.a(lib_a-makebuf.o)
 .data          0x000000000011d248        0x4 c:/xilinx/sdk/2017.2/gnu/aarch32/nt/gcc-arm-none-eabi/bin/../arm-none-eabi/libc/usr/lib/v7-a/fpv3/hard\libc.a(lib_a-mbtowc_r.o)
                0x000000000011d248                __mbtowc
 .data          0x000000000011d24c        0x0 c:/xilinx/sdk/2017.2/gnu/aarch32/nt/gcc-arm-none-eabi/bin/../arm-none-eabi/libc/usr/lib/v7-a/fpv3/hard\libc.a(lib_a-memchr.o)
 .data          0x000000000011d24c        0x0 c:/xilinx/sdk/2017.2/gnu/aarch32/nt/gcc-arm-none-eabi/bin/../arm-none-eabi/libc/usr/lib/v7-a/fpv3/hard\libc.a(lib_a-memmove.o)
 .data          0x000000000011d24c        0x0 c:/xilinx/sdk/2017.2/gnu/aarch32/nt/gcc-arm-none-eabi/bin/../arm-none-eabi/libc/usr/lib/v7-a/fpv3/hard\libc.a(lib_a-mprec.o)
 .data          0x000000000011d24c        0x0 c:/xilinx/sdk/2017.2/gnu/aarch32/nt/gcc-arm-none-eabi/bin/../arm-none-eabi/libc/usr/lib/v7-a/fpv3/hard\libc.a(lib_a-reallocr.o)
 .data          0x000000000011d24c        0x0 c:/xilinx/sdk/2017.2/gnu/aarch32/nt/gcc-arm-none-eabi/bin/../arm-none-eabi/libc/usr/lib/v7-a/fpv3/hard\libc.a(lib_a-reent.o)
 .data          0x000000000011d24c        0x0 c:/xilinx/sdk/2017.2/gnu/aarch32/nt/gcc-arm-none-eabi/bin/../arm-none-eabi/libc/usr/lib/v7-a/fpv3/hard\libc.a(lib_a-s_frexp.o)
 .data          0x000000000011d24c        0x0 c:/xilinx/sdk/2017.2/gnu/aarch32/nt/gcc-arm-none-eabi/bin/../arm-none-eabi/libc/usr/lib/v7-a/fpv3/hard\libc.a(lib_a-signal.o)
 .data          0x000000000011d24c        0x0 c:/xilinx/sdk/2017.2/gnu/aarch32/nt/gcc-arm-none-eabi/bin/../arm-none-eabi/libc/usr/lib/v7-a/fpv3/hard\libc.a(lib_a-signalr.o)
 .data          0x000000000011d24c        0x0 c:/xilinx/sdk/2017.2/gnu/aarch32/nt/gcc-arm-none-eabi/bin/../arm-none-eabi/libc/usr/lib/v7-a/fpv3/hard\libc.a(lib_a-stdio.o)
 .data          0x000000000011d24c        0x0 c:/xilinx/sdk/2017.2/gnu/aarch32/nt/gcc-arm-none-eabi/bin/../arm-none-eabi/libc/usr/lib/v7-a/fpv3/hard\libc.a(lib_a-strcasecmp.o)
 .data          0x000000000011d24c        0x0 c:/xilinx/sdk/2017.2/gnu/aarch32/nt/gcc-arm-none-eabi/bin/../arm-none-eabi/libc/usr/lib/v7-a/fpv3/hard\libc.a(lib_a-strcat.o)
 .data          0x000000000011d24c        0x0 c:/xilinx/sdk/2017.2/gnu/aarch32/nt/gcc-arm-none-eabi/bin/../arm-none-eabi/libc/usr/lib/v7-a/fpv3/hard\libc.a(lib_a-strchr.o)
 .data          0x000000000011d24c        0x0 c:/xilinx/sdk/2017.2/gnu/aarch32/nt/gcc-arm-none-eabi/bin/../arm-none-eabi/libc/usr/lib/v7-a/fpv3/hard\libc.a(lib_a-strlcpy.o)
 .data          0x000000000011d24c        0x0 c:/xilinx/sdk/2017.2/gnu/aarch32/nt/gcc-arm-none-eabi/bin/../arm-none-eabi/libc/usr/lib/v7-a/fpv3/hard\libc.a(lib_a-strncasecmp.o)
 .data          0x000000000011d24c        0x0 c:/xilinx/sdk/2017.2/gnu/aarch32/nt/gcc-arm-none-eabi/bin/../arm-none-eabi/libc/usr/lib/v7-a/fpv3/hard\libc.a(lib_a-strtol.o)
 .data          0x000000000011d24c        0x0 c:/xilinx/sdk/2017.2/gnu/aarch32/nt/gcc-arm-none-eabi/bin/../arm-none-eabi/libc/usr/lib/v7-a/fpv3/hard\libc.a(lib_a-wbuf.o)
 .data          0x000000000011d24c        0x0 c:/xilinx/sdk/2017.2/gnu/aarch32/nt/gcc-arm-none-eabi/bin/../arm-none-eabi/libc/usr/lib/v7-a/fpv3/hard\libc.a(lib_a-wcsnrtombs.o)
 .data          0x000000000011d24c        0x0 c:/xilinx/sdk/2017.2/gnu/aarch32/nt/gcc-arm-none-eabi/bin/../arm-none-eabi/libc/usr/lib/v7-a/fpv3/hard\libc.a(lib_a-writer.o)
 .data          0x000000000011d24c        0x0 c:/xilinx/sdk/2017.2/gnu/aarch32/nt/gcc-arm-none-eabi/bin/../arm-none-eabi/libc/usr/lib/v7-a/fpv3/hard\libc.a(lib_a-callocr.o)
 .data          0x000000000011d24c        0x0 c:/xilinx/sdk/2017.2/gnu/aarch32/nt/gcc-arm-none-eabi/bin/../arm-none-eabi/libc/usr/lib/v7-a/fpv3/hard\libc.a(lib_a-closer.o)
 .data          0x000000000011d24c        0x0 c:/xilinx/sdk/2017.2/gnu/aarch32/nt/gcc-arm-none-eabi/bin/../arm-none-eabi/libc/usr/lib/v7-a/fpv3/hard\libc.a(lib_a-fclose.o)
 .data          0x000000000011d24c        0x0 c:/xilinx/sdk/2017.2/gnu/aarch32/nt/gcc-arm-none-eabi/bin/../arm-none-eabi/libc/usr/lib/v7-a/fpv3/hard\libc.a(lib_a-fstatr.o)
 .data          0x000000000011d24c        0x0 c:/xilinx/sdk/2017.2/gnu/aarch32/nt/gcc-arm-none-eabi/bin/../arm-none-eabi/libc/usr/lib/v7-a/fpv3/hard\libc.a(lib_a-getenv_r.o)
 .data          0x000000000011d24c        0x0 c:/xilinx/sdk/2017.2/gnu/aarch32/nt/gcc-arm-none-eabi/bin/../arm-none-eabi/libc/usr/lib/v7-a/fpv3/hard\libc.a(lib_a-isattyr.o)
 .data          0x000000000011d24c        0x0 c:/xilinx/sdk/2017.2/gnu/aarch32/nt/gcc-arm-none-eabi/bin/../arm-none-eabi/libc/usr/lib/v7-a/fpv3/hard\libc.a(lib_a-lseekr.o)
 .data          0x000000000011d24c        0x0 c:/xilinx/sdk/2017.2/gnu/aarch32/nt/gcc-arm-none-eabi/bin/../arm-none-eabi/libc/usr/lib/v7-a/fpv3/hard\libc.a(lib_a-readr.o)
 .data          0x000000000011d24c        0x4 c:/xilinx/sdk/2017.2/gnu/aarch32/nt/gcc-arm-none-eabi/bin/../arm-none-eabi/libc/usr/lib/v7-a/fpv3/hard\libc.a(lib_a-environ.o)
                0x000000000011d24c                environ
 .data          0x000000000011d250        0x0 c:/xilinx/sdk/2017.2/gnu/aarch32/nt/gcc-arm-none-eabi/bin/../arm-none-eabi/libc/usr/lib/v7-a/fpv3/hard\libc.a(lib_a-envlock.o)
 .data          0x000000000011d250        0x4 ../../slave_bsp/ps7_cortexa9_1/lib\libxil.a(_sbrk.o)
 .data          0x000000000011d254        0x0 ../../slave_bsp/ps7_cortexa9_1/lib\libxil.a(fstat.o)
 .data          0x000000000011d254        0x0 ../../slave_bsp/ps7_cortexa9_1/lib\libxil.a(getpid.o)
 .data          0x000000000011d254        0x0 ../../slave_bsp/ps7_cortexa9_1/lib\libxil.a(isatty.o)
 .data          0x000000000011d254        0x0 ../../slave_bsp/ps7_cortexa9_1/lib\libxil.a(kill.o)
 .data          0x000000000011d254        0x0 ../../slave_bsp/ps7_cortexa9_1/lib\libxil.a(lseek.o)
 .data          0x000000000011d254        0x0 ../../slave_bsp/ps7_cortexa9_1/lib\libxil.a(xil_mmu.o)
 .data          0x000000000011d254        0x0 ../../slave_bsp/ps7_cortexa9_1/lib\libxil.a(errno.o)
 .data          0x000000000011d254       0x2c ../../slave_bsp/ps7_cortexa9_1/lib\libmetal.a(device.c.obj)
                0x000000000011d254                metal_generic_bus
 .data          0x000000000011d280        0x0 ../../slave_bsp/ps7_cortexa9_1/lib\libmetal.a(io.c.obj)
 .data          0x000000000011d280        0x0 ../../slave_bsp/ps7_cortexa9_1/lib\libmetal.a(shmem.c.obj)
 .data          0x000000000011d280        0x0 ../../slave_bsp/ps7_cortexa9_1/lib\libmetal.a(cache.c.obj)
 .data          0x000000000011d280        0x0 ../../slave_bsp/ps7_cortexa9_1/lib\libmetal.a(io.c.obj)
 .data          0x000000000011d280        0x0 ../../slave_bsp/ps7_cortexa9_1/lib\libmetal.a(sleep.c.obj)
 .data          0x000000000011d280        0x0 ../../slave_bsp/ps7_cortexa9_1/lib\libmetal.a(shmem.c.obj)
 .data          0x000000000011d280        0x0 ../../slave_bsp/ps7_cortexa9_1/lib\libopen_amp.a(rpmsg_retarget.c.obj)
 .data          0x000000000011d280        0x0 c:/xilinx/sdk/2017.2/gnu/aarch32/nt/gcc-arm-none-eabi/bin/../lib/gcc/arm-none-eabi/6.2.1/v7-a/fpv3/hard\libgcc.a(_aeabi_uldivmod.o)
 .data          0x000000000011d280        0x0 c:/xilinx/sdk/2017.2/gnu/aarch32/nt/gcc-arm-none-eabi/bin/../lib/gcc/arm-none-eabi/6.2.1/v7-a/fpv3/hard\libgcc.a(_udivmoddi4.o)
 .data          0x000000000011d280        0x0 c:/xilinx/sdk/2017.2/gnu/aarch32/nt/gcc-arm-none-eabi/bin/../lib/gcc/arm-none-eabi/6.2.1/v7-a/fpv3/hard/crtend.o
 .data          0x000000000011d280        0x0 c:/xilinx/sdk/2017.2/gnu/aarch32/nt/gcc-arm-none-eabi/bin/../lib/gcc/arm-none-eabi/6.2.1/v7-a/fpv3/hard/crtn.o
 *(.data.*)
 *(.gnu.linkonce.d.*)
 *(.jcr)
 .jcr           0x000000000011d280        0x0 c:/xilinx/sdk/2017.2/gnu/aarch32/nt/gcc-arm-none-eabi/bin/../lib/gcc/arm-none-eabi/6.2.1/v7-a/fpv3/hard/crtbegin.o
 .jcr           0x000000000011d280        0x4 c:/xilinx/sdk/2017.2/gnu/aarch32/nt/gcc-arm-none-eabi/bin/../lib/gcc/arm-none-eabi/6.2.1/v7-a/fpv3/hard/crtend.o
 *(.got)
 *(.got.plt)
                0x000000000011d284                __data_end = .

.tm_clone_table
                0x000000000011d284        0x0
 .tm_clone_table
                0x000000000011d284        0x0 c:/xilinx/sdk/2017.2/gnu/aarch32/nt/gcc-arm-none-eabi/bin/../lib/gcc/arm-none-eabi/6.2.1/v7-a/fpv3/hard/crtbegin.o
 .tm_clone_table
                0x000000000011d284        0x0 c:/xilinx/sdk/2017.2/gnu/aarch32/nt/gcc-arm-none-eabi/bin/../lib/gcc/arm-none-eabi/6.2.1/v7-a/fpv3/hard/crtend.o

.igot.plt       0x000000000011d284        0x0
 .igot.plt      0x000000000011d284        0x0 c:/xilinx/sdk/2017.2/gnu/aarch32/nt/gcc-arm-none-eabi/bin/../lib/gcc/arm-none-eabi/6.2.1/v7-a/fpv3/hard/crtbegin.o

.resource_table
                0x000000000011d284       0x88
 .resource_table
                0x000000000011d284       0x88 ./src/rsc_table.o
                0x000000000011d284                resources

.got2           0x000000000011d30c        0x0
 .got2          0x000000000011d30c        0x0 ../../slave_bsp/ps7_cortexa9_1/lib\libxil.a(xil-crt0.o)

.data1          0x000000000011d30c        0x0
                0x000000000011d30c                __data1_start = .
 *(.data1)
 *(.data1.*)
                0x000000000011d30c                __data1_end = .

.got
 *(.got)

.ctors          0x000000000011d30c        0x0
                0x000000000011d30c                __CTOR_LIST__ = .
                0x000000000011d30c                ___CTORS_LIST___ = .
 *crtbegin.o(.ctors)
 *(EXCLUDE_FILE(*crtend.o) .ctors)
 *(SORT(.ctors.*))
 *(.ctors)
                0x000000000011d30c                __CTOR_END__ = .
                0x000000000011d30c                ___CTORS_END___ = .

.dtors          0x000000000011d30c        0x0
                0x000000000011d30c                __DTOR_LIST__ = .
                0x000000000011d30c                ___DTORS_LIST___ = .
 *crtbegin.o(.dtors)
 *(EXCLUDE_FILE(*crtend.o) .dtors)
 *(SORT(.dtors.*))
 *(.dtors)
                0x000000000011d30c                __DTOR_END__ = .
                0x000000000011d30c                ___DTORS_END___ = .

.fixup          0x000000000011d30c        0x0
                0x000000000011d30c                __fixup_start = .
 *(.fixup)
                0x000000000011d30c                __fixup_end = .

.eh_frame       0x000000000011d30c        0x4
 *(.eh_frame)
 .eh_frame      0x000000000011d30c        0x0 c:/xilinx/sdk/2017.2/gnu/aarch32/nt/gcc-arm-none-eabi/bin/../lib/gcc/arm-none-eabi/6.2.1/v7-a/fpv3/hard/crtbegin.o
 .eh_frame      0x000000000011d30c        0x4 c:/xilinx/sdk/2017.2/gnu/aarch32/nt/gcc-arm-none-eabi/bin/../lib/gcc/arm-none-eabi/6.2.1/v7-a/fpv3/hard/crtend.o

.eh_framehdr    0x000000000011d310        0x0
                0x000000000011d310                __eh_framehdr_start = .
 *(.eh_framehdr)
                0x000000000011d310                __eh_framehdr_end = .

.gcc_except_table
 *(.gcc_except_table)

.mmu_tbl        0x0000000000120000     0x4000
                0x0000000000120000                __mmu_tbl_start = .
 *(.mmu_tbl)
 .mmu_tbl       0x0000000000120000     0x4000 ../../slave_bsp/ps7_cortexa9_1/lib\libxil.a(translation_table.o)
                0x0000000000120000                MMUTable
                0x0000000000124000                __mmu_tbl_end = .

.ARM.exidx      0x0000000000124000        0x8
                0x0000000000124000                __exidx_start = .
 *(.ARM.exidx*)
 .ARM.exidx     0x0000000000124000        0x8 c:/xilinx/sdk/2017.2/gnu/aarch32/nt/gcc-arm-none-eabi/bin/../lib/gcc/arm-none-eabi/6.2.1/v7-a/fpv3/hard\libgcc.a(_udivmoddi4.o)
 *(.gnu.linkonce.armexidix.*.*)
                0x0000000000124008                __exidx_end = .

.rel.dyn        0x0000000000124008        0x0
 .rel.iplt      0x0000000000124008        0x0 c:/xilinx/sdk/2017.2/gnu/aarch32/nt/gcc-arm-none-eabi/bin/../lib/gcc/arm-none-eabi/6.2.1/v7-a/fpv3/hard/crtbegin.o

.preinit_array  0x0000000000124008        0x0
                0x0000000000124008                __preinit_array_start = .
 *(SORT(.preinit_array.*))
 *(.preinit_array)
                0x0000000000124008                __preinit_array_end = .

.init_array     0x0000000000124008        0x4
                0x0000000000124008                __init_array_start = .
 *(SORT(.init_array.*))
 *(.init_array)
 .init_array    0x0000000000124008        0x4 c:/xilinx/sdk/2017.2/gnu/aarch32/nt/gcc-arm-none-eabi/bin/../lib/gcc/arm-none-eabi/6.2.1/v7-a/fpv3/hard/crtbegin.o
                0x000000000012400c                __init_array_end = .

.fini_array     0x000000000012400c        0x4
                0x000000000012400c                __fini_array_start = .
 *(SORT(.fini_array.*))
 *(.fini_array)
 .fini_array    0x000000000012400c        0x4 c:/xilinx/sdk/2017.2/gnu/aarch32/nt/gcc-arm-none-eabi/bin/../lib/gcc/arm-none-eabi/6.2.1/v7-a/fpv3/hard/crtbegin.o
                0x0000000000124010                __fini_array_end = .

.ARM.attributes
                0x0000000000124010       0x33
                0x0000000000124010                __ARM.attributes_start = .
 *(.ARM.attributes)
 .ARM.attributes
                0x0000000000124010       0x21 c:/xilinx/sdk/2017.2/gnu/aarch32/nt/gcc-arm-none-eabi/bin/../lib/gcc/arm-none-eabi/6.2.1/v7-a/fpv3/hard/crti.o
 .ARM.attributes
                0x0000000000124031       0x33 c:/xilinx/sdk/2017.2/gnu/aarch32/nt/gcc-arm-none-eabi/bin/../lib/gcc/arm-none-eabi/6.2.1/v7-a/fpv3/hard/crtbegin.o
 .ARM.attributes
                0x0000000000124064       0x3d ./src/echo_test.o
 .ARM.attributes
                0x00000000001240a1       0x3d ./src/helper.o
 .ARM.attributes
                0x00000000001240de       0x3d ./src/platform_info.o
 .ARM.attributes
                0x000000000012411b       0x3d ./src/rsc_table.o
 .ARM.attributes
                0x0000000000124158       0x3d ../../slave_bsp/ps7_cortexa9_1/lib\libxil.a(xscugic.o)
 .ARM.attributes
                0x0000000000124195       0x3d ../../slave_bsp/ps7_cortexa9_1/lib\libxil.a(xscugic_intr.o)
 .ARM.attributes
                0x00000000001241d2       0x3d ../../slave_bsp/ps7_cortexa9_1/lib\libxil.a(xscugic_sinit.o)
 .ARM.attributes
                0x000000000012420f       0x29 ../../slave_bsp/ps7_cortexa9_1/lib\libxil.a(asm_vectors.o)
 .ARM.attributes
                0x0000000000124238       0x29 ../../slave_bsp/ps7_cortexa9_1/lib\libxil.a(boot.o)
 .ARM.attributes
                0x0000000000124261       0x29 ../../slave_bsp/ps7_cortexa9_1/lib\libxil.a(translation_table.o)
 .ARM.attributes
                0x000000000012428a       0x3d ../../slave_bsp/ps7_cortexa9_1/lib\libxil.a(vectors.o)
 .ARM.attributes
                0x00000000001242c7       0x29 ../../slave_bsp/ps7_cortexa9_1/lib\libxil.a(xil-crt0.o)
 .ARM.attributes
                0x00000000001242f0       0x3d ../../slave_bsp/ps7_cortexa9_1/lib\libxil.a(xil_assert.o)
 .ARM.attributes
                0x000000000012432d       0x3d ../../slave_bsp/ps7_cortexa9_1/lib\libxil.a(xil_cache.o)
 .ARM.attributes
                0x000000000012436a       0x3d ../../slave_bsp/ps7_cortexa9_1/lib\libxil.a(xil_exception.o)
 .ARM.attributes
                0x00000000001243a7       0x3d ../../slave_bsp/ps7_cortexa9_1/lib\libxil.a(xil_printf.o)
 .ARM.attributes
                0x00000000001243e4       0x3d ../../slave_bsp/ps7_cortexa9_1/lib\libxil.a(xscugic_g.o)
 .ARM.attributes
                0x0000000000124421       0x29 ../../slave_bsp/ps7_cortexa9_1/lib\libxil.a(cpu_init.o)
 .ARM.attributes
                0x000000000012444a       0x3d ../../slave_bsp/ps7_cortexa9_1/lib\libxil.a(outbyte.o)
 .ARM.attributes
                0x0000000000124487       0x3d ../../slave_bsp/ps7_cortexa9_1/lib\libxil.a(xuartps_hw.o)
 .ARM.attributes
                0x00000000001244c4       0x21 c:/xilinx/sdk/2017.2/gnu/aarch32/nt/gcc-arm-none-eabi/bin/../lib/gcc/arm-none-eabi/6.2.1/v7-a/fpv3/hard\libgcc.a(_udivsi3.o)
 .ARM.attributes
                0x00000000001244e5       0x21 c:/xilinx/sdk/2017.2/gnu/aarch32/nt/gcc-arm-none-eabi/bin/../lib/gcc/arm-none-eabi/6.2.1/v7-a/fpv3/hard\libgcc.a(_dvmd_tls.o)
 .ARM.attributes
                0x0000000000124506       0x33 c:/xilinx/sdk/2017.2/gnu/aarch32/nt/gcc-arm-none-eabi/bin/../arm-none-eabi/libc/usr/lib/v7-a/fpv3/hard\libc.a(lib_a-ctype_.o)
 .ARM.attributes
                0x0000000000124539       0x33 c:/xilinx/sdk/2017.2/gnu/aarch32/nt/gcc-arm-none-eabi/bin/../arm-none-eabi/libc/usr/lib/v7-a/fpv3/hard\libc.a(lib_a-exit.o)
 .ARM.attributes
                0x000000000012456c       0x33 c:/xilinx/sdk/2017.2/gnu/aarch32/nt/gcc-arm-none-eabi/bin/../arm-none-eabi/libc/usr/lib/v7-a/fpv3/hard\libc.a(lib_a-fini.o)
 .ARM.attributes
                0x000000000012459f       0x33 c:/xilinx/sdk/2017.2/gnu/aarch32/nt/gcc-arm-none-eabi/bin/../arm-none-eabi/libc/usr/lib/v7-a/fpv3/hard\libc.a(lib_a-impure.o)
 .ARM.attributes
                0x00000000001245d2       0x33 c:/xilinx/sdk/2017.2/gnu/aarch32/nt/gcc-arm-none-eabi/bin/../arm-none-eabi/libc/usr/lib/v7-a/fpv3/hard\libc.a(lib_a-init.o)
 .ARM.attributes
                0x0000000000124605       0x1b c:/xilinx/sdk/2017.2/gnu/aarch32/nt/gcc-arm-none-eabi/bin/../arm-none-eabi/libc/usr/lib/v7-a/fpv3/hard\libc.a(lib_a-strlen.o)
 .ARM.attributes
                0x0000000000124620       0x33 c:/xilinx/sdk/2017.2/gnu/aarch32/nt/gcc-arm-none-eabi/bin/../arm-none-eabi/libc/usr/lib/v7-a/fpv3/hard\libc.a(lib_a-__call_atexit.o)
 .ARM.attributes
                0x0000000000124653       0x3d ../../slave_bsp/ps7_cortexa9_1/lib\libxil.a(_exit.o)
 .ARM.attributes
                0x0000000000124690       0x3d ../../slave_bsp/ps7_cortexa9_1/lib\libmetal.a(init.c.obj)
 .ARM.attributes
                0x00000000001246cd       0x3d ../../slave_bsp/ps7_cortexa9_1/lib\libmetal.a(log.c.obj)
 .ARM.attributes
                0x000000000012470a       0x3d ../../slave_bsp/ps7_cortexa9_1/lib\libmetal.a(init.c.obj)
 .ARM.attributes
                0x0000000000124747       0x3d ../../slave_bsp/ps7_cortexa9_1/lib\libmetal.a(irq.c.obj)
 .ARM.attributes
                0x0000000000124784       0x3d ../../slave_bsp/ps7_cortexa9_1/lib\libmetal.a(sys.c.obj)
 .ARM.attributes
                0x00000000001247c1       0x3d ../../slave_bsp/ps7_cortexa9_1/lib\libopen_amp.a(hil.c.obj)
 .ARM.attributes
                0x00000000001247fe       0x3d ../../slave_bsp/ps7_cortexa9_1/lib\libopen_amp.a(firmware.c.obj)
 .ARM.attributes
                0x000000000012483b       0x3d ../../slave_bsp/ps7_cortexa9_1/lib\libopen_amp.a(virtqueue.c.obj)
 .ARM.attributes
                0x0000000000124878       0x3d ../../slave_bsp/ps7_cortexa9_1/lib\libopen_amp.a(rpmsg.c.obj)
 .ARM.attributes
                0x00000000001248b5       0x3d ../../slave_bsp/ps7_cortexa9_1/lib\libopen_amp.a(rpmsg_core.c.obj)
 .ARM.attributes
                0x00000000001248f2       0x3d ../../slave_bsp/ps7_cortexa9_1/lib\libopen_amp.a(remoteproc.c.obj)
 .ARM.attributes
                0x000000000012492f       0x3d ../../slave_bsp/ps7_cortexa9_1/lib\libopen_amp.a(remoteproc_loader.c.obj)
 .ARM.attributes
                0x000000000012496c       0x3d ../../slave_bsp/ps7_cortexa9_1/lib\libopen_amp.a(rsc_table_parser.c.obj)
 .ARM.attributes
                0x00000000001249a9       0x3d ../../slave_bsp/ps7_cortexa9_1/lib\libopen_amp.a(zynq_remoteproc_a9.c.obj)
 .ARM.attributes
                0x00000000001249e6       0x3d ../../slave_bsp/ps7_cortexa9_1/lib\libopen_amp.a(sh_mem.c.obj)
 .ARM.attributes
                0x0000000000124a23       0x3d ../../slave_bsp/ps7_cortexa9_1/lib\libopen_amp.a(remote_device.c.obj)
 .ARM.attributes
                0x0000000000124a60       0x3d ../../slave_bsp/ps7_cortexa9_1/lib\libopen_amp.a(elf_loader.c.obj)
 .ARM.attributes
                0x0000000000124a9d       0x21 c:/xilinx/sdk/2017.2/gnu/aarch32/nt/gcc-arm-none-eabi/bin/../lib/gcc/arm-none-eabi/6.2.1/v7-a/fpv3/hard\libgcc.a(_divsi3.o)
 .ARM.attributes
                0x0000000000124abe       0x33 c:/xilinx/sdk/2017.2/gnu/aarch32/nt/gcc-arm-none-eabi/bin/../arm-none-eabi/libc/usr/lib/v7-a/fpv3/hard\libc.a(lib_a-assert.o)
 .ARM.attributes
                0x0000000000124af1       0x33 c:/xilinx/sdk/2017.2/gnu/aarch32/nt/gcc-arm-none-eabi/bin/../arm-none-eabi/libc/usr/lib/v7-a/fpv3/hard\libc.a(lib_a-fiprintf.o)
 .ARM.attributes
                0x0000000000124b24       0x33 c:/xilinx/sdk/2017.2/gnu/aarch32/nt/gcc-arm-none-eabi/bin/../arm-none-eabi/libc/usr/lib/v7-a/fpv3/hard\libc.a(lib_a-malloc.o)
 .ARM.attributes
                0x0000000000124b57       0x33 c:/xilinx/sdk/2017.2/gnu/aarch32/nt/gcc-arm-none-eabi/bin/../arm-none-eabi/libc/usr/lib/v7-a/fpv3/hard\libc.a(lib_a-mallocr.o)
 .ARM.attributes
                0x0000000000124b8a       0x1b c:/xilinx/sdk/2017.2/gnu/aarch32/nt/gcc-arm-none-eabi/bin/../arm-none-eabi/libc/usr/lib/v7-a/fpv3/hard\libc.a(lib_a-memcpy.o)
 .ARM.attributes
                0x0000000000124ba5       0x33 c:/xilinx/sdk/2017.2/gnu/aarch32/nt/gcc-arm-none-eabi/bin/../arm-none-eabi/libc/usr/lib/v7-a/fpv3/hard\libc.a(lib_a-memset.o)
 .ARM.attributes
                0x0000000000124bd8       0x33 c:/xilinx/sdk/2017.2/gnu/aarch32/nt/gcc-arm-none-eabi/bin/../arm-none-eabi/libc/usr/lib/v7-a/fpv3/hard\libc.a(lib_a-mlock.o)
 .ARM.attributes
                0x0000000000124c0b       0x33 c:/xilinx/sdk/2017.2/gnu/aarch32/nt/gcc-arm-none-eabi/bin/../arm-none-eabi/libc/usr/lib/v7-a/fpv3/hard\libc.a(lib_a-printf.o)
 .ARM.attributes
                0x0000000000124c3e       0x33 c:/xilinx/sdk/2017.2/gnu/aarch32/nt/gcc-arm-none-eabi/bin/../arm-none-eabi/libc/usr/lib/v7-a/fpv3/hard\libc.a(lib_a-sbrkr.o)
 .ARM.attributes
                0x0000000000124c71       0x1f c:/xilinx/sdk/2017.2/gnu/aarch32/nt/gcc-arm-none-eabi/bin/../arm-none-eabi/libc/usr/lib/v7-a/fpv3/hard\libc.a(lib_a-strcmp.o)
 .ARM.attributes
                0x0000000000124c90       0x33 c:/xilinx/sdk/2017.2/gnu/aarch32/nt/gcc-arm-none-eabi/bin/../arm-none-eabi/libc/usr/lib/v7-a/fpv3/hard\libc.a(lib_a-strcpy.o)
 .ARM.attributes
                0x0000000000124cc3       0x33 c:/xilinx/sdk/2017.2/gnu/aarch32/nt/gcc-arm-none-eabi/bin/../arm-none-eabi/libc/usr/lib/v7-a/fpv3/hard\libc.a(lib_a-strncmp.o)
 .ARM.attributes
                0x0000000000124cf6       0x33 c:/xilinx/sdk/2017.2/gnu/aarch32/nt/gcc-arm-none-eabi/bin/../arm-none-eabi/libc/usr/lib/v7-a/fpv3/hard\libc.a(lib_a-strncpy.o)
 .ARM.attributes
                0x0000000000124d29       0x33 c:/xilinx/sdk/2017.2/gnu/aarch32/nt/gcc-arm-none-eabi/bin/../arm-none-eabi/libc/usr/lib/v7-a/fpv3/hard\libc.a(lib_a-vfiprintf.o)
 .ARM.attributes
                0x0000000000124d5c       0x33 c:/xilinx/sdk/2017.2/gnu/aarch32/nt/gcc-arm-none-eabi/bin/../arm-none-eabi/libc/usr/lib/v7-a/fpv3/hard\libc.a(lib_a-vfprintf.o)
 .ARM.attributes
                0x0000000000124d8f       0x33 c:/xilinx/sdk/2017.2/gnu/aarch32/nt/gcc-arm-none-eabi/bin/../arm-none-eabi/libc/usr/lib/v7-a/fpv3/hard\libc.a(lib_a-wcrtomb.o)
 .ARM.attributes
                0x0000000000124dc2       0x33 c:/xilinx/sdk/2017.2/gnu/aarch32/nt/gcc-arm-none-eabi/bin/../arm-none-eabi/libc/usr/lib/v7-a/fpv3/hard\libc.a(lib_a-wcsrtombs.o)
 .ARM.attributes
                0x0000000000124df5       0x33 c:/xilinx/sdk/2017.2/gnu/aarch32/nt/gcc-arm-none-eabi/bin/../arm-none-eabi/libc/usr/lib/v7-a/fpv3/hard\libc.a(lib_a-wctomb_r.o)
 .ARM.attributes
                0x0000000000124e28       0x33 c:/xilinx/sdk/2017.2/gnu/aarch32/nt/gcc-arm-none-eabi/bin/../arm-none-eabi/libc/usr/lib/v7-a/fpv3/hard\libc.a(lib_a-wsetup.o)
 .ARM.attributes
                0x0000000000124e5b       0x33 c:/xilinx/sdk/2017.2/gnu/aarch32/nt/gcc-arm-none-eabi/bin/../arm-none-eabi/libc/usr/lib/v7-a/fpv3/hard\libc.a(lib_a-abort.o)
 .ARM.attributes
                0x0000000000124e8e       0x33 c:/xilinx/sdk/2017.2/gnu/aarch32/nt/gcc-arm-none-eabi/bin/../arm-none-eabi/libc/usr/lib/v7-a/fpv3/hard\libc.a(lib_a-dtoa.o)
 .ARM.attributes
                0x0000000000124ec1       0x33 c:/xilinx/sdk/2017.2/gnu/aarch32/nt/gcc-arm-none-eabi/bin/../arm-none-eabi/libc/usr/lib/v7-a/fpv3/hard\libc.a(lib_a-fflush.o)
 .ARM.attributes
                0x0000000000124ef4       0x33 c:/xilinx/sdk/2017.2/gnu/aarch32/nt/gcc-arm-none-eabi/bin/../arm-none-eabi/libc/usr/lib/v7-a/fpv3/hard\libc.a(lib_a-findfp.o)
 .ARM.attributes
                0x0000000000124f27       0x33 c:/xilinx/sdk/2017.2/gnu/aarch32/nt/gcc-arm-none-eabi/bin/../arm-none-eabi/libc/usr/lib/v7-a/fpv3/hard\libc.a(lib_a-fputwc.o)
 .ARM.attributes
                0x0000000000124f5a       0x33 c:/xilinx/sdk/2017.2/gnu/aarch32/nt/gcc-arm-none-eabi/bin/../arm-none-eabi/libc/usr/lib/v7-a/fpv3/hard\libc.a(lib_a-freer.o)
 .ARM.attributes
                0x0000000000124f8d       0x33 c:/xilinx/sdk/2017.2/gnu/aarch32/nt/gcc-arm-none-eabi/bin/../arm-none-eabi/libc/usr/lib/v7-a/fpv3/hard\libc.a(lib_a-fvwrite.o)
 .ARM.attributes
                0x0000000000124fc0       0x33 c:/xilinx/sdk/2017.2/gnu/aarch32/nt/gcc-arm-none-eabi/bin/../arm-none-eabi/libc/usr/lib/v7-a/fpv3/hard\libc.a(lib_a-fwalk.o)
 .ARM.attributes
                0x0000000000124ff3       0x33 c:/xilinx/sdk/2017.2/gnu/aarch32/nt/gcc-arm-none-eabi/bin/../arm-none-eabi/libc/usr/lib/v7-a/fpv3/hard\libc.a(lib_a-locale.o)
 .ARM.attributes
                0x0000000000125026       0x33 c:/xilinx/sdk/2017.2/gnu/aarch32/nt/gcc-arm-none-eabi/bin/../arm-none-eabi/libc/usr/lib/v7-a/fpv3/hard\libc.a(lib_a-makebuf.o)
 .ARM.attributes
                0x0000000000125059       0x33 c:/xilinx/sdk/2017.2/gnu/aarch32/nt/gcc-arm-none-eabi/bin/../arm-none-eabi/libc/usr/lib/v7-a/fpv3/hard\libc.a(lib_a-mbtowc_r.o)
 .ARM.attributes
                0x000000000012508c       0x1d c:/xilinx/sdk/2017.2/gnu/aarch32/nt/gcc-arm-none-eabi/bin/../arm-none-eabi/libc/usr/lib/v7-a/fpv3/hard\libc.a(lib_a-memchr.o)
 .ARM.attributes
                0x00000000001250a9       0x33 c:/xilinx/sdk/2017.2/gnu/aarch32/nt/gcc-arm-none-eabi/bin/../arm-none-eabi/libc/usr/lib/v7-a/fpv3/hard\libc.a(lib_a-memmove.o)
 .ARM.attributes
                0x00000000001250dc       0x33 c:/xilinx/sdk/2017.2/gnu/aarch32/nt/gcc-arm-none-eabi/bin/../arm-none-eabi/libc/usr/lib/v7-a/fpv3/hard\libc.a(lib_a-mprec.o)
 .ARM.attributes
                0x000000000012510f       0x33 c:/xilinx/sdk/2017.2/gnu/aarch32/nt/gcc-arm-none-eabi/bin/../arm-none-eabi/libc/usr/lib/v7-a/fpv3/hard\libc.a(lib_a-reallocr.o)
 .ARM.attributes
                0x0000000000125142       0x33 c:/xilinx/sdk/2017.2/gnu/aarch32/nt/gcc-arm-none-eabi/bin/../arm-none-eabi/libc/usr/lib/v7-a/fpv3/hard\libc.a(lib_a-reent.o)
 .ARM.attributes
                0x0000000000125175       0x33 c:/xilinx/sdk/2017.2/gnu/aarch32/nt/gcc-arm-none-eabi/bin/../arm-none-eabi/libc/usr/lib/v7-a/fpv3/hard\libc.a(lib_a-s_frexp.o)
 .ARM.attributes
                0x00000000001251a8       0x33 c:/xilinx/sdk/2017.2/gnu/aarch32/nt/gcc-arm-none-eabi/bin/../arm-none-eabi/libc/usr/lib/v7-a/fpv3/hard\libc.a(lib_a-signal.o)
 .ARM.attributes
                0x00000000001251db       0x33 c:/xilinx/sdk/2017.2/gnu/aarch32/nt/gcc-arm-none-eabi/bin/../arm-none-eabi/libc/usr/lib/v7-a/fpv3/hard\libc.a(lib_a-signalr.o)
 .ARM.attributes
                0x000000000012520e       0x33 c:/xilinx/sdk/2017.2/gnu/aarch32/nt/gcc-arm-none-eabi/bin/../arm-none-eabi/libc/usr/lib/v7-a/fpv3/hard\libc.a(lib_a-stdio.o)
 .ARM.attributes
                0x0000000000125241       0x33 c:/xilinx/sdk/2017.2/gnu/aarch32/nt/gcc-arm-none-eabi/bin/../arm-none-eabi/libc/usr/lib/v7-a/fpv3/hard\libc.a(lib_a-strcasecmp.o)
 .ARM.attributes