Archive member included to satisfy reference by file (symbol)

../../slave_bsp/ps7_cortexa9_1/lib\libxil.a(xscugic.o)
                              ./src/helper.o (XScuGic_Connect)
../../slave_bsp/ps7_cortexa9_1/lib\libxil.a(xscugic_intr.o)
                              ./src/helper.o (XScuGic_InterruptHandler)
../../slave_bsp/ps7_cortexa9_1/lib\libxil.a(xscugic_sinit.o)
                              ./src/helper.o (XScuGic_LookupConfig)
../../slave_bsp/ps7_cortexa9_1/lib\libxil.a(asm_vectors.o)
                              (_vector_table)
../../slave_bsp/ps7_cortexa9_1/lib\libxil.a(boot.o)
                              ../../slave_bsp/ps7_cortexa9_1/lib\libxil.a(asm_vectors.o) (_boot)
../../slave_bsp/ps7_cortexa9_1/lib\libxil.a(translation_table.o)
                              ../../slave_bsp/ps7_cortexa9_1/lib\libxil.a(boot.o) (MMUTable)
../../slave_bsp/ps7_cortexa9_1/lib\libxil.a(vectors.o)
                              ../../slave_bsp/ps7_cortexa9_1/lib\libxil.a(asm_vectors.o) (FIQInterrupt)
../../slave_bsp/ps7_cortexa9_1/lib\libxil.a(xil-crt0.o)
                              ../../slave_bsp/ps7_cortexa9_1/lib\libxil.a(boot.o) (_start)
../../slave_bsp/ps7_cortexa9_1/lib\libxil.a(xil_assert.o)
                              ../../slave_bsp/ps7_cortexa9_1/lib\libxil.a(xscugic.o) (Xil_Assert)
../../slave_bsp/ps7_cortexa9_1/lib\libxil.a(xil_cache.o)
                              ./src/helper.o (Xil_ICacheInvalidate)
../../slave_bsp/ps7_cortexa9_1/lib\libxil.a(xil_exception.o)
                              ./src/helper.o (Xil_ExceptionRegisterHandler)
../../slave_bsp/ps7_cortexa9_1/lib\libxil.a(xil_printf.o)
                              ./src/rpc_demo.o (xil_printf)
../../slave_bsp/ps7_cortexa9_1/lib\libxil.a(xscugic_g.o)
                              ../../slave_bsp/ps7_cortexa9_1/lib\libxil.a(xscugic_sinit.o) (XScuGic_ConfigTable)
../../slave_bsp/ps7_cortexa9_1/lib\libxil.a(cpu_init.o)
                              ../../slave_bsp/ps7_cortexa9_1/lib\libxil.a(xil-crt0.o) (__cpu_init)
../../slave_bsp/ps7_cortexa9_1/lib\libxil.a(outbyte.o)
                              ../../slave_bsp/ps7_cortexa9_1/lib\libxil.a(xil_printf.o) (outbyte)
../../slave_bsp/ps7_cortexa9_1/lib\libxil.a(xuartps_hw.o)
                              ../../slave_bsp/ps7_cortexa9_1/lib\libxil.a(outbyte.o) (XUartPs_SendByte)
c:/xilinx/sdk/2017.2/gnu/aarch32/nt/gcc-arm-none-eabi/bin/../lib/gcc/arm-none-eabi/6.2.1/v7-a/fpv3/hard\libgcc.a(_udivsi3.o)
                              ../../slave_bsp/ps7_cortexa9_1/lib\libxil.a(xil_cache.o) (__aeabi_uidiv)
c:/xilinx/sdk/2017.2/gnu/aarch32/nt/gcc-arm-none-eabi/bin/../lib/gcc/arm-none-eabi/6.2.1/v7-a/fpv3/hard\libgcc.a(_dvmd_tls.o)
                              c:/xilinx/sdk/2017.2/gnu/aarch32/nt/gcc-arm-none-eabi/bin/../lib/gcc/arm-none-eabi/6.2.1/v7-a/fpv3/hard\libgcc.a(_udivsi3.o) (__aeabi_idiv0)
c:/xilinx/sdk/2017.2/gnu/aarch32/nt/gcc-arm-none-eabi/bin/../arm-none-eabi/libc/usr/lib/v7-a/fpv3/hard\libc.a(lib_a-ctype_.o)
                              ../../slave_bsp/ps7_cortexa9_1/lib\libxil.a(xil_printf.o) (__ctype_ptr__)
c:/xilinx/sdk/2017.2/gnu/aarch32/nt/gcc-arm-none-eabi/bin/../arm-none-eabi/libc/usr/lib/v7-a/fpv3/hard\libc.a(lib_a-exit.o)
                              ../../slave_bsp/ps7_cortexa9_1/lib\libxil.a(xil-crt0.o) (exit)
c:/xilinx/sdk/2017.2/gnu/aarch32/nt/gcc-arm-none-eabi/bin/../arm-none-eabi/libc/usr/lib/v7-a/fpv3/hard\libc.a(lib_a-fini.o)
                              ../../slave_bsp/ps7_cortexa9_1/lib\libxil.a(xil-crt0.o) (__libc_fini_array)
c:/xilinx/sdk/2017.2/gnu/aarch32/nt/gcc-arm-none-eabi/bin/../arm-none-eabi/libc/usr/lib/v7-a/fpv3/hard\libc.a(lib_a-impure.o)
                              c:/xilinx/sdk/2017.2/gnu/aarch32/nt/gcc-arm-none-eabi/bin/../arm-none-eabi/libc/usr/lib/v7-a/fpv3/hard\libc.a(lib_a-exit.o) (_global_impure_ptr)
c:/xilinx/sdk/2017.2/gnu/aarch32/nt/gcc-arm-none-eabi/bin/../arm-none-eabi/libc/usr/lib/v7-a/fpv3/hard\libc.a(lib_a-init.o)
                              ../../slave_bsp/ps7_cortexa9_1/lib\libxil.a(xil-crt0.o) (__libc_init_array)
c:/xilinx/sdk/2017.2/gnu/aarch32/nt/gcc-arm-none-eabi/bin/../arm-none-eabi/libc/usr/lib/v7-a/fpv3/hard\libc.a(lib_a-printf.o)
                              ./src/rpc_demo.o (printf)
c:/xilinx/sdk/2017.2/gnu/aarch32/nt/gcc-arm-none-eabi/bin/../arm-none-eabi/libc/usr/lib/v7-a/fpv3/hard\libc.a(lib_a-puts.o)
                              ./src/rpc_demo.o (puts)
c:/xilinx/sdk/2017.2/gnu/aarch32/nt/gcc-arm-none-eabi/bin/../arm-none-eabi/libc/usr/lib/v7-a/fpv3/hard\libc.a(lib_a-scanf.o)
                              ./src/rpc_demo.o (scanf)
c:/xilinx/sdk/2017.2/gnu/aarch32/nt/gcc-arm-none-eabi/bin/../arm-none-eabi/libc/usr/lib/v7-a/fpv3/hard\libc.a(lib_a-strcmp.o)
                              ./src/rpc_demo.o (strcmp)
c:/xilinx/sdk/2017.2/gnu/aarch32/nt/gcc-arm-none-eabi/bin/../arm-none-eabi/libc/usr/lib/v7-a/fpv3/hard\libc.a(lib_a-strlen.o)
                              ./src/rpc_demo.o (strlen)
[...]
Memory Configuration

Name             Origin             Length             Attributes
ps7_ddr_0_S_AXI_BASEADDR 0x0000000000100000 0x0000000000100000
ps7_ram_0_S_AXI_BASEADDR 0x0000000000000000 0x0000000000030000
ps7_ram_1_S_AXI_BASEADDR 0x00000000ffff0000 0x000000000000fe00
*default*        0x0000000000000000 0xffffffffffffffff

Linker script and memory map

LOAD c:/xilinx/sdk/2017.2/gnu/aarch32/nt/gcc-arm-none-eabi/bin/../lib/gcc/arm-none-eabi/6.2.1/v7-a/fpv3/hard/crti.o
LOAD c:/xilinx/sdk/2017.2/gnu/aarch32/nt/gcc-arm-none-eabi/bin/../lib/gcc/arm-none-eabi/6.2.1/v7-a/fpv3/hard/crtbegin.o
                0x0000000000002000                _STACK_SIZE = DEFINED (_STACK_SIZE)?_STACK_SIZE:0x2000
                0x0000000000004000                _HEAP_SIZE = DEFINED (_HEAP_SIZE)?_HEAP_SIZE:0x4000
                0x0000000000000400                _ABORT_STACK_SIZE = DEFINED (_ABORT_STACK_SIZE)?_ABORT_STACK_SIZE:0x400
                0x0000000000000800                _SUPERVISOR_STACK_SIZE = DEFINED (_SUPERVISOR_STACK_SIZE)?_SUPERVISOR_STACK_SIZE:0x800
                0x0000000000001000                _IRQ_STACK_SIZE = DEFINED (_IRQ_STACK_SIZE)?_IRQ_STACK_SIZE:0x1000
                0x0000000000000400                _FIQ_STACK_SIZE = DEFINED (_FIQ_STACK_SIZE)?_FIQ_STACK_SIZE:0x400
                0x0000000000000400                _UNDEF_STACK_SIZE = DEFINED (_UNDEF_STACK_SIZE)?_UNDEF_STACK_SIZE:0x400

.text           0x0000000000100000    0x1d46c
                0x0000000000000000                _binary_firmware1_start = 0x0
                0x0000000000000000                _binary_firmware1_end = 0x0
                0x0000000000000000                _binary_firmware2_start = 0x0
                0x0000000000000000                _binary_firmware2_end = 0x0
 *(.vectors)
 .vectors       0x0000000000100000      0x12c ../../slave_bsp/ps7_cortexa9_1/lib\libxil.a(asm_vectors.o)
                0x0000000000100000                _vector_table
 *(.boot)
 .boot          0x000000000010012c      0x2cc ../../slave_bsp/ps7_cortexa9_1/lib\libxil.a(boot.o)
                0x000000000010012c                _prestart
                0x000000000010012c                _boot
 *(.text)
 .text          0x00000000001003f8        0x0 c:/xilinx/sdk/2017.2/gnu/aarch32/nt/gcc-arm-none-eabi/bin/../lib/gcc/arm-none-eabi/6.2.1/v7-a/fpv3/hard/crti.o
 .text          0x00000000001003f8      0x108 c:/xilinx/sdk/2017.2/gnu/aarch32/nt/gcc-arm-none-eabi/bin/../lib/gcc/arm-none-eabi/6.2.1/v7-a/fpv3/hard/crtbegin.o
 .text          0x0000000000100500      0x17c ./src/helper.o
                0x0000000000100618                init_system
                0x0000000000100658                cleanup_system
 .text          0x000000000010067c       0xc0 ./src/platform_info.o
                0x000000000010067c                platform_create_proc
 .text          0x000000000010073c      0x768 ./src/rpc_demo.o
                0x0000000000100830                app
                0x0000000000100dd8                main
 .text          0x0000000000100ea4       0x38 ./src/rsc_table.o
                0x0000000000100ea4                get_resource_table
 .text          0x0000000000100edc      0x954 ../../slave_bsp/ps7_cortexa9_1/lib\libxil.a(xscugic.o)
                0x0000000000100f2c                XScuGic_Connect
                0x0000000000101004                XScuGic_Disconnect
                0x00000000001010d0                XScuGic_Enable
                0x0000000000101188                XScuGic_Disable
                0x0000000000101240                XScuGic_SoftwareIntr
                0x0000000000101328                XScuGic_SetPriorityTriggerType
                0x0000000000101460                XScuGic_GetPriorityTriggerType
                0x000000000010158c                XScuGic_InterruptMaptoCpu
                0x00000000001015cc                XScuGic_Stop
                0x00000000001016b8                XScuGic_CfgInitialize
                0x00000000001017d0                XScuGic_SetCpuID
                0x0000000000101820                XScuGic_GetCpuID
 .text          0x0000000000101830       0x80 ../../slave_bsp/ps7_cortexa9_1/lib\libxil.a(xscugic_intr.o)
                0x0000000000101830                XScuGic_InterruptHandler
 .text          0x00000000001018b0       0x1c ../../slave_bsp/ps7_cortexa9_1/lib\libxil.a(xscugic_sinit.o)
                0x00000000001018b0                XScuGic_LookupConfig
 .text          0x00000000001018cc        0x0 ../../slave_bsp/ps7_cortexa9_1/lib\libxil.a(asm_vectors.o)
 .text          0x00000000001018cc        0x0 ../../slave_bsp/ps7_cortexa9_1/lib\libxil.a(boot.o)
 .text          0x00000000001018cc        0x0 ../../slave_bsp/ps7_cortexa9_1/lib\libxil.a(translation_table.o)
 .text          0x00000000001018cc       0x78 ../../slave_bsp/ps7_cortexa9_1/lib\libxil.a(vectors.o)
                0x00000000001018cc                FIQInterrupt
                0x00000000001018e0                IRQInterrupt
                0x00000000001018f4                UndefinedException
                0x0000000000101908                SWInterrupt
                0x000000000010191c                DataAbortInterrupt
                0x0000000000101930                PrefetchAbortInterrupt
 .text          0x0000000000101944       0x74 ../../slave_bsp/ps7_cortexa9_1/lib\libxil.a(xil-crt0.o)
                0x0000000000101958                _start
 .text          0x00000000001019b8       0x60 ../../slave_bsp/ps7_cortexa9_1/lib\libxil.a(xil_assert.o)
                0x00000000001019b8                Xil_Assert
                0x0000000000101a04                Xil_AssertSetCallback
                0x0000000000101a14                XNullHandler
 .text          0x0000000000101a18      0x558 ../../slave_bsp/ps7_cortexa9_1/lib\libxil.a(xil_cache.o)
                0x0000000000101a18                Xil_DCacheInvalidateLine
                0x0000000000101a40                Xil_DCacheInvalidateRange
                0x0000000000101ac0                Xil_DCacheFlushLine
                0x0000000000101ae8                Xil_DCacheFlushRange
                0x0000000000101b28                Xil_DCacheStoreLine
                0x0000000000101b50                Xil_ICacheEnable
                0x0000000000101b6c                Xil_ICacheInvalidate
                0x0000000000101b94                Xil_ICacheInvalidateLine
                0x0000000000101bbc                Xil_ICacheInvalidateRange
                0x0000000000101c04                Xil_L1DCacheInvalidate
                0x0000000000101cdc                Xil_DCacheInvalidate
                0x0000000000101cf8                Xil_L1DCacheEnable
                0x0000000000101d18                Xil_DCacheEnable
                0x0000000000101d1c                Xil_L1DCacheInvalidateLine
                0x0000000000101d34                Xil_L1DCacheInvalidateRange
                0x0000000000101d7c                Xil_L1DCacheFlush
                0x0000000000101e0c                Xil_DCacheFlush
                0x0000000000101e28                Xil_L1DCacheDisable
                0x0000000000101e40                Xil_DCacheDisable
                0x0000000000101e44                Xil_L1DCacheFlushLine
                0x0000000000101e5c                Xil_L1DCacheFlushRange
                0x0000000000101ea4                Xil_L1DCacheStoreLine
                0x0000000000101ebc                Xil_L1ICacheEnable
                0x0000000000101ed8                Xil_L1ICacheDisable
                0x0000000000101ef4                Xil_ICacheDisable
                0x0000000000101ef8                Xil_L1ICacheInvalidate
                0x0000000000101f10                Xil_L1ICacheInvalidateLine
                0x0000000000101f28                Xil_L1ICacheInvalidateRange
 .text          0x0000000000101f70       0x50 ../../slave_bsp/ps7_cortexa9_1/lib\libxil.a(xil_exception.o)
                0x0000000000101f74                Xil_DataAbortHandler
                0x0000000000101f78                Xil_PrefetchAbortHandler
                0x0000000000101f7c                Xil_UndefinedExceptionHandler
                0x0000000000101f80                Xil_ExceptionInit
                0x0000000000101f84                Xil_ExceptionRegisterHandler
                0x0000000000101f9c                Xil_ExceptionRemoveHandler
 .text          0x0000000000101fc0      0x68c ../../slave_bsp/ps7_cortexa9_1/lib\libxil.a(xil_printf.o)
                0x00000000001021c8                xil_printf
 .text          0x000000000010264c        0x0 ../../slave_bsp/ps7_cortexa9_1/lib\libxil.a(xscugic_g.o)
 .text          0x000000000010264c       0x3c ../../slave_bsp/ps7_cortexa9_1/lib\libxil.a(cpu_init.o)
                0x000000000010264c                __cpu_init
 .text          0x0000000000102688       0x10 ../../slave_bsp/ps7_cortexa9_1/lib\libxil.a(outbyte.o)
                0x0000000000102688                outbyte
 .text          0x0000000000102698       0x88 ../../slave_bsp/ps7_cortexa9_1/lib\libxil.a(xuartps_hw.o)
                0x0000000000102698                XUartPs_SendByte
                0x00000000001026b0                XUartPs_RecvByte
                0x00000000001026cc                XUartPs_ResetHw
 .text          0x0000000000102720      0x20c c:/xilinx/sdk/2017.2/gnu/aarch32/nt/gcc-arm-none-eabi/bin/../lib/gcc/arm-none-eabi/6.2.1/v7-a/fpv3/hard\libgcc.a(_udivsi3.o)
                0x0000000000102720                __aeabi_uidiv
                0x0000000000102720                __udivsi3
                0x000000000010290c                __aeabi_uidivmod
 .text          0x000000000010292c        0x4 c:/xilinx/sdk/2017.2/gnu/aarch32/nt/gcc-arm-none-eabi/bin/../lib/gcc/arm-none-eabi/6.2.1/v7-a/fpv3/hard\libgcc.a(_dvmd_tls.o)
                0x000000000010292c                __aeabi_idiv0
                0x000000000010292c                __aeabi_ldiv0
 .text          0x0000000000102930       0x18 c:/xilinx/sdk/2017.2/gnu/aarch32/nt/gcc-arm-none-eabi/bin/../arm-none-eabi/libc/usr/lib/v7-a/fpv3/hard\libc.a(lib_a-ctype_.o)
                0x0000000000102930                __set_ctype
 .text          0x0000000000102948       0x34 c:/xilinx/sdk/2017.2/gnu/aarch32/nt/gcc-arm-none-eabi/bin/../arm-none-eabi/libc/usr/lib/v7-a/fpv3/hard\libc.a(lib_a-exit.o)
                0x0000000000102948                exit
 .text          0x000000000010297c       0x40 c:/xilinx/sdk/2017.2/gnu/aarch32/nt/gcc-arm-none-eabi/bin/../arm-none-eabi/libc/usr/lib/v7-a/fpv3/hard\libc.a(lib_a-fini.o)
                0x000000000010297c                __libc_fini_array
 .text          0x00000000001029bc        0x0 c:/xilinx/sdk/2017.2/gnu/aarch32/nt/gcc-arm-none-eabi/bin/../arm-none-eabi/libc/usr/lib/v7-a/fpv3/hard\libc.a(lib_a-impure.o)
 .text          0x00000000001029bc       0x78 c:/xilinx/sdk/2017.2/gnu/aarch32/nt/gcc-arm-none-eabi/bin/../arm-none-eabi/libc/usr/lib/v7-a/fpv3/hard\libc.a(lib_a-init.o)
                0x00000000001029bc                __libc_init_array
 .text          0x0000000000102a34       0x74 c:/xilinx/sdk/2017.2/gnu/aarch32/nt/gcc-arm-none-eabi/bin/../arm-none-eabi/libc/usr/lib/v7-a/fpv3/hard\libc.a(lib_a-printf.o)
                0x0000000000102a34                _printf_r
                0x0000000000102a68                printf
 .text          0x0000000000102aa8       0xb8 c:/xilinx/sdk/2017.2/gnu/aarch32/nt/gcc-arm-none-eabi/bin/../arm-none-eabi/libc/usr/lib/v7-a/fpv3/hard\libc.a(lib_a-puts.o)
                0x0000000000102aa8                _puts_r
                0x0000000000102b4c                puts
 .text          0x0000000000102b60       0x74 c:/xilinx/sdk/2017.2/gnu/aarch32/nt/gcc-arm-none-eabi/bin/../arm-none-eabi/libc/usr/lib/v7-a/fpv3/hard\libc.a(lib_a-scanf.o)
                0x0000000000102b60                scanf
                0x0000000000102ba0                _scanf_r
 *fill*         0x0000000000102bd4        0xc 
 .text          0x0000000000102be0      0x2dc c:/xilinx/sdk/2017.2/gnu/aarch32/nt/gcc-arm-none-eabi/bin/../arm-none-eabi/libc/usr/lib/v7-a/fpv3/hard\libc.a(lib_a-strcmp.o)
                0x0000000000102be8                strcmp
 *fill*         0x0000000000102ebc        0x4 
 .text          0x0000000000102ec0       0xdc c:/xilinx/sdk/2017.2/gnu/aarch32/nt/gcc-arm-none-eabi/bin/../arm-none-eabi/libc/usr/lib/v7-a/fpv3/hard\libc.a(lib_a-strlen.o)
                0x0000000000102ec0                strlen
 .text          0x0000000000102f9c       0x14 c:/xilinx/sdk/2017.2/gnu/aarch32/nt/gcc-arm-none-eabi/bin/../arm-none-eabi/libc/usr/lib/v7-a/fpv3/hard\libc.a(lib_a-sysclose.o)
                0x0000000000102f9c                close
 .text          0x0000000000102fb0       0x40 c:/xilinx/sdk/2017.2/gnu/aarch32/nt/gcc-arm-none-eabi/bin/../arm-none-eabi/libc/usr/lib/v7-a/fpv3/hard\libc.a(lib_a-sysopen.o)
                0x0000000000102fb0                open
 .text          0x0000000000102ff0       0x1c c:/xilinx/sdk/2017.2/gnu/aarch32/nt/gcc-arm-none-eabi/bin/../arm-none-eabi/libc/usr/lib/v7-a/fpv3/hard\libc.a(lib_a-sysread.o)
                0x0000000000102ff0                read
 .text          0x000000000010300c       0x1c c:/xilinx/sdk/2017.2/gnu/aarch32/nt/gcc-arm-none-eabi/bin/../arm-none-eabi/libc/usr/lib/v7-a/fpv3/hard\libc.a(lib_a-syswrite.o)
                0x000000000010300c                write
 .text          0x0000000000103028     0x2bfc c:/xilinx/sdk/2017.2/gnu/aarch32/nt/gcc-arm-none-eabi/bin/../arm-none-eabi/libc/usr/lib/v7-a/fpv3/hard\libc.a(lib_a-vfprintf.o)
                0x0000000000103028                _vfprintf_r
                0x0000000000105b60                vfprintf
 .text          0x0000000000105c24     0x18ec c:/xilinx/sdk/2017.2/gnu/aarch32/nt/gcc-arm-none-eabi/bin/../arm-none-eabi/libc/usr/lib/v7-a/fpv3/hard\libc.a(lib_a-vfscanf.o)
                0x0000000000105c24                __svfscanf_r
                0x000000000010746c                vfscanf
                0x00000000001074bc                __svfscanf
                0x00000000001074d8                _vfscanf_r
 .text          0x0000000000107510      0x120 c:/xilinx/sdk/2017.2/gnu/aarch32/nt/gcc-arm-none-eabi/bin/../arm-none-eabi/libc/usr/lib/v7-a/fpv3/hard\libc.a(lib_a-wcrtomb.o)
                0x0000000000107510                _wcrtomb_r
                0x000000000010759c                wcrtomb
 .text          0x0000000000107630       0x5c c:/xilinx/sdk/2017.2/gnu/aarch32/nt/gcc-arm-none-eabi/bin/../arm-none-eabi/libc/usr/lib/v7-a/fpv3/hard\libc.a(lib_a-wcsrtombs.o)
                0x0000000000107630                _wcsrtombs_r
                0x0000000000107654                wcsrtombs
 .text          0x000000000010768c      0x388 c:/xilinx/sdk/2017.2/gnu/aarch32/nt/gcc-arm-none-eabi/bin/../arm-none-eabi/libc/usr/lib/v7-a/fpv3/hard\libc.a(lib_a-wctomb_r.o)
                0x000000000010768c                __ascii_wctomb
                0x00000000001076b4                _wctomb_r
                0x00000000001076fc                __utf8_wctomb
                0x00000000001077ec                __sjis_wctomb
                0x0000000000107878                __eucjp_wctomb
                0x000000000010793c                __jis_wctomb
 .text          0x0000000000107a14       0x44 c:/xilinx/sdk/2017.2/gnu/aarch32/nt/gcc-arm-none-eabi/bin/../arm-none-eabi/libc/usr/lib/v7-a/fpv3/hard\libc.a(lib_a-writer.o)
                0x0000000000107a14                _write_r
 .text          0x0000000000107a58      0x140 c:/xilinx/sdk/2017.2/gnu/aarch32/nt/gcc-arm-none-eabi/bin/../arm-none-eabi/libc/usr/lib/v7-a/fpv3/hard\libc.a(lib_a-wsetup.o)
                0x0000000000107a58                __swsetup_r
 .text          0x0000000000107b98      0x164 c:/xilinx/sdk/2017.2/gnu/aarch32/nt/gcc-arm-none-eabi/bin/../arm-none-eabi/libc/usr/lib/v7-a/fpv3/hard\libc.a(lib_a-__call_atexit.o)
                0x0000000000107b98                __call_exitprocs
 .text          0x0000000000107cfc       0x38 c:/xilinx/sdk/2017.2/gnu/aarch32/nt/gcc-arm-none-eabi/bin/../arm-none-eabi/libc/usr/lib/v7-a/fpv3/hard\libc.a(lib_a-closer.o)
                0x0000000000107cfc                _close_r
 *fill*         0x0000000000107d34        0x4 
 .text          0x0000000000107d38     0x13ec c:/xilinx/sdk/2017.2/gnu/aarch32/nt/gcc-arm-none-eabi/bin/../arm-none-eabi/libc/usr/lib/v7-a/fpv3/hard\libc.a(lib_a-dtoa.o)
                0x0000000000107efc                _dtoa_r
 .text          0x0000000000109124      0x290 c:/xilinx/sdk/2017.2/gnu/aarch32/nt/gcc-arm-none-eabi/bin/../arm-none-eabi/libc/usr/lib/v7-a/fpv3/hard\libc.a(lib_a-fflush.o)
                0x0000000000109124                __sflush_r
                0x0000000000109334                _fflush_r
                0x0000000000109384                fflush
 .text          0x00000000001093b4      0x318 c:/xilinx/sdk/2017.2/gnu/aarch32/nt/gcc-arm-none-eabi/bin/../arm-none-eabi/libc/usr/lib/v7-a/fpv3/hard\libc.a(lib_a-findfp.o)
                0x00000000001093bc                _cleanup_r
                0x000000000010952c                __sfmoreglue
                0x0000000000109574                __sfp
                0x0000000000109664                _cleanup
                0x000000000010967c                __sinit
                0x000000000010968c                __sfp_lock_acquire
                0x0000000000109690                __sfp_lock_release
                0x0000000000109694                __sinit_lock_acquire
                0x0000000000109698                __sinit_lock_release
                0x000000000010969c                __fp_lock_all
                0x00000000001096b4                __fp_unlock_all
 .text          0x00000000001096cc      0x254 c:/xilinx/sdk/2017.2/gnu/aarch32/nt/gcc-arm-none-eabi/bin/../arm-none-eabi/libc/usr/lib/v7-a/fpv3/hard\libc.a(lib_a-fread.o)
                0x00000000001096cc                _fread_r
                0x00000000001098ec                fread
 .text          0x0000000000109920      0x3dc c:/xilinx/sdk/2017.2/gnu/aarch32/nt/gcc-arm-none-eabi/bin/../arm-none-eabi/libc/usr/lib/v7-a/fpv3/hard\libc.a(lib_a-freer.o)
                0x0000000000109920                _malloc_trim_r
                0x0000000000109a1c                _free_r
 .text          0x0000000000109cfc      0x4ac c:/xilinx/sdk/2017.2/gnu/aarch32/nt/gcc-arm-none-eabi/bin/../arm-none-eabi/libc/usr/lib/v7-a/fpv3/hard\libc.a(lib_a-fvwrite.o)
                0x0000000000109cfc                __sfvwrite_r
 .text          0x000000000010a1a8       0xf8 c:/xilinx/sdk/2017.2/gnu/aarch32/nt/gcc-arm-none-eabi/bin/../arm-none-eabi/libc/usr/lib/v7-a/fpv3/hard\libc.a(lib_a-fwalk.o)
                0x000000000010a1a8                _fwalk
                0x000000000010a220                _fwalk_reent
 .text          0x000000000010a2a0       0x6c c:/xilinx/sdk/2017.2/gnu/aarch32/nt/gcc-arm-none-eabi/bin/../arm-none-eabi/libc/usr/lib/v7-a/fpv3/hard\libc.a(lib_a-iswspace.o)
                0x000000000010a2a0                iswspace
 .text          0x000000000010a30c      0x270 c:/xilinx/sdk/2017.2/gnu/aarch32/nt/gcc-arm-none-eabi/bin/../arm-none-eabi/libc/usr/lib/v7-a/fpv3/hard\libc.a(lib_a-jp2uc.o)
                0x000000000010a4f8                _jp2uc
 .text          0x000000000010a57c      0xd50 c:/xilinx/sdk/2017.2/gnu/aarch32/nt/gcc-arm-none-eabi/bin/../arm-none-eabi/libc/usr/lib/v7-a/fpv3/hard\libc.a(lib_a-locale.o)
                0x000000000010af5c                _setlocale_r
                0x000000000010b264                __locale_charset
                0x000000000010b270                __locale_mb_cur_max
                0x000000000010b280                __locale_msgcharset
                0x000000000010b28c                __locale_cjk_lang
                0x000000000010b29c                _localeconv_r
                0x000000000010b2a8                setlocale
                0x000000000010b2c0                localeconv
 .text          0x000000000010b2cc      0x17c c:/xilinx/sdk/2017.2/gnu/aarch32/nt/gcc-arm-none-eabi/bin/../arm-none-eabi/libc/usr/lib/v7-a/fpv3/hard\libc.a(lib_a-makebuf.o)
                0x000000000010b2cc                __swhatbuf_r
                0x000000000010b360                __smakebuf_r
 .text          0x000000000010b448      0x76c c:/xilinx/sdk/2017.2/gnu/aarch32/nt/gcc-arm-none-eabi/bin/../arm-none-eabi/libc/usr/lib/v7-a/fpv3/hard\libc.a(lib_a-mallocr.o)
                0x000000000010b448                _malloc_r
 .text          0x000000000010bbb4      0x154 c:/xilinx/sdk/2017.2/gnu/aarch32/nt/gcc-arm-none-eabi/bin/../arm-none-eabi/libc/usr/lib/v7-a/fpv3/hard\libc.a(lib_a-mbrtowc.o)
                0x000000000010bbb4                _mbrtowc_r
                0x000000000010bc5c                mbrtowc
 .text          0x000000000010bd08      0x750 c:/xilinx/sdk/2017.2/gnu/aarch32/nt/gcc-arm-none-eabi/bin/../arm-none-eabi/libc/usr/lib/v7-a/fpv3/hard\libc.a(lib_a-mbtowc_r.o)
                0x000000000010bd08                __ascii_mbtowc
                0x000000000010bd54                _mbtowc_r
                0x000000000010bda0                __utf8_mbtowc
                0x000000000010c0a0                __sjis_mbtowc
                0x000000000010c174                __eucjp_mbtowc
                0x000000000010c2ac                __jis_mbtowc
 *fill*         0x000000000010c458        0x8 
 .text          0x000000000010c460       0xa0 c:/xilinx/sdk/2017.2/gnu/aarch32/nt/gcc-arm-none-eabi/bin/../arm-none-eabi/libc/usr/lib/v7-a/fpv3/hard\libc.a(lib_a-memchr.o)
                0x000000000010c460                memchr
 .text          0x000000000010c500      0x5e0 c:/xilinx/sdk/2017.2/gnu/aarch32/nt/gcc-arm-none-eabi/bin/../arm-none-eabi/libc/usr/lib/v7-a/fpv3/hard\libc.a(lib_a-memcpy.o)
                0x000000000010c500                memcpy
 .text          0x000000000010cae0      0x150 c:/xilinx/sdk/2017.2/gnu/aarch32/nt/gcc-arm-none-eabi/bin/../arm-none-eabi/libc/usr/lib/v7-a/fpv3/hard\libc.a(lib_a-memmove.o)
                0x000000000010cae0                memmove
 .text          0x000000000010cc30      0x118 c:/xilinx/sdk/2017.2/gnu/aarch32/nt/gcc-arm-none-eabi/bin/../arm-none-eabi/libc/usr/lib/v7-a/fpv3/hard\libc.a(lib_a-memset.o)
                0x000000000010cc30                memset
 .text          0x000000000010cd48        0x8 c:/xilinx/sdk/2017.2/gnu/aarch32/nt/gcc-arm-none-eabi/bin/../arm-none-eabi/libc/usr/lib/v7-a/fpv3/hard\libc.a(lib_a-mlock.o)
                0x000000000010cd48                __malloc_lock
                0x000000000010cd4c                __malloc_unlock
 .text          0x000000000010cd50      0xce8 c:/xilinx/sdk/2017.2/gnu/aarch32/nt/gcc-arm-none-eabi/bin/../arm-none-eabi/libc/usr/lib/v7-a/fpv3/hard\libc.a(lib_a-mprec.o)
                0x000000000010cd50                _Balloc
                0x000000000010cdd8                _Bfree
                0x000000000010cdf4                __multadd
                0x000000000010cec4                __s2b
                0x000000000010cfac                __hi0bits
                0x000000000010d004                __lo0bits
                0x000000000010d09c                __i2b
                0x000000000010d0bc                __multiply
                0x000000000010d270                __pow5mult
                0x000000000010d36c                __lshift
                0x000000000010d458                __mcmp
                0x000000000010d4b8                __mdiff
                0x000000000010d648                __ulp
                0x000000000010d6c0                __b2d
                0x000000000010d79c                __d2b
                0x000000000010d8a0                __ratio
                0x000000000010d918                _mprec_log10
                0x000000000010d94c                __copybits
                0x000000000010d9b8                __any_on
 .text          0x000000000010da38       0x44 c:/xilinx/sdk/2017.2/gnu/aarch32/nt/gcc-arm-none-eabi/bin/../arm-none-eabi/libc/usr/lib/v7-a/fpv3/hard\libc.a(lib_a-openr.o)
                0x000000000010da38                _open_r
 .text          0x000000000010da7c       0x44 c:/xilinx/sdk/2017.2/gnu/aarch32/nt/gcc-arm-none-eabi/bin/../arm-none-eabi/libc/usr/lib/v7-a/fpv3/hard\libc.a(lib_a-readr.o)
                0x000000000010da7c                _read_r
 .text          0x000000000010dac0      0x56c c:/xilinx/sdk/2017.2/gnu/aarch32/nt/gcc-arm-none-eabi/bin/../arm-none-eabi/libc/usr/lib/v7-a/fpv3/hard\libc.a(lib_a-reallocr.o)
                0x000000000010dac0                _realloc_r
 .text          0x000000000010e02c      0x11c c:/xilinx/sdk/2017.2/gnu/aarch32/nt/gcc-arm-none-eabi/bin/../arm-none-eabi/libc/usr/lib/v7-a/fpv3/hard\libc.a(lib_a-reent.o)
                0x000000000010e02c                cleanup_glue
                0x000000000010e058                _reclaim_reent
 .text          0x000000000010e148      0x1e8 c:/xilinx/sdk/2017.2/gnu/aarch32/nt/gcc-arm-none-eabi/bin/../arm-none-eabi/libc/usr/lib/v7-a/fpv3/hard\libc.a(lib_a-refill.o)
                0x000000000010e164                __srefill_r
 .text          0x000000000010e330       0x38 c:/xilinx/sdk/2017.2/gnu/aarch32/nt/gcc-arm-none-eabi/bin/../arm-none-eabi/libc/usr/lib/v7-a/fpv3/hard\libc.a(lib_a-sbrkr.o)
                0x000000000010e330                _sbrk_r
 .text          0x000000000010e368       0xc8 c:/xilinx/sdk/2017.2/gnu/aarch32/nt/gcc-arm-none-eabi/bin/../arm-none-eabi/libc/usr/lib/v7-a/fpv3/hard\libc.a(lib_a-sccl.o)
                0x000000000010e368                __sccl
 .text          0x000000000010e430        0xc c:/xilinx/sdk/2017.2/gnu/aarch32/nt/gcc-arm-none-eabi/bin/../arm-none-eabi/libc/usr/lib/v7-a/fpv3/hard\libc.a(lib_a-sf_nan.o)
                0x000000000010e430                nanf
 *fill*         0x000000000010e43c        0x4 
 .text          0x000000000010e440       0xa0 c:/xilinx/sdk/2017.2/gnu/aarch32/nt/gcc-arm-none-eabi/bin/../arm-none-eabi/libc/usr/lib/v7-a/fpv3/hard\libc.a(lib_a-s_frexp.o)
                0x000000000010e440                frexp
 .text          0x000000000010e4e0       0xdc c:/xilinx/sdk/2017.2/gnu/aarch32/nt/gcc-arm-none-eabi/bin/../arm-none-eabi/libc/usr/lib/v7-a/fpv3/hard\libc.a(lib_a-sprintf.o)
                0x000000000010e4e0                _sprintf_r
                0x000000000010e548                sprintf
 .text          0x000000000010e5bc       0xc0 c:/xilinx/sdk/2017.2/gnu/aarch32/nt/gcc-arm-none-eabi/bin/../arm-none-eabi/libc/usr/lib/v7-a/fpv3/hard\libc.a(lib_a-stdio.o)
                0x000000000010e5bc                __sread
                0x000000000010e5ec                __seofread
                0x000000000010e5f4                __swrite
                0x000000000010e648                __sseek
                0x000000000010e674                __sclose
 .text          0x000000000010e67c      0x100 c:/xilinx/sdk/2017.2/gnu/aarch32/nt/gcc-arm-none-eabi/bin/../arm-none-eabi/libc/usr/lib/v7-a/fpv3/hard\libc.a(lib_a-stpncpy.o)
                0x000000000010e67c                stpncpy
 .text          0x000000000010e77c       0x70 c:/xilinx/sdk/2017.2/gnu/aarch32/nt/gcc-arm-none-eabi/bin/../arm-none-eabi/libc/usr/lib/v7-a/fpv3/hard\libc.a(lib_a-strcasecmp.o)
                0x000000000010e77c                strcasecmp
 .text          0x000000000010e7ec       0x70 c:/xilinx/sdk/2017.2/gnu/aarch32/nt/gcc-arm-none-eabi/bin/../arm-none-eabi/libc/usr/lib/v7-a/fpv3/hard\libc.a(lib_a-strcat.o)
                0x000000000010e7ec                strcat
 .text          0x000000000010e85c      0x1b4 c:/xilinx/sdk/2017.2/gnu/aarch32/nt/gcc-arm-none-eabi/bin/../arm-none-eabi/libc/usr/lib/v7-a/fpv3/hard\libc.a(lib_a-strchr.o)
                0x000000000010e85c                strchr
 .text          0x000000000010ea10       0xf8 c:/xilinx/sdk/2017.2/gnu/aarch32/nt/gcc-arm-none-eabi/bin/../arm-none-eabi/libc/usr/lib/v7-a/fpv3/hard\libc.a(lib_a-strcpy.o)
                0x000000000010ea10                strcpy
 .text          0x000000000010eb08       0x48 c:/xilinx/sdk/2017.2/gnu/aarch32/nt/gcc-arm-none-eabi/bin/../arm-none-eabi/libc/usr/lib/v7-a/fpv3/hard\libc.a(lib_a-strlcpy.o)
                0x000000000010eb08                strlcpy
 .text          0x000000000010eb50       0x90 c:/xilinx/sdk/2017.2/gnu/aarch32/nt/gcc-arm-none-eabi/bin/../arm-none-eabi/libc/usr/lib/v7-a/fpv3/hard\libc.a(lib_a-strncasecmp.o)
                0x000000000010eb50                strncasecmp
 .text          0x000000000010ebe0      0x108 c:/xilinx/sdk/2017.2/gnu/aarch32/nt/gcc-arm-none-eabi/bin/../arm-none-eabi/libc/usr/lib/v7-a/fpv3/hard\libc.a(lib_a-strncmp.o)
                0x000000000010ebe0                strncmp
 .text          0x000000000010ece8       0xdc c:/xilinx/sdk/2017.2/gnu/aarch32/nt/gcc-arm-none-eabi/bin/../arm-none-eabi/libc/usr/lib/v7-a/fpv3/hard\libc.a(lib_a-strncpy.o)
                0x000000000010ece8                strncpy
 *fill*         0x000000000010edc4        0x4 
 .text          0x000000000010edc8     0x1434 c:/xilinx/sdk/2017.2/gnu/aarch32/nt/gcc-arm-none-eabi/bin/../arm-none-eabi/libc/usr/lib/v7-a/fpv3/hard\libc.a(lib_a-strtod.o)
                0x000000000010edc8                _strtod_r
                0x00000000001101a8                strtod
                0x00000000001101c0                strtof
 .text          0x00000000001101fc      0x2b4 c:/xilinx/sdk/2017.2/gnu/aarch32/nt/gcc-arm-none-eabi/bin/../arm-none-eabi/libc/usr/lib/v7-a/fpv3/hard\libc.a(lib_a-strtoll_r.o)
                0x00000000001101fc                _strtoll_r
 .text          0x00000000001104b0      0x22c c:/xilinx/sdk/2017.2/gnu/aarch32/nt/gcc-arm-none-eabi/bin/../arm-none-eabi/libc/usr/lib/v7-a/fpv3/hard\libc.a(lib_a-strtol.o)
                0x00000000001104b0                _strtol_r
                0x00000000001106c0                strtol
 *fill*         0x00000000001106dc        0x4 
 .text          0x00000000001106e0      0x260 c:/xilinx/sdk/2017.2/gnu/aarch32/nt/gcc-arm-none-eabi/bin/../arm-none-eabi/libc/usr/lib/v7-a/fpv3/hard\libc.a(lib_a-strtoull_r.o)
                0x00000000001106e0                _strtoull_r
 .text          0x0000000000110940      0x1f0 c:/xilinx/sdk/2017.2/gnu/aarch32/nt/gcc-arm-none-eabi/bin/../arm-none-eabi/libc/usr/lib/v7-a/fpv3/hard\libc.a(lib_a-strtoul.o)
                0x0000000000110940                _strtoul_r
                0x0000000000110b14                strtoul
 .text          0x0000000000110b30     0x2ad0 c:/xilinx/sdk/2017.2/gnu/aarch32/nt/gcc-arm-none-eabi/bin/../arm-none-eabi/libc/usr/lib/v7-a/fpv3/hard\libc.a(lib_a-svfprintf.o)
                0x0000000000110b30                _svfprintf_r
 .text          0x0000000000113600      0x234 c:/xilinx/sdk/2017.2/gnu/aarch32/nt/gcc-arm-none-eabi/bin/../arm-none-eabi/libc/usr/lib/v7-a/fpv3/hard\libc.a(lib_a-ungetc.o)
                0x0000000000113600                __submore
                0x00000000001136a8                _ungetc_r
                0x000000000011381c                ungetc
 .text          0x0000000000113834     0x1994 c:/xilinx/sdk/2017.2/gnu/aarch32/nt/gcc-arm-none-eabi/bin/../arm-none-eabi/libc/usr/lib/v7-a/fpv3/hard\libc.a(lib_a-vfiprintf.o)
                0x00000000001138dc                __sprint_r
                0x00000000001138f8                _vfiprintf_r
                0x0000000000115104                vfiprintf
 .text          0x00000000001151c8      0x1d8 c:/xilinx/sdk/2017.2/gnu/aarch32/nt/gcc-arm-none-eabi/bin/../arm-none-eabi/libc/usr/lib/v7-a/fpv3/hard\libc.a(lib_a-wcsnrtombs.o)
                0x00000000001151c8                _wcsnrtombs_r
                0x0000000000115364                wcsnrtombs
 .text          0x00000000001153a0       0x90 c:/xilinx/sdk/2017.2/gnu/aarch32/nt/gcc-arm-none-eabi/bin/../arm-none-eabi/libc/usr/lib/v7-a/fpv3/hard\libc.a(lib_a-callocr.o)
                0x00000000001153a0                _calloc_r
 .text          0x0000000000115430      0x100 c:/xilinx/sdk/2017.2/gnu/aarch32/nt/gcc-arm-none-eabi/bin/../arm-none-eabi/libc/usr/lib/v7-a/fpv3/hard\libc.a(lib_a-fclose.o)
                0x0000000000115430                _fclose_r
                0x000000000011551c                fclose
 .text          0x0000000000115530      0x188 c:/xilinx/sdk/2017.2/gnu/aarch32/nt/gcc-arm-none-eabi/bin/../arm-none-eabi/libc/usr/lib/v7-a/fpv3/hard\libc.a(lib_a-fputwc.o)
                0x0000000000115530                __fputwc
                0x0000000000115630                _fputwc_r
                0x0000000000115650                fputwc
 .text          0x00000000001156b8       0x40 c:/xilinx/sdk/2017.2/gnu/aarch32/nt/gcc-arm-none-eabi/bin/../arm-none-eabi/libc/usr/lib/v7-a/fpv3/hard\libc.a(lib_a-fstatr.o)
                0x00000000001156b8                _fstat_r
 .text          0x00000000001156f8      0x8d0 c:/xilinx/sdk/2017.2/gnu/aarch32/nt/gcc-arm-none-eabi/bin/../arm-none-eabi/libc/usr/lib/v7-a/fpv3/hard\libc.a(lib_a-gdtoa-gethex.o)
                0x00000000001157e8                __gethex
 .text          0x0000000000115fc8      0x2d4 c:/xilinx/sdk/2017.2/gnu/aarch32/nt/gcc-arm-none-eabi/bin/../arm-none-eabi/libc/usr/lib/v7-a/fpv3/hard\libc.a(lib_a-gdtoa-hexnan.o)
                0x0000000000115fc8                __match
                0x0000000000116038                __hexnan
 .text          0x000000000011629c       0xe0 c:/xilinx/sdk/2017.2/gnu/aarch32/nt/gcc-arm-none-eabi/bin/../arm-none-eabi/libc/usr/lib/v7-a/fpv3/hard\libc.a(lib_a-getenv_r.o)
                0x000000000011629c                _findenv_r
                0x0000000000116364                _getenv_r
 .text          0x000000000011637c       0x38 c:/xilinx/sdk/2017.2/gnu/aarch32/nt/gcc-arm-none-eabi/bin/../arm-none-eabi/libc/usr/lib/v7-a/fpv3/hard\libc.a(lib_a-isattyr.o)
                0x000000000011637c                _isatty_r
 .text          0x00000000001163b4       0x44 c:/xilinx/sdk/2017.2/gnu/aarch32/nt/gcc-arm-none-eabi/bin/../arm-none-eabi/libc/usr/lib/v7-a/fpv3/hard\libc.a(lib_a-lseekr.o)
                0x00000000001163b4                _lseek_r
 .text          0x00000000001163f8     0x16ec c:/xilinx/sdk/2017.2/gnu/aarch32/nt/gcc-arm-none-eabi/bin/../arm-none-eabi/libc/usr/lib/v7-a/fpv3/hard\libc.a(lib_a-svfiprintf.o)
                0x00000000001163f8                __ssprint_r
                0x0000000000116580                _svfiprintf_r
 .text          0x0000000000117ae4      0x140 c:/xilinx/sdk/2017.2/gnu/aarch32/nt/gcc-arm-none-eabi/bin/../arm-none-eabi/libc/usr/lib/v7-a/fpv3/hard\libc.a(lib_a-wbuf.o)
                0x0000000000117ae4                __swbuf_r
                0x0000000000117c0c                __swbuf
 .text          0x0000000000117c24        0x0 c:/xilinx/sdk/2017.2/gnu/aarch32/nt/gcc-arm-none-eabi/bin/../arm-none-eabi/libc/usr/lib/v7-a/fpv3/hard\libc.a(lib_a-environ.o)
 .text          0x0000000000117c24        0x8 c:/xilinx/sdk/2017.2/gnu/aarch32/nt/gcc-arm-none-eabi/bin/../arm-none-eabi/libc/usr/lib/v7-a/fpv3/hard\libc.a(lib_a-envlock.o)
                0x0000000000117c24                __env_lock
                0x0000000000117c28                __env_unlock
 .text          0x0000000000117c2c        0x4 ../../slave_bsp/ps7_cortexa9_1/lib\libxil.a(_exit.o)
                0x0000000000117c2c                _exit
 .text          0x0000000000117c30       0x3c ../../slave_bsp/ps7_cortexa9_1/lib\libxil.a(_sbrk.o)
                0x0000000000117c30                _sbrk
 .text          0x0000000000117c6c       0x10 ../../slave_bsp/ps7_cortexa9_1/lib\libxil.a(fstat.o)
                0x0000000000117c6c                _fstat
 .text          0x0000000000117c7c       0x10 ../../slave_bsp/ps7_cortexa9_1/lib\libxil.a(isatty.o)
                0x0000000000117c7c                isatty
                0x0000000000117c84                _isatty
 .text          0x0000000000117c8c       0x30 ../../slave_bsp/ps7_cortexa9_1/lib\libxil.a(lseek.o)
                0x0000000000117c8c                lseek
                0x0000000000117ca4                _lseek
 .text          0x0000000000117cbc       0x10 ../../slave_bsp/ps7_cortexa9_1/lib\libxil.a(errno.o)
                0x0000000000117cbc                __errno
 .text          0x0000000000117ccc      0x240 c:/xilinx/sdk/2017.2/gnu/aarch32/nt/gcc-arm-none-eabi/bin/../lib/gcc/arm-none-eabi/6.2.1/v7-a/fpv3/hard\libgcc.a(_divsi3.o)
                0x0000000000117ccc                __divsi3
                0x0000000000117ccc                __aeabi_idiv
                0x0000000000117eec                __aeabi_idivmod
 .text          0x0000000000117f0c       0x3c c:/xilinx/sdk/2017.2/gnu/aarch32/nt/gcc-arm-none-eabi/bin/../lib/gcc/arm-none-eabi/6.2.1/v7-a/fpv3/hard\libgcc.a(_aeabi_uldivmod.o)
                0x0000000000117f0c                __aeabi_uldivmod
 .text          0x0000000000117f48      0x124 c:/xilinx/sdk/2017.2/gnu/aarch32/nt/gcc-arm-none-eabi/bin/../lib/gcc/arm-none-eabi/6.2.1/v7-a/fpv3/hard\libgcc.a(_udivmoddi4.o)
                0x0000000000117f48                __udivmoddi4
 .text          0x000000000011806c       0x80 ../../slave_bsp/ps7_cortexa9_1/lib\libmetal.a(init.c.obj)
                0x000000000011806c                metal_init
                0x00000000001180cc                metal_finish
 .text          0x00000000001180ec       0x4c ../../slave_bsp/ps7_cortexa9_1/lib\libmetal.a(log.c.obj)
                0x00000000001180ec                metal_default_log_handler
                0x00000000001180f8                metal_set_log_handler
                0x0000000000118108                metal_get_log_handler
                0x0000000000118118                metal_set_log_level
                0x0000000000118128                metal_get_log_level
 .text          0x0000000000118138        0x8 ../../slave_bsp/ps7_cortexa9_1/lib\libmetal.a(init.c.obj)
                0x0000000000118138                metal_sys_init
                0x000000000011813c                metal_sys_finish
 .text          0x0000000000118140      0x580 ../../slave_bsp/ps7_cortexa9_1/lib\libmetal.a(irq.c.obj)
                0x0000000000118140                metal_irq_register
                0x00000000001185ac                metal_irq_save_disable
                0x00000000001185e0                metal_irq_restore_enable
                0x0000000000118608                metal_irq_enable
                0x000000000011862c                metal_irq_disable
                0x0000000000118650                metal_irq_isr
                0x000000000011869c                metal_irq_init
                0x00000000001186bc                metal_irq_deinit
 .text          0x00000000001186c0       0xec ../../slave_bsp/ps7_cortexa9_1/lib\libmetal.a(sys.c.obj)
                0x00000000001186c0                sys_irq_restore_enable
                0x00000000001186e8                sys_irq_save_disable
                0x0000000000118718                metal_machine_cache_flush
                0x000000000011872c                metal_machine_cache_invalidate
                0x0000000000118740                metal_generic_default_poll
                0x0000000000118748                metal_machine_io_mem_map
 .text          0x00000000001187ac      0x810 ../../slave_bsp/ps7_cortexa9_1/lib\libopen_amp.a(hil.c.obj)
                0x00000000001187ac                hil_create_proc
                0x000000000011882c                hil_delete_proc
                0x0000000000118988                hil_init_proc
                0x00000000001189dc                hil_get_chnl_info
                0x00000000001189ec                hil_notified
                0x0000000000118a7c                hil_get_vdev_info
                0x0000000000118a84                hil_get_vring_info
                0x0000000000118b24                hil_get_shm_info
                0x0000000000118b2c                hil_free_vqs
                0x0000000000118bb0                hil_enable_vdev_notification
                0x0000000000118bec                hil_enable_vring_notifications
                0x0000000000118c38                hil_vdev_notify
                0x0000000000118c54                hil_vring_notify
                0x0000000000118c84                hil_get_status
                0x0000000000118c8c                hil_set_status
                0x0000000000118c94                hil_boot_cpu
                0x0000000000118cbc                hil_shutdown_cpu
                0x0000000000118cd0                hil_get_firmware
                0x0000000000118cd4                hil_poll
                0x0000000000118ce0                hil_set_shm
                0x0000000000118df4                hil_set_vdev
                0x0000000000118e80                hil_set_vring
                0x0000000000118f34                hil_set_vdev_ipi
                0x0000000000118f4c                hil_set_vring_ipi
                0x0000000000118f6c                hil_set_rpmsg_channel
                0x0000000000118fb0                hil_set_vdev_rst_cb
 .text          0x0000000000118fbc       0x90 ../../slave_bsp/ps7_cortexa9_1/lib\libopen_amp.a(firmware.c.obj)
                0x0000000000118fbc                config_get_firmware
 .text          0x000000000011904c      0x7fc ../../slave_bsp/ps7_cortexa9_1/lib\libopen_amp.a(virtqueue.c.obj)
                0x000000000011908c                virtqueue_create
                0x00000000001191d8                virtqueue_add_buffer
                0x000000000011930c                virtqueue_add_single_buffer
                0x00000000001193fc                virtqueue_get_buffer
                0x00000000001194ec                virtqueue_get_buffer_length
                0x00000000001194fc                virtqueue_free
                0x0000000000119534                virtqueue_get_available_buffer
                0x0000000000119628                virtqueue_add_consumed_buffer
                0x000000000011967c                virtqueue_enable_cb
                0x00000000001196c4                virtqueue_disable_cb
                0x00000000001196fc                virtqueue_kick
                0x0000000000119784                virtqueue_dump
                0x0000000000119800                virtqueue_get_desc_size
                0x0000000000119838                virtqueue_notification
 .text          0x0000000000119848      0x36c ../../slave_bsp/ps7_cortexa9_1/lib\libopen_amp.a(remoteproc.c.obj)
                0x0000000000119848                remoteproc_resource_deinit
                0x0000000000119884                remoteproc_resource_init
                0x000000000011996c                remoteproc_deinit
                0x00000000001199b0                remoteproc_init
                0x0000000000119ac8                remoteproc_boot
                0x0000000000119b74                remoteproc_shutdown
 .text          0x0000000000119bb4      0x19c ../../slave_bsp/ps7_cortexa9_1/lib\libopen_amp.a(remoteproc_loader.c.obj)
                0x0000000000119bb4                remoteproc_loader_init
                0x0000000000119c04                remoteproc_loader_delete
                0x0000000000119c48                remoteproc_loader_attach_firmware
                0x0000000000119cbc                remoteproc_loader_retrieve_entry_point
                0x0000000000119cdc                remoteproc_loader_retrieve_resource_section
                0x0000000000119cfc                remoteproc_loader_load_remote_firmware
                0x0000000000119d2c                remoteproc_get_load_address
 .text          0x0000000000119d50      0x284 ../../slave_bsp/ps7_cortexa9_1/lib\libopen_amp.a(rsc_table_parser.c.obj)
                0x0000000000119d50                handle_fw_chksum_rsc
                0x0000000000119d58                handle_mmu_rsc
                0x0000000000119d64                handle_vdev_rsc
                0x0000000000119e54                handle_carve_out_rsc
                0x0000000000119ef0                handle_dev_mem_rsc
                0x0000000000119efc                handle_rproc_mem_rsc
                0x0000000000119f04                handle_trace_rsc
                0x0000000000119f10                handle_rsc_table
 .text          0x0000000000119fd4      0x290 ../../slave_bsp/ps7_cortexa9_1/lib\libopen_amp.a(zynq_remoteproc_a9.c.obj)
 .text          0x000000000011a264      0x58c ../../slave_bsp/ps7_cortexa9_1/lib\libopen_amp.a(rpmsg_retarget.c.obj)
                0x000000000011a264                rpc_cb
                0x000000000011a2b4                rpmsg_retarget_init
                0x000000000011a348                rpmsg_retarget_deinit
                0x000000000011a384                rpmsg_retarget_send
                0x000000000011a3c0                send_rpc
                0x000000000011a3c4                _open
                0x000000000011a4d8                _read
                0x000000000011a5ec                _write
                0x000000000011a708                _close
 .text          0x000000000011a7f0      0x6fc ../../slave_bsp/ps7_cortexa9_1/lib\libopen_amp.a(rpmsg.c.obj)
                0x000000000011a7f0                rpmsg_init
                0x000000000011a854                rpmsg_deinit
                0x000000000011a860                rpmsg_get_buffer_size
                0x000000000011a8c4                rpmsg_send_offchannel_raw
                0x000000000011aaf4                rpmsg_hold_rx_buffer
                0x000000000011ab0c                rpmsg_release_rx_buffer
                0x000000000011abc0                rpmsg_get_tx_payload_buffer
                0x000000000011acdc                rpmsg_send_offchannel_nocopy
                0x000000000011ada4                rpmsg_create_ept
                0x000000000011add4                rpmsg_destroy_ept
                0x000000000011ade8                rpmsg_create_channel
                0x000000000011ae84                rpmsg_delete_channel
 .text          0x000000000011aeec      0xb88 ../../slave_bsp/ps7_cortexa9_1/lib\libopen_amp.a(rpmsg_core.c.obj)
                0x000000000011aeec                _rpmsg_create_channel
                0x000000000011af88                _rpmsg_delete_channel
                0x000000000011b000                rpmsg_ns_callback
                0x000000000011b11c                _destroy_endpoint
                0x000000000011b1c8                rpmsg_enqueue_buffer
                0x000000000011b258                rpmsg_return_buffer
                0x000000000011b2bc                rpmsg_get_tx_buffer
                0x000000000011b310                rpmsg_send_ns_message
                0x000000000011b470                rpmsg_get_rx_buffer
                0x000000000011b660                rpmsg_free_buffer
                0x000000000011b67c                rpmsg_get_address
                0x000000000011b6e0                _create_endpoint
                0x000000000011b7f8                rpmsg_start_ipc
                0x000000000011b98c                rpmsg_release_address
                0x000000000011b9e0                rpmsg_is_address_set
                0x000000000011ba20                rpmsg_set_address
 .text          0x000000000011ba74      0x48c ../../slave_bsp/ps7_cortexa9_1/lib\libopen_amp.a(elf_loader.c.obj)
                0x000000000011ba74                elf_loader_retrieve_entry_point
                0x000000000011ba80                elf_loader_retrieve_resource_section
                0x000000000011bb28                elf_loader_load_remote_firmware
                0x000000000011bbd4                elf_loader_attach_firmware
                0x000000000011be14                elf_loader_detach_firmware
                0x000000000011be44                elf_get_load_address
                0x000000000011bea8                elf_loader_init
 .text          0x000000000011bf00      0x26c ../../slave_bsp/ps7_cortexa9_1/lib\libopen_amp.a(sh_mem.c.obj)
                0x000000000011bf00                sh_mem_create_pool
                0x000000000011bfbc                sh_mem_get_buffer
                0x000000000011c0ac                sh_mem_free_buffer
                0x000000000011c134                sh_mem_delete_pool
                0x000000000011c140                get_first_zero_bit
 .text          0x000000000011c16c      0x6f0 ../../slave_bsp/ps7_cortexa9_1/lib\libopen_amp.a(remote_device.c.obj)
                0x000000000011c16c                rpmsg_rdev_get_status
                0x000000000011c184                rpmsg_rdev_get_feature
                0x000000000011c18c                rpmsg_rdev_set_feature
                0x000000000011c19c                rpmsg_rdev_negotiate_feature
                0x000000000011c1a4                rpmsg_rdev_write_config
                0x000000000011c1a8                rpmsg_rdev_reset
                0x000000000011c1ac                rpmsg_rdev_set_status
                0x000000000011c1c8                rpmsg_rdev_read_config
                0x000000000011c1cc                rpmsg_rdev_create_virtqueues
                0x000000000011c3f8                rpmsg_rdev_deinit
                0x000000000011c570                rpmsg_rdev_get_chnl_from_id
                0x000000000011c5c8                rpmsg_rdev_get_endpoint_from_addr
                0x000000000011c610                rpmsg_rdev_notify
                0x000000000011c620                rpmsg_rdev_remote_ready
                0x000000000011c690                rpmsg_rdev_init
 .text          0x000000000011c85c       0x64 c:/xilinx/sdk/2017.2/gnu/aarch32/nt/gcc-arm-none-eabi/bin/../arm-none-eabi/libc/usr/lib/v7-a/fpv3/hard\libc.a(lib_a-assert.o)
                0x000000000011c85c                __assert_func
                0x000000000011c8b0                __assert
 .text          0x000000000011c8c0       0x18 c:/xilinx/sdk/2017.2/gnu/aarch32/nt/gcc-arm-none-eabi/bin/../arm-none-eabi/libc/usr/lib/v7-a/fpv3/hard\libc.a(lib_a-calloc.o)
                0x000000000011c8c0                calloc
 .text          0x000000000011c8d8       0x6c c:/xilinx/sdk/2017.2/gnu/aarch32/nt/gcc-arm-none-eabi/bin/../arm-none-eabi/libc/usr/lib/v7-a/fpv3/hard\libc.a(lib_a-fiprintf.o)
                0x000000000011c8d8                _fiprintf_r
                0x000000000011c904                fiprintf
 .text          0x000000000011c944       0x28 c:/xilinx/sdk/2017.2/gnu/aarch32/nt/gcc-arm-none-eabi/bin/../arm-none-eabi/libc/usr/lib/v7-a/fpv3/hard\libc.a(lib_a-malloc.o)
                0x000000000011c944                malloc
                0x000000000011c958                free
 .text          0x000000000011c96c       0x14 c:/xilinx/sdk/2017.2/gnu/aarch32/nt/gcc-arm-none-eabi/bin/../arm-none-eabi/libc/usr/lib/v7-a/fpv3/hard\libc.a(lib_a-abort.o)
                0x000000000011c96c                abort
 .text          0x000000000011c980      0x25c c:/xilinx/sdk/2017.2/gnu/aarch32/nt/gcc-arm-none-eabi/bin/../arm-none-eabi/libc/usr/lib/v7-a/fpv3/hard\libc.a(lib_a-signal.o)
                0x000000000011c9c4                _init_signal_r
                0x000000000011c9dc                _signal_r
                0x000000000011ca44                _raise_r
                0x000000000011cae4                __sigtramp_r
                0x000000000011cb78                raise
                0x000000000011cb8c                signal
                0x000000000011cba4                _init_signal
                0x000000000011cbc8                __sigtramp
 .text          0x000000000011cbdc       0x44 c:/xilinx/sdk/2017.2/gnu/aarch32/nt/gcc-arm-none-eabi/bin/../arm-none-eabi/libc/usr/lib/v7-a/fpv3/hard\libc.a(lib_a-signalr.o)
                0x000000000011cbdc                _kill_r
                0x000000000011cc1c                _getpid_r
 .text          0x000000000011cc20       0x10 ../../slave_bsp/ps7_cortexa9_1/lib\libxil.a(getpid.o)
                0x000000000011cc20                getpid
                0x000000000011cc28                _getpid
 .text          0x000000000011cc30       0x38 ../../slave_bsp/ps7_cortexa9_1/lib\libxil.a(kill.o)
                0x000000000011cc30                kill
                0x000000000011cc4c                _kill
 .text          0x000000000011cc68       0x90 ../../slave_bsp/ps7_cortexa9_1/lib\libxil.a(xil_mmu.o)
                0x000000000011cc68                Xil_SetTlbAttributes
                0x000000000011ccac                Xil_EnableMMU
                0x000000000011ccd0                Xil_DisableMMU
 .text          0x000000000011ccf8      0x440 ../../slave_bsp/ps7_cortexa9_1/lib\libmetal.a(device.c.obj)
                0x000000000011cd4c                metal_generic_dev_dma_unmap
                0x000000000011cdf4                metal_bus_find
                0x000000000011ce4c                metal_bus_register
                0x000000000011cef4                metal_device_open
                0x000000000011cfb0                metal_device_close
                0x000000000011d028                metal_bus_unregister
                0x000000000011d0cc                metal_register_generic_device
 .text          0x000000000011d138      0x130 ../../slave_bsp/ps7_cortexa9_1/lib\libmetal.a(io.c.obj)
                0x000000000011d138                metal_generic_memset_io
                0x000000000011d1c4                metal_generic_memcpy_io
                0x000000000011d260                metal_memset_io
                0x000000000011d264                metal_memcpy_io
 .text          0x000000000011d268        0x4 ../../slave_bsp/ps7_cortexa9_1/lib\libmetal.a(shmem.c.obj)
                0x000000000011d268                metal_shmem_open
 .text          0x000000000011d26c        0x8 ../../slave_bsp/ps7_cortexa9_1/lib\libmetal.a(cache.c.obj)
                0x000000000011d26c                metal_cache_flush
                0x000000000011d270                metal_cache_invalidate
 .text          0x000000000011d274       0xac ../../slave_bsp/ps7_cortexa9_1/lib\libmetal.a(io.c.obj)
                0x000000000011d274                metal_io_mem_map
 .text          0x000000000011d320        0x8 ../../slave_bsp/ps7_cortexa9_1/lib\libmetal.a(sleep.c.obj)
                0x000000000011d320                metal_sleep_usec
 .text          0x000000000011d328       0xf8 ../../slave_bsp/ps7_cortexa9_1/lib\libmetal.a(shmem.c.obj)
                0x000000000011d328                metal_shmem_register_generic
                0x000000000011d3bc                metal_shmem_open_generic
 .text          0x000000000011d420        0x0 c:/xilinx/sdk/2017.2/gnu/aarch32/nt/gcc-arm-none-eabi/bin/../lib/gcc/arm-none-eabi/6.2.1/v7-a/fpv3/hard/crtend.o
 .text          0x000000000011d420        0x0 c:/xilinx/sdk/2017.2/gnu/aarch32/nt/gcc-arm-none-eabi/bin/../lib/gcc/arm-none-eabi/6.2.1/v7-a/fpv3/hard/crtn.o
 *(.text.*)
 .text.unlikely
                0x000000000011d420       0x4c c:/xilinx/sdk/2017.2/gnu/aarch32/nt/gcc-arm-none-eabi/bin/../arm-none-eabi/libc/usr/lib/v7-a/fpv3/hard\libc.a(lib_a-strtod.o)
 *(.gnu.linkonce.t.*)
 *(.plt)
 *(.gnu_warning)
 *(.gcc_execpt_table)
 *(.glue_7)
 .glue_7        0x000000000011d46c        0x0 linker stubs
 *(.glue_7t)
 .glue_7t       0x000000000011d46c        0x0 linker stubs
 *(.vfp11_veneer)
 .vfp11_veneer  0x000000000011d46c        0x0 linker stubs
 *(.ARM.extab)
 .ARM.extab     0x000000000011d46c        0x0 c:/xilinx/sdk/2017.2/gnu/aarch32/nt/gcc-arm-none-eabi/bin/../lib/gcc/arm-none-eabi/6.2.1/v7-a/fpv3/hard\libgcc.a(_udivmoddi4.o)
 *(.gnu.linkonce.armextab.*)

.v4_bx          0x000000000011d46c        0x0
 .v4_bx         0x000000000011d46c        0x0 linker stubs

.iplt           0x000000000011d46c        0x0
 .iplt          0x000000000011d46c        0x0 c:/xilinx/sdk/2017.2/gnu/aarch32/nt/gcc-arm-none-eabi/bin/../lib/gcc/arm-none-eabi/6.2.1/v7-a/fpv3/hard/crtbegin.o

.init           0x000000000011d46c       0x18
 *(.init)
 .init          0x000000000011d46c        0xc c:/xilinx/sdk/2017.2/gnu/aarch32/nt/gcc-arm-none-eabi/bin/../lib/gcc/arm-none-eabi/6.2.1/v7-a/fpv3/hard/crti.o
                0x000000000011d46c                _init
 .init          0x000000000011d478        0xc c:/xilinx/sdk/2017.2/gnu/aarch32/nt/gcc-arm-none-eabi/bin/../lib/gcc/arm-none-eabi/6.2.1/v7-a/fpv3/hard/crtn.o

.fini           0x000000000011d484       0x18
 *(.fini)
 .fini          0x000000000011d484        0xc c:/xilinx/sdk/2017.2/gnu/aarch32/nt/gcc-arm-none-eabi/bin/../lib/gcc/arm-none-eabi/6.2.1/v7-a/fpv3/hard/crti.o
                0x000000000011d484                _fini
 .fini          0x000000000011d490        0xc c:/xilinx/sdk/2017.2/gnu/aarch32/nt/gcc-arm-none-eabi/bin/../lib/gcc/arm-none-eabi/6.2.1/v7-a/fpv3/hard/crtn.o

.rodata         0x000000000011d4a0     0x4688
                0x000000000011d4a0                __rodata_start = .
 *(.rodata)
 .rodata        0x000000000011d4a0        0x8 ./src/helper.o
 .rodata        0x000000000011d4a8       0x47 ./src/platform_info.o
                0x000000000011d4a8                fw_table
                0x000000000011d4d0                fw_table_size
 *fill*         0x000000000011d4ef        0x1 
 .rodata        0x000000000011d4f0      0x63d ./src/rpc_demo.o
 *fill*         0x000000000011db2d        0x3 
 .rodata        0x000000000011db30      0x101 c:/xilinx/sdk/2017.2/gnu/aarch32/nt/gcc-arm-none-eabi/bin/../arm-none-eabi/libc/usr/lib/v7-a/fpv3/hard\libc.a(lib_a-ctype_.o)
                0x000000000011db30                _ctype_
 *fill*         0x000000000011dc31        0x3 
 .rodata        0x000000000011dc34        0x4 c:/xilinx/sdk/2017.2/gnu/aarch32/nt/gcc-arm-none-eabi/bin/../arm-none-eabi/libc/usr/lib/v7-a/fpv3/hard\libc.a(lib_a-impure.o)
                0x000000000011dc34                _global_impure_ptr
 .rodata        0x000000000011dc38       0x20 c:/xilinx/sdk/2017.2/gnu/aarch32/nt/gcc-arm-none-eabi/bin/../arm-none-eabi/libc/usr/lib/v7-a/fpv3/hard\libc.a(lib_a-vfprintf.o)
 .rodata        0x000000000011dc58       0x22 c:/xilinx/sdk/2017.2/gnu/aarch32/nt/gcc-arm-none-eabi/bin/../arm-none-eabi/libc/usr/lib/v7-a/fpv3/hard\libc.a(lib_a-vfscanf.o)
 *fill*         0x000000000011dc7a        0x2 
 .rodata        0x000000000011dc7c     0x34d0 c:/xilinx/sdk/2017.2/gnu/aarch32/nt/gcc-arm-none-eabi/bin/../arm-none-eabi/libc/usr/lib/v7-a/fpv3/hard\libc.a(lib_a-jp2uc.o)
 .rodata        0x000000000012114c       0x1c c:/xilinx/sdk/2017.2/gnu/aarch32/nt/gcc-arm-none-eabi/bin/../arm-none-eabi/libc/usr/lib/v7-a/fpv3/hard\libc.a(lib_a-locale.o)
 .rodata        0x0000000000121168       0x90 c:/xilinx/sdk/2017.2/gnu/aarch32/nt/gcc-arm-none-eabi/bin/../arm-none-eabi/libc/usr/lib/v7-a/fpv3/hard\libc.a(lib_a-mbtowc_r.o)
 .rodata        0x00000000001211f8      0x128 c:/xilinx/sdk/2017.2/gnu/aarch32/nt/gcc-arm-none-eabi/bin/../arm-none-eabi/libc/usr/lib/v7-a/fpv3/hard\libc.a(lib_a-mprec.o)
                0x0000000000121208                __mprec_tens
                0x00000000001212d0                __mprec_tinytens
                0x00000000001212f8                __mprec_bigtens
 .rodata        0x0000000000121320       0x50 c:/xilinx/sdk/2017.2/gnu/aarch32/nt/gcc-arm-none-eabi/bin/../arm-none-eabi/libc/usr/lib/v7-a/fpv3/hard\libc.a(lib_a-strtod.o)
 .rodata        0x0000000000121370       0x20 c:/xilinx/sdk/2017.2/gnu/aarch32/nt/gcc-arm-none-eabi/bin/../arm-none-eabi/libc/usr/lib/v7-a/fpv3/hard\libc.a(lib_a-svfprintf.o)
 .rodata        0x0000000000121390       0x20 c:/xilinx/sdk/2017.2/gnu/aarch32/nt/gcc-arm-none-eabi/bin/../arm-none-eabi/libc/usr/lib/v7-a/fpv3/hard\libc.a(lib_a-vfiprintf.o)
 .rodata        0x00000000001213b0      0x100 c:/xilinx/sdk/2017.2/gnu/aarch32/nt/gcc-arm-none-eabi/bin/../arm-none-eabi/libc/usr/lib/v7-a/fpv3/hard\libc.a(lib_a-gdtoa-gethex.o)
                0x00000000001213b0                __hexdig
 .rodata        0x00000000001214b0       0x20 c:/xilinx/sdk/2017.2/gnu/aarch32/nt/gcc-arm-none-eabi/bin/../arm-none-eabi/libc/usr/lib/v7-a/fpv3/hard\libc.a(lib_a-svfiprintf.o)
 .rodata        0x00000000001214d0       0x13 ../../slave_bsp/ps7_cortexa9_1/lib\libmetal.a(irq.c.obj)
 *fill*         0x00000000001214e3        0x1 
 .rodata        0x00000000001214e4        0xf ../../slave_bsp/ps7_cortexa9_1/lib\libopen_amp.a(zynq_remoteproc_a9.c.obj)
 *fill*         0x00000000001214f3        0x1 
 .rodata        0x00000000001214f4       0x13 ../../slave_bsp/ps7_cortexa9_1/lib\libmetal.a(device.c.obj)
 *fill*         0x0000000000121507        0x1 
 .rodata        0x0000000000121508       0x1d ../../slave_bsp/ps7_cortexa9_1/lib\libmetal.a(shmem.c.obj)
 *(.rodata.*)
 *fill*         0x0000000000121525        0x3 
 .rodata.str1.4
                0x0000000000121528        0xa ../../slave_bsp/ps7_cortexa9_1/lib\libxil.a(xscugic.o)
 *fill*         0x0000000000121532        0x2 
 .rodata.str1.4
                0x0000000000121534        0xf ../../slave_bsp/ps7_cortexa9_1/lib\libxil.a(xscugic_intr.o)
 *fill*         0x0000000000121543        0x1 
 .rodata.str1.4
                0x0000000000121544       0x11 ../../slave_bsp/ps7_cortexa9_1/lib\libxil.a(xil_printf.o)
 *fill*         0x0000000000121555        0x3 
 .rodata.str1.4
                0x0000000000121558        0x2 c:/xilinx/sdk/2017.2/gnu/aarch32/nt/gcc-arm-none-eabi/bin/../arm-none-eabi/libc/usr/lib/v7-a/fpv3/hard\libc.a(lib_a-impure.o)
 .rodata.str1.4
                0x000000000012155a        0x2 c:/xilinx/sdk/2017.2/gnu/aarch32/nt/gcc-arm-none-eabi/bin/../arm-none-eabi/libc/usr/lib/v7-a/fpv3/hard\libc.a(lib_a-puts.o)
 *fill*         0x000000000012155a        0x2 
 .rodata.str1.4
                0x000000000012155c       0x2e c:/xilinx/sdk/2017.2/gnu/aarch32/nt/gcc-arm-none-eabi/bin/../arm-none-eabi/libc/usr/lib/v7-a/fpv3/hard\libc.a(lib_a-vfprintf.o)
                                         0x42 (size before relaxing)
 *fill*         0x000000000012158a        0x2 
 .rodata.str1.4
                0x000000000012158c        0x5 c:/xilinx/sdk/2017.2/gnu/aarch32/nt/gcc-arm-none-eabi/bin/../arm-none-eabi/libc/usr/lib/v7-a/fpv3/hard\libc.a(lib_a-vfscanf.o)
 *fill*         0x0000000000121591        0x3 
 .rodata.str1.4
                0x0000000000121594       0x10 c:/xilinx/sdk/2017.2/gnu/aarch32/nt/gcc-arm-none-eabi/bin/../arm-none-eabi/libc/usr/lib/v7-a/fpv3/hard\libc.a(lib_a-dtoa.o)
                                         0x12 (size before relaxing)
 .rodata.str1.4
                0x00000000001215a4       0x12 c:/xilinx/sdk/2017.2/gnu/aarch32/nt/gcc-arm-none-eabi/bin/../arm-none-eabi/libc/usr/lib/v7-a/fpv3/hard\libc.a(lib_a-jp2uc.o)
 *fill*         0x00000000001215b6        0x2 
 .rodata.str1.4
                0x00000000001215b8      0x112 c:/xilinx/sdk/2017.2/gnu/aarch32/nt/gcc-arm-none-eabi/bin/../arm-none-eabi/libc/usr/lib/v7-a/fpv3/hard\libc.a(lib_a-locale.o)
                                        0x12d (size before relaxing)
 .rodata.str1.4
                0x00000000001216ca        0x1 c:/xilinx/sdk/2017.2/gnu/aarch32/nt/gcc-arm-none-eabi/bin/../arm-none-eabi/libc/usr/lib/v7-a/fpv3/hard\libc.a(lib_a-mbrtowc.o)
 *fill*         0x00000000001216ca        0x2 
 .rodata.str1.4
                0x00000000001216cc        0xf c:/xilinx/sdk/2017.2/gnu/aarch32/nt/gcc-arm-none-eabi/bin/../arm-none-eabi/libc/usr/lib/v7-a/fpv3/hard\libc.a(lib_a-strtod.o)
 .rodata.str1.4
                0x00000000001216db       0x42 c:/xilinx/sdk/2017.2/gnu/aarch32/nt/gcc-arm-none-eabi/bin/../arm-none-eabi/libc/usr/lib/v7-a/fpv3/hard\libc.a(lib_a-svfprintf.o)
 .rodata.str1.4
                0x00000000001216db       0x2f c:/xilinx/sdk/2017.2/gnu/aarch32/nt/gcc-arm-none-eabi/bin/../arm-none-eabi/libc/usr/lib/v7-a/fpv3/hard\libc.a(lib_a-vfiprintf.o)
 .rodata.str1.4
                0x00000000001216db       0x2f c:/xilinx/sdk/2017.2/gnu/aarch32/nt/gcc-arm-none-eabi/bin/../arm-none-eabi/libc/usr/lib/v7-a/fpv3/hard\libc.a(lib_a-svfiprintf.o)
 *fill*         0x00000000001216db        0x1 
 .rodata.str1.4
                0x00000000001216dc      0x111 ../../slave_bsp/ps7_cortexa9_1/lib\libmetal.a(irq.c.obj)
                                        0x115 (size before relaxing)
 *fill*         0x00000000001217ed        0x3 
 .rodata.str1.4
                0x00000000001217f0       0xbe ../../slave_bsp/ps7_cortexa9_1/lib\libopen_amp.a(virtqueue.c.obj)
 *fill*         0x00000000001218ae        0x2 
 .rodata.str1.4
                0x00000000001218b0       0x61 ../../slave_bsp/ps7_cortexa9_1/lib\libopen_amp.a(zynq_remoteproc_a9.c.obj)
                                         0x65 (size before relaxing)
 *fill*         0x0000000000121911        0x3 
 .rodata.str1.4
                0x0000000000121914        0xe ../../slave_bsp/ps7_cortexa9_1/lib\libopen_amp.a(rpmsg_core.c.obj)
 *fill*         0x0000000000121922        0x2 
 .rodata.str1.4
                0x0000000000121924       0x36 ../../slave_bsp/ps7_cortexa9_1/lib\libopen_amp.a(elf_loader.c.obj)
 *fill*         0x000000000012195a        0x2 
 .rodata.str1.4
                0x000000000012195c       0x3f c:/xilinx/sdk/2017.2/gnu/aarch32/nt/gcc-arm-none-eabi/bin/../arm-none-eabi/libc/usr/lib/v7-a/fpv3/hard\libc.a(lib_a-assert.o)
                                         0x43 (size before relaxing)
 *fill*         0x000000000012199b        0x1 
 .rodata.str1.4
                0x000000000012199c       0xcc ../../slave_bsp/ps7_cortexa9_1/lib\libmetal.a(device.c.obj)
 .rodata.str1.4
                0x0000000000121a68       0xc0 ../../slave_bsp/ps7_cortexa9_1/lib\libmetal.a(shmem.c.obj)
                                         0xbd (size before relaxing)
 *(.gnu.linkonce.r.*)
                0x0000000000121b28                __rodata_end = .

.rodata1        0x0000000000121b28        0x0
                0x0000000000121b28                __rodata1_start = .
 *(.rodata1)
 *(.rodata1.*)
                0x0000000000121b28                __rodata1_end = .

.sdata2         0x0000000000121b28        0x0
                0x0000000000121b28                __sdata2_start = .
 *(.sdata2)
 *(.sdata2.*)
 *(.gnu.linkonce.s2.*)
                0x0000000000121b28                __sdata2_end = .

.sbss2          0x0000000000121b28        0x0
                0x0000000000121b28                __sbss2_start = .
 *(.sbss2)
 *(.sbss2.*)
 *(.gnu.linkonce.sb2.*)
                0x0000000000121b28                __sbss2_end = .

.data           0x0000000000121b28     0x1140
                0x0000000000121b28                __data_start = .
 *(.data)
 .data          0x0000000000121b28        0x0 c:/xilinx/sdk/2017.2/gnu/aarch32/nt/gcc-arm-none-eabi/bin/../lib/gcc/arm-none-eabi/6.2.1/v7-a/fpv3/hard/crti.o
 .data          0x0000000000121b28        0x4 c:/xilinx/sdk/2017.2/gnu/aarch32/nt/gcc-arm-none-eabi/bin/../lib/gcc/arm-none-eabi/6.2.1/v7-a/fpv3/hard/crtbegin.o
                0x0000000000121b28                __dso_handle
 .data          0x0000000000121b2c        0x0 ./src/helper.o
 .data          0x0000000000121b2c        0x0 ./src/platform_info.o
 .data          0x0000000000121b2c        0x0 ./src/rpc_demo.o
 .data          0x0000000000121b2c        0x0 ./src/rsc_table.o
 .data          0x0000000000121b2c        0x4 ../../slave_bsp/ps7_cortexa9_1/lib\libxil.a(xscugic.o)
 .data          0x0000000000121b30        0x0 ../../slave_bsp/ps7_cortexa9_1/lib\libxil.a(xscugic_intr.o)
 .data          0x0000000000121b30        0x0 ../../slave_bsp/ps7_cortexa9_1/lib\libxil.a(xscugic_sinit.o)
 .data          0x0000000000121b30        0x0 ../../slave_bsp/ps7_cortexa9_1/lib\libxil.a(asm_vectors.o)
 .data          0x0000000000121b30        0x0 ../../slave_bsp/ps7_cortexa9_1/lib\libxil.a(boot.o)
 .data          0x0000000000121b30        0x0 ../../slave_bsp/ps7_cortexa9_1/lib\libxil.a(translation_table.o)
 .data          0x0000000000121b30        0x0 ../../slave_bsp/ps7_cortexa9_1/lib\libxil.a(vectors.o)
 .data          0x0000000000121b30        0x0 ../../slave_bsp/ps7_cortexa9_1/lib\libxil.a(xil-crt0.o)
 .data          0x0000000000121b30        0x4 ../../slave_bsp/ps7_cortexa9_1/lib\libxil.a(xil_assert.o)
                0x0000000000121b30                Xil_AssertWait
 .data          0x0000000000121b34        0x0 ../../slave_bsp/ps7_cortexa9_1/lib\libxil.a(xil_cache.o)
 .data          0x0000000000121b34       0x38 ../../slave_bsp/ps7_cortexa9_1/lib\libxil.a(xil_exception.o)
                0x0000000000121b34                XExc_VectorTable
 .data          0x0000000000121b6c        0x0 ../../slave_bsp/ps7_cortexa9_1/lib\libxil.a(xil_printf.o)
 .data          0x0000000000121b6c      0x624 ../../slave_bsp/ps7_cortexa9_1/lib\libxil.a(xscugic_g.o)
                0x0000000000121b6c                XScuGic_ConfigTable
 .data          0x0000000000122190        0x0 ../../slave_bsp/ps7_cortexa9_1/lib\libxil.a(cpu_init.o)
 .data          0x0000000000122190        0x0 ../../slave_bsp/ps7_cortexa9_1/lib\libxil.a(outbyte.o)
 .data          0x0000000000122190        0x0 ../../slave_bsp/ps7_cortexa9_1/lib\libxil.a(xuartps_hw.o)
 .data          0x0000000000122190        0x0 c:/xilinx/sdk/2017.2/gnu/aarch32/nt/gcc-arm-none-eabi/bin/../lib/gcc/arm-none-eabi/6.2.1/v7-a/fpv3/hard\libgcc.a(_udivsi3.o)
 .data          0x0000000000122190        0x0 c:/xilinx/sdk/2017.2/gnu/aarch32/nt/gcc-arm-none-eabi/bin/../lib/gcc/arm-none-eabi/6.2.1/v7-a/fpv3/hard\libgcc.a(_dvmd_tls.o)
 .data          0x0000000000122190        0x4 c:/xilinx/sdk/2017.2/gnu/aarch32/nt/gcc-arm-none-eabi/bin/../arm-none-eabi/libc/usr/lib/v7-a/fpv3/hard\libc.a(lib_a-ctype_.o)
                0x0000000000122190                __ctype_ptr__
 .data          0x0000000000122194        0x0 c:/xilinx/sdk/2017.2/gnu/aarch32/nt/gcc-arm-none-eabi/bin/../arm-none-eabi/libc/usr/lib/v7-a/fpv3/hard\libc.a(lib_a-exit.o)
 .data          0x0000000000122194        0x0 c:/xilinx/sdk/2017.2/gnu/aarch32/nt/gcc-arm-none-eabi/bin/../arm-none-eabi/libc/usr/lib/v7-a/fpv3/hard\libc.a(lib_a-fini.o)
 *fill*         0x0000000000122194        0x4 
 .data          0x0000000000122198      0x430 c:/xilinx/sdk/2017.2/gnu/aarch32/nt/gcc-arm-none-eabi/bin/../arm-none-eabi/libc/usr/lib/v7-a/fpv3/hard\libc.a(lib_a-impure.o)
                0x0000000000122198                _impure_ptr
 .data          0x00000000001225c8        0x0 c:/xilinx/sdk/2017.2/gnu/aarch32/nt/gcc-arm-none-eabi/bin/../arm-none-eabi/libc/usr/lib/v7-a/fpv3/hard\libc.a(lib_a-init.o)
 .data          0x00000000001225c8        0x0 c:/xilinx/sdk/2017.2/gnu/aarch32/nt/gcc-arm-none-eabi/bin/../arm-none-eabi/libc/usr/lib/v7-a/fpv3/hard\libc.a(lib_a-printf.o)
 .data          0x00000000001225c8        0x0 c:/xilinx/sdk/2017.2/gnu/aarch32/nt/gcc-arm-none-eabi/bin/../arm-none-eabi/libc/usr/lib/v7-a/fpv3/hard\libc.a(lib_a-puts.o)
 .data          0x00000000001225c8        0x0 c:/xilinx/sdk/2017.2/gnu/aarch32/nt/gcc-arm-none-eabi/bin/../arm-none-eabi/libc/usr/lib/v7-a/fpv3/hard\libc.a(lib_a-scanf.o)
 .data          0x00000000001225c8        0x0 c:/xilinx/sdk/2017.2/gnu/aarch32/nt/gcc-arm-none-eabi/bin/../arm-none-eabi/libc/usr/lib/v7-a/fpv3/hard\libc.a(lib_a-strcmp.o)
 .data          0x00000000001225c8        0x0 c:/xilinx/sdk/2017.2/gnu/aarch32/nt/gcc-arm-none-eabi/bin/../arm-none-eabi/libc/usr/lib/v7-a/fpv3/hard\libc.a(lib_a-strlen.o)
 .data          0x00000000001225c8        0x0 c:/xilinx/sdk/2017.2/gnu/aarch32/nt/gcc-arm-none-eabi/bin/../arm-none-eabi/libc/usr/lib/v7-a/fpv3/hard\libc.a(lib_a-sysclose.o)
 .data          0x00000000001225c8        0x0 c:/xilinx/sdk/2017.2/gnu/aarch32/nt/gcc-arm-none-eabi/bin/../arm-none-eabi/libc/usr/lib/v7-a/fpv3/hard\libc.a(lib_a-sysopen.o)
 .data          0x00000000001225c8        0x0 c:/xilinx/sdk/2017.2/gnu/aarch32/nt/gcc-arm-none-eabi/bin/../arm-none-eabi/libc/usr/lib/v7-a/fpv3/hard\libc.a(lib_a-sysread.o)
 .data          0x00000000001225c8        0x0 c:/xilinx/sdk/2017.2/gnu/aarch32/nt/gcc-arm-none-eabi/bin/../arm-none-eabi/libc/usr/lib/v7-a/fpv3/hard\libc.a(lib_a-syswrite.o)
 .data          0x00000000001225c8        0x0 c:/xilinx/sdk/2017.2/gnu/aarch32/nt/gcc-arm-none-eabi/bin/../arm-none-eabi/libc/usr/lib/v7-a/fpv3/hard\libc.a(lib_a-vfprintf.o)
 .data          0x00000000001225c8        0x0 c:/xilinx/sdk/2017.2/gnu/aarch32/nt/gcc-arm-none-eabi/bin/../arm-none-eabi/libc/usr/lib/v7-a/fpv3/hard\libc.a(lib_a-vfscanf.o)
 .data          0x00000000001225c8        0x0 c:/xilinx/sdk/2017.2/gnu/aarch32/nt/gcc-arm-none-eabi/bin/../arm-none-eabi/libc/usr/lib/v7-a/fpv3/hard\libc.a(lib_a-wcrtomb.o)
 .data          0x00000000001225c8        0x0 c:/xilinx/sdk/2017.2/gnu/aarch32/nt/gcc-arm-none-eabi/bin/../arm-none-eabi/libc/usr/lib/v7-a/fpv3/hard\libc.a(lib_a-wcsrtombs.o)
 .data          0x00000000001225c8        0x4 c:/xilinx/sdk/2017.2/gnu/aarch32/nt/gcc-arm-none-eabi/bin/../arm-none-eabi/libc/usr/lib/v7-a/fpv3/hard\libc.a(lib_a-wctomb_r.o)
                0x00000000001225c8                __wctomb
 .data          0x00000000001225cc        0x0 c:/xilinx/sdk/2017.2/gnu/aarch32/nt/gcc-arm-none-eabi/bin/../arm-none-eabi/libc/usr/lib/v7-a/fpv3/hard\libc.a(lib_a-writer.o)
 .data          0x00000000001225cc        0x0 c:/xilinx/sdk/2017.2/gnu/aarch32/nt/gcc-arm-none-eabi/bin/../arm-none-eabi/libc/usr/lib/v7-a/fpv3/hard\libc.a(lib_a-wsetup.o)
 .data          0x00000000001225cc        0x0 c:/xilinx/sdk/2017.2/gnu/aarch32/nt/gcc-arm-none-eabi/bin/../arm-none-eabi/libc/usr/lib/v7-a/fpv3/hard\libc.a(lib_a-__call_atexit.o)
 .data          0x00000000001225cc        0x0 c:/xilinx/sdk/2017.2/gnu/aarch32/nt/gcc-arm-none-eabi/bin/../arm-none-eabi/libc/usr/lib/v7-a/fpv3/hard\libc.a(lib_a-closer.o)
 .data          0x00000000001225cc        0x0 c:/xilinx/sdk/2017.2/gnu/aarch32/nt/gcc-arm-none-eabi/bin/../arm-none-eabi/libc/usr/lib/v7-a/fpv3/hard\libc.a(lib_a-dtoa.o)
 .data          0x00000000001225cc        0x0 c:/xilinx/sdk/2017.2/gnu/aarch32/nt/gcc-arm-none-eabi/bin/../arm-none-eabi/libc/usr/lib/v7-a/fpv3/hard\libc.a(lib_a-fflush.o)
 .data          0x00000000001225cc        0x0 c:/xilinx/sdk/2017.2/gnu/aarch32/nt/gcc-arm-none-eabi/bin/../arm-none-eabi/libc/usr/lib/v7-a/fpv3/hard\libc.a(lib_a-findfp.o)
 .data          0x00000000001225cc        0x0 c:/xilinx/sdk/2017.2/gnu/aarch32/nt/gcc-arm-none-eabi/bin/../arm-none-eabi/libc/usr/lib/v7-a/fpv3/hard\libc.a(lib_a-fread.o)
 .data          0x00000000001225cc        0x0 c:/xilinx/sdk/2017.2/gnu/aarch32/nt/gcc-arm-none-eabi/bin/../arm-none-eabi/libc/usr/lib/v7-a/fpv3/hard\libc.a(lib_a-freer.o)
 .data          0x00000000001225cc        0x0 c:/xilinx/sdk/2017.2/gnu/aarch32/nt/gcc-arm-none-eabi/bin/../arm-none-eabi/libc/usr/lib/v7-a/fpv3/hard\libc.a(lib_a-fvwrite.o)
 .data          0x00000000001225cc        0x0 c:/xilinx/sdk/2017.2/gnu/aarch32/nt/gcc-arm-none-eabi/bin/../arm-none-eabi/libc/usr/lib/v7-a/fpv3/hard\libc.a(lib_a-fwalk.o)
 .data          0x00000000001225cc        0x0 c:/xilinx/sdk/2017.2/gnu/aarch32/nt/gcc-arm-none-eabi/bin/../arm-none-eabi/libc/usr/lib/v7-a/fpv3/hard\libc.a(lib_a-iswspace.o)
 .data          0x00000000001225cc        0x0 c:/xilinx/sdk/2017.2/gnu/aarch32/nt/gcc-arm-none-eabi/bin/../arm-none-eabi/libc/usr/lib/v7-a/fpv3/hard\libc.a(lib_a-jp2uc.o)
 .data          0x00000000001225cc      0x17c c:/xilinx/sdk/2017.2/gnu/aarch32/nt/gcc-arm-none-eabi/bin/../arm-none-eabi/libc/usr/lib/v7-a/fpv3/hard\libc.a(lib_a-locale.o)
                0x00000000001225cc                __default_locale
                0x00000000001226ec                __mb_cur_max
 .data          0x0000000000122748        0x0 c:/xilinx/sdk/2017.2/gnu/aarch32/nt/gcc-arm-none-eabi/bin/../arm-none-eabi/libc/usr/lib/v7-a/fpv3/hard\libc.a(lib_a-makebuf.o)
 .data          0x0000000000122748      0x410 c:/xilinx/sdk/2017.2/gnu/aarch32/nt/gcc-arm-none-eabi/bin/../arm-none-eabi/libc/usr/lib/v7-a/fpv3/hard\libc.a(lib_a-mallocr.o)
                0x0000000000122748                __malloc_av_
                0x0000000000122b50                __malloc_sbrk_base
                0x0000000000122b54                __malloc_trim_threshold
 .data          0x0000000000122b58        0x0 c:/xilinx/sdk/2017.2/gnu/aarch32/nt/gcc-arm-none-eabi/bin/../arm-none-eabi/libc/usr/lib/v7-a/fpv3/hard\libc.a(lib_a-mbrtowc.o)
 .data          0x0000000000122b58        0x4 c:/xilinx/sdk/2017.2/gnu/aarch32/nt/gcc-arm-none-eabi/bin/../arm-none-eabi/libc/usr/lib/v7-a/fpv3/hard\libc.a(lib_a-mbtowc_r.o)
                0x0000000000122b58                __mbtowc
 .data          0x0000000000122b5c        0x0 c:/xilinx/sdk/2017.2/gnu/aarch32/nt/gcc-arm-none-eabi/bin/../arm-none-eabi/libc/usr/lib/v7-a/fpv3/hard\libc.a(lib_a-memchr.o)
 .data          0x0000000000122b5c        0x0 c:/xilinx/sdk/2017.2/gnu/aarch32/nt/gcc-arm-none-eabi/bin/../arm-none-eabi/libc/usr/lib/v7-a/fpv3/hard\libc.a(lib_a-memcpy.o)
 .data          0x0000000000122b5c        0x0 c:/xilinx/sdk/2017.2/gnu/aarch32/nt/gcc-arm-none-eabi/bin/../arm-none-eabi/libc/usr/lib/v7-a/fpv3/hard\libc.a(lib_a-memmove.o)
 .data          0x0000000000122b5c        0x0 c:/xilinx/sdk/2017.2/gnu/aarch32/nt/gcc-arm-none-eabi/bin/../arm-none-eabi/libc/usr/lib/v7-a/fpv3/hard\libc.a(lib_a-memset.o)
 .data          0x0000000000122b5c        0x0 c:/xilinx/sdk/2017.2/gnu/aarch32/nt/gcc-arm-none-eabi/bin/../arm-none-eabi/libc/usr/lib/v7-a/fpv3/hard\libc.a(lib_a-mlock.o)
 .data          0x0000000000122b5c        0x0 c:/xilinx/sdk/2017.2/gnu/aarch32/nt/gcc-arm-none-eabi/bin/../arm-none-eabi/libc/usr/lib/v7-a/fpv3/hard\libc.a(lib_a-mprec.o)
 .data          0x0000000000122b5c        0x0 c:/xilinx/sdk/2017.2/gnu/aarch32/nt/gcc-arm-none-eabi/bin/../arm-none-eabi/libc/usr/lib/v7-a/fpv3/hard\libc.a(lib_a-openr.o)
 .data          0x0000000000122b5c        0x0 c:/xilinx/sdk/2017.2/gnu/aarch32/nt/gcc-arm-none-eabi/bin/../arm-none-eabi/libc/usr/lib/v7-a/fpv3/hard\libc.a(lib_a-readr.o)
 .data          0x0000000000122b5c        0x0 c:/xilinx/sdk/2017.2/gnu/aarch32/nt/gcc-arm-none-eabi/bin/../arm-none-eabi/libc/usr/lib/v7-a/fpv3/hard\libc.a(lib_a-reallocr.o)
 .data          0x0000000000122b5c        0x0 c:/xilinx/sdk/2017.2/gnu/aarch32/nt/gcc-arm-none-eabi/bin/../arm-none-eabi/libc/usr/lib/v7-a/fpv3/hard\libc.a(lib_a-reent.o)
 .data          0x0000000000122b5c        0x0 c:/xilinx/sdk/2017.2/gnu/aarch32/nt/gcc-arm-none-eabi/bin/../arm-none-eabi/libc/usr/lib/v7-a/fpv3/hard\libc.a(lib_a-refill.o)
 .data          0x0000000000122b5c        0x0 c:/xilinx/sdk/2017.2/gnu/aarch32/nt/gcc-arm-none-eabi/bin/../arm-none-eabi/libc/usr/lib/v7-a/fpv3/hard\libc.a(lib_a-sbrkr.o)
 .data          0x0000000000122b5c        0x0 c:/xilinx/sdk/2017.2/gnu/aarch32/nt/gcc-arm-none-eabi/bin/../arm-none-eabi/libc/usr/lib/v7-a/fpv3/hard\libc.a(lib_a-sccl.o)
 .data          0x0000000000122b5c        0x0 c:/xilinx/sdk/2017.2/gnu/aarch32/nt/gcc-arm-none-eabi/bin/../arm-none-eabi/libc/usr/lib/v7-a/fpv3/hard\libc.a(lib_a-sf_nan.o)
 .data          0x0000000000122b5c        0x0 c:/xilinx/sdk/2017.2/gnu/aarch32/nt/gcc-arm-none-eabi/bin/../arm-none-eabi/libc/usr/lib/v7-a/fpv3/hard\libc.a(lib_a-s_frexp.o)
 .data          0x0000000000122b5c        0x0 c:/xilinx/sdk/2017.2/gnu/aarch32/nt/gcc-arm-none-eabi/bin/../arm-none-eabi/libc/usr/lib/v7-a/fpv3/hard\libc.a(lib_a-sprintf.o)
 .data          0x0000000000122b5c        0x0 c:/xilinx/sdk/2017.2/gnu/aarch32/nt/gcc-arm-none-eabi/bin/../arm-none-eabi/libc/usr/lib/v7-a/fpv3/hard\libc.a(lib_a-stdio.o)
 .data          0x0000000000122b5c        0x0 c:/xilinx/sdk/2017.2/gnu/aarch32/nt/gcc-arm-none-eabi/bin/../arm-none-eabi/libc/usr/lib/v7-a/fpv3/hard\libc.a(lib_a-stpncpy.o)
 .data          0x0000000000122b5c        0x0 c:/xilinx/sdk/2017.2/gnu/aarch32/nt/gcc-arm-none-eabi/bin/../arm-none-eabi/libc/usr/lib/v7-a/fpv3/hard\libc.a(lib_a-strcasecmp.o)
 .data          0x0000000000122b5c        0x0 c:/xilinx/sdk/2017.2/gnu/aarch32/nt/gcc-arm-none-eabi/bin/../arm-none-eabi/libc/usr/lib/v7-a/fpv3/hard\libc.a(lib_a-strcat.o)
 .data          0x0000000000122b5c        0x0 c:/xilinx/sdk/2017.2/gnu/aarch32/nt/gcc-arm-none-eabi/bin/../arm-none-eabi/libc/usr/lib/v7-a/fpv3/hard\libc.a(lib_a-strchr.o)
 .data          0x0000000000122b5c        0x0 c:/xilinx/sdk/2017.2/gnu/aarch32/nt/gcc-arm-none-eabi/bin/../arm-none-eabi/libc/usr/lib/v7-a/fpv3/hard\libc.a(lib_a-strcpy.o)
 .data          0x0000000000122b5c        0x0 c:/xilinx/sdk/2017.2/gnu/aarch32/nt/gcc-arm-none-eabi/bin/../arm-none-eabi/libc/usr/lib/v7-a/fpv3/hard\libc.a(lib_a-strlcpy.o)
 .data          0x0000000000122b5c        0x0 c:/xilinx/sdk/2017.2/gnu/aarch32/nt/gcc-arm-none-eabi/bin/../arm-none-eabi/libc/usr/lib/v7-a/fpv3/hard\libc.a(lib_a-strncasecmp.o)
 .data          0x0000000000122b5c        0x0 c:/xilinx/sdk/2017.2/gnu/aarch32/nt/gcc-arm-none-eabi/bin/../arm-none-eabi/libc/usr/lib/v7-a/fpv3/hard\libc.a(lib_a-strncmp.o)
 .data          0x0000000000122b5c        0x0 c:/xilinx/sdk/2017.2/gnu/aarch32/nt/gcc-arm-none-eabi/bin/../arm-none-eabi/libc/usr/lib/v7-a/fpv3/hard\libc.a(lib_a-strncpy.o)
 .data          0x0000000000122b5c        0x0 c:/xilinx/sdk/2017.2/gnu/aarch32/nt/gcc-arm-none-eabi/bin/../arm-none-eabi/libc/usr/lib/v7-a/fpv3/hard\libc.a(lib_a-strtod.o)
 .data          0x0000000000122b5c        0x0 c:/xilinx/sdk/2017.2/gnu/aarch32/nt/gcc-arm-none-eabi/bin/../arm-none-eabi/libc/usr/lib/v7-a/fpv3/hard\libc.a(lib_a-strtoll_r.o)
 .data          0x0000000000122b5c        0x0 c:/xilinx/sdk/2017.2/gnu/aarch32/nt/gcc-arm-none-eabi/bin/../arm-none-eabi/libc/usr/lib/v7-a/fpv3/hard\libc.a(lib_a-strtol.o)
 .data          0x0000000000122b5c        0x0 c:/xilinx/sdk/2017.2/gnu/aarch32/nt/gcc-arm-none-eabi/bin/../arm-none-eabi/libc/usr/lib/v7-a/fpv3/hard\libc.a(lib_a-strtoull_r.o)
 .data          0x0000000000122b5c        0x0 c:/xilinx/sdk/2017.2/gnu/aarch32/nt/gcc-arm-none-eabi/bin/../arm-none-eabi/libc/usr/lib/v7-a/fpv3/hard\libc.a(lib_a-strtoul.o)
 .data          0x0000000000122b5c        0x0 c:/xilinx/sdk/2017.2/gnu/aarch32/nt/gcc-arm-none-eabi/bin/../arm-none-eabi/libc/usr/lib/v7-a/fpv3/hard\libc.a(lib_a-svfprintf.o)
 .data          0x0000000000122b5c        0x0 c:/xilinx/sdk/2017.2/gnu/aarch32/nt/gcc-arm-none-eabi/bin/../arm-none-eabi/libc/usr/lib/v7-a/fpv3/hard\libc.a(lib_a-ungetc.o)
 .data          0x0000000000122b5c        0x0 c:/xilinx/sdk/2017.2/gnu/aarch32/nt/gcc-arm-none-eabi/bin/../arm-none-eabi/libc/usr/lib/v7-a/fpv3/hard\libc.a(lib_a-vfiprintf.o)
 .data          0x0000000000122b5c        0x0 c:/xilinx/sdk/2017.2/gnu/aarch32/nt/gcc-arm-none-eabi/bin/../arm-none-eabi/libc/usr/lib/v7-a/fpv3/hard\libc.a(lib_a-wcsnrtombs.o)
 .data          0x0000000000122b5c        0x0 c:/xilinx/sdk/2017.2/gnu/aarch32/nt/gcc-arm-none-eabi/bin/../arm-none-eabi/libc/usr/lib/v7-a/fpv3/hard\libc.a(lib_a-callocr.o)
 .data          0x0000000000122b5c        0x0 c:/xilinx/sdk/2017.2/gnu/aarch32/nt/gcc-arm-none-eabi/bin/../arm-none-eabi/libc/usr/lib/v7-a/fpv3/hard\libc.a(lib_a-fclose.o)
 .data          0x0000000000122b5c        0x0 c:/xilinx/sdk/2017.2/gnu/aarch32/nt/gcc-arm-none-eabi/bin/../arm-none-eabi/libc/usr/lib/v7-a/fpv3/hard\libc.a(lib_a-fputwc.o)
 .data          0x0000000000122b5c        0x0 c:/xilinx/sdk/2017.2/gnu/aarch32/nt/gcc-arm-none-eabi/bin/../arm-none-eabi/libc/usr/lib/v7-a/fpv3/hard\libc.a(lib_a-fstatr.o)
 .data          0x0000000000122b5c        0x0 c:/xilinx/sdk/2017.2/gnu/aarch32/nt/gcc-arm-none-eabi/bin/../arm-none-eabi/libc/usr/lib/v7-a/fpv3/hard\libc.a(lib_a-gdtoa-gethex.o)
 .data          0x0000000000122b5c        0x0 c:/xilinx/sdk/2017.2/gnu/aarch32/nt/gcc-arm-none-eabi/bin/../arm-none-eabi/libc/usr/lib/v7-a/fpv3/hard\libc.a(lib_a-gdtoa-hexnan.o)
 .data          0x0000000000122b5c        0x0 c:/xilinx/sdk/2017.2/gnu/aarch32/nt/gcc-arm-none-eabi/bin/../arm-none-eabi/libc/usr/lib/v7-a/fpv3/hard\libc.a(lib_a-getenv_r.o)
 .data          0x0000000000122b5c        0x0 c:/xilinx/sdk/2017.2/gnu/aarch32/nt/gcc-arm-none-eabi/bin/../arm-none-eabi/libc/usr/lib/v7-a/fpv3/hard\libc.a(lib_a-isattyr.o)
 .data          0x0000000000122b5c        0x0 c:/xilinx/sdk/2017.2/gnu/aarch32/nt/gcc-arm-none-eabi/bin/../arm-none-eabi/libc/usr/lib/v7-a/fpv3/hard\libc.a(lib_a-lseekr.o)
 .data          0x0000000000122b5c        0x0 c:/xilinx/sdk/2017.2/gnu/aarch32/nt/gcc-arm-none-eabi/bin/../arm-none-eabi/libc/usr/lib/v7-a/fpv3/hard\libc.a(lib_a-svfiprintf.o)
 .data          0x0000000000122b5c        0x0 c:/xilinx/sdk/2017.2/gnu/aarch32/nt/gcc-arm-none-eabi/bin/../arm-none-eabi/libc/usr/lib/v7-a/fpv3/hard\libc.a(lib_a-wbuf.o)
 .data          0x0000000000122b5c        0x4 c:/xilinx/sdk/2017.2/gnu/aarch32/nt/gcc-arm-none-eabi/bin/../arm-none-eabi/libc/usr/lib/v7-a/fpv3/hard\libc.a(lib_a-environ.o)
                0x0000000000122b5c                environ
 .data          0x0000000000122b60        0x0 c:/xilinx/sdk/2017.2/gnu/aarch32/nt/gcc-arm-none-eabi/bin/../arm-none-eabi/libc/usr/lib/v7-a/fpv3/hard\libc.a(lib_a-envlock.o)
 .data          0x0000000000122b60        0x0 ../../slave_bsp/ps7_cortexa9_1/lib\libxil.a(_exit.o)
 .data          0x0000000000122b60        0x0 ../../slave_bsp/ps7_cortexa9_1/lib\libxil.a(_sbrk.o)
 .data          0x0000000000122b60        0x0 ../../slave_bsp/ps7_cortexa9_1/lib\libxil.a(fstat.o)
 .data          0x0000000000122b60        0x0 ../../slave_bsp/ps7_cortexa9_1/lib\libxil.a(isatty.o)
 .data          0x0000000000122b60        0x0 ../../slave_bsp/ps7_cortexa9_1/lib\libxil.a(lseek.o)
 .data          0x0000000000122b60        0x0 ../../slave_bsp/ps7_cortexa9_1/lib\libxil.a(errno.o)
 .data          0x0000000000122b60        0x0 c:/xilinx/sdk/2017.2/gnu/aarch32/nt/gcc-arm-none-eabi/bin/../lib/gcc/arm-none-eabi/6.2.1/v7-a/fpv3/hard\libgcc.a(_divsi3.o)
 .data          0x0000000000122b60        0x0 c:/xilinx/sdk/2017.2/gnu/aarch32/nt/gcc-arm-none-eabi/bin/../lib/gcc/arm-none-eabi/6.2.1/v7-a/fpv3/hard\libgcc.a(_aeabi_uldivmod.o)
 .data          0x0000000000122b60        0x0 c:/xilinx/sdk/2017.2/gnu/aarch32/nt/gcc-arm-none-eabi/bin/../lib/gcc/arm-none-eabi/6.2.1/v7-a/fpv3/hard\libgcc.a(_udivmoddi4.o)
 .data          0x0000000000122b60        0x0 ../../slave_bsp/ps7_cortexa9_1/lib\libmetal.a(init.c.obj)
 .data          0x0000000000122b60        0x0 ../../slave_bsp/ps7_cortexa9_1/lib\libmetal.a(log.c.obj)
 .data          0x0000000000122b60        0x0 ../../slave_bsp/ps7_cortexa9_1/lib\libmetal.a(init.c.obj)
 .data          0x0000000000122b60        0x0 ../../slave_bsp/ps7_cortexa9_1/lib\libmetal.a(irq.c.obj)
 .data          0x0000000000122b60        0x4 ../../slave_bsp/ps7_cortexa9_1/lib\libmetal.a(sys.c.obj)
 .data          0x0000000000122b64       0x50 ../../slave_bsp/ps7_cortexa9_1/lib\libopen_amp.a(hil.c.obj)
                0x0000000000122b64                hil_shm_generic_io
                0x0000000000122b88                hil_devmem_generic_io
 .data          0x0000000000122bb4        0x0 ../../slave_bsp/ps7_cortexa9_1/lib\libopen_amp.a(firmware.c.obj)
 .data          0x0000000000122bb4        0x0 ../../slave_bsp/ps7_cortexa9_1/lib\libopen_amp.a(virtqueue.c.obj)
 .data          0x0000000000122bb4        0x0 ../../slave_bsp/ps7_cortexa9_1/lib\libopen_amp.a(remoteproc.c.obj)
 .data          0x0000000000122bb4        0x0 ../../slave_bsp/ps7_cortexa9_1/lib\libopen_amp.a(remoteproc_loader.c.obj)
 .data          0x0000000000122bb4       0x1c ../../slave_bsp/ps7_cortexa9_1/lib\libopen_amp.a(rsc_table_parser.c.obj)
                0x0000000000122bb4                rsc_handler_table
 .data          0x0000000000122bd0       0x44 ../../slave_bsp/ps7_cortexa9_1/lib\libopen_amp.a(zynq_remoteproc_a9.c.obj)
                0x0000000000122bf8                zynq_a9_proc_ops
 .data          0x0000000000122c14        0x0 ../../slave_bsp/ps7_cortexa9_1/lib\libopen_amp.a(rpmsg_retarget.c.obj)
 .data          0x0000000000122c14        0x0 ../../slave_bsp/ps7_cortexa9_1/lib\libopen_amp.a(rpmsg.c.obj)
 .data          0x0000000000122c14        0x0 ../../slave_bsp/ps7_cortexa9_1/lib\libopen_amp.a(rpmsg_core.c.obj)
 .data          0x0000000000122c14        0x0 ../../slave_bsp/ps7_cortexa9_1/lib\libopen_amp.a(elf_loader.c.obj)
 .data          0x0000000000122c14        0x0 ../../slave_bsp/ps7_cortexa9_1/lib\libopen_amp.a(sh_mem.c.obj)
 .data          0x0000000000122c14       0x24 ../../slave_bsp/ps7_cortexa9_1/lib\libopen_amp.a(remote_device.c.obj)
                0x0000000000122c14                rpmsg_rdev_config_ops
 .data          0x0000000000122c38        0x0 c:/xilinx/sdk/2017.2/gnu/aarch32/nt/gcc-arm-none-eabi/bin/../arm-none-eabi/libc/usr/lib/v7-a/fpv3/hard\libc.a(lib_a-assert.o)
 .data          0x0000000000122c38        0x0 c:/xilinx/sdk/2017.2/gnu/aarch32/nt/gcc-arm-none-eabi/bin/../arm-none-eabi/libc/usr/lib/v7-a/fpv3/hard\libc.a(lib_a-calloc.o)
 .data          0x0000000000122c38        0x0 c:/xilinx/sdk/2017.2/gnu/aarch32/nt/gcc-arm-none-eabi/bin/../arm-none-eabi/libc/usr/lib/v7-a/fpv3/hard\libc.a(lib_a-fiprintf.o)
 .data          0x0000000000122c38        0x0 c:/xilinx/sdk/2017.2/gnu/aarch32/nt/gcc-arm-none-eabi/bin/../arm-none-eabi/libc/usr/lib/v7-a/fpv3/hard\libc.a(lib_a-malloc.o)
 .data          0x0000000000122c38        0x0 c:/xilinx/sdk/2017.2/gnu/aarch32/nt/gcc-arm-none-eabi/bin/../arm-none-eabi/libc/usr/lib/v7-a/fpv3/hard\libc.a(lib_a-abort.o)
 .data          0x0000000000122c38        0x0 c:/xilinx/sdk/2017.2/gnu/aarch32/nt/gcc-arm-none-eabi/bin/../arm-none-eabi/libc/usr/lib/v7-a/fpv3/hard\libc.a(lib_a-signal.o)
 .data          0x0000000000122c38        0x0 c:/xilinx/sdk/2017.2/gnu/aarch32/nt/gcc-arm-none-eabi/bin/../arm-none-eabi/libc/usr/lib/v7-a/fpv3/hard\libc.a(lib_a-signalr.o)
 .data          0x0000000000122c38        0x0 ../../slave_bsp/ps7_cortexa9_1/lib\libxil.a(getpid.o)
 .data          0x0000000000122c38        0x0 ../../slave_bsp/ps7_cortexa9_1/lib\libxil.a(kill.o)
 .data          0x0000000000122c38        0x0 ../../slave_bsp/ps7_cortexa9_1/lib\libxil.a(xil_mmu.o)
 .data          0x0000000000122c38       0x2c ../../slave_bsp/ps7_cortexa9_1/lib\libmetal.a(device.c.obj)
                0x0000000000122c38                metal_generic_bus
 .data          0x0000000000122c64        0x0 ../../slave_bsp/ps7_cortexa9_1/lib\libmetal.a(io.c.obj)
 .data          0x0000000000122c64        0x0 ../../slave_bsp/ps7_cortexa9_1/lib\libmetal.a(shmem.c.obj)
 .data          0x0000000000122c64        0x0 ../../slave_bsp/ps7_cortexa9_1/lib\libmetal.a(cache.c.obj)
 .data          0x0000000000122c64        0x0 ../../slave_bsp/ps7_cortexa9_1/lib\libmetal.a(io.c.obj)
 .data          0x0000000000122c64        0x0 ../../slave_bsp/ps7_cortexa9_1/lib\libmetal.a(sleep.c.obj)
 .data          0x0000000000122c64        0x0 ../../slave_bsp/ps7_cortexa9_1/lib\libmetal.a(shmem.c.obj)
 .data          0x0000000000122c64        0x0 c:/xilinx/sdk/2017.2/gnu/aarch32/nt/gcc-arm-none-eabi/bin/../lib/gcc/arm-none-eabi/6.2.1/v7-a/fpv3/hard/crtend.o
 .data          0x0000000000122c64        0x0 c:/xilinx/sdk/2017.2/gnu/aarch32/nt/gcc-arm-none-eabi/bin/../lib/gcc/arm-none-eabi/6.2.1/v7-a/fpv3/hard/crtn.o
 *(.data.*)
 *(.gnu.linkonce.d.*)
 *(.jcr)
 .jcr           0x0000000000122c64        0x0 c:/xilinx/sdk/2017.2/gnu/aarch32/nt/gcc-arm-none-eabi/bin/../lib/gcc/arm-none-eabi/6.2.1/v7-a/fpv3/hard/crtbegin.o
 .jcr           0x0000000000122c64        0x4 c:/xilinx/sdk/2017.2/gnu/aarch32/nt/gcc-arm-none-eabi/bin/../lib/gcc/arm-none-eabi/6.2.1/v7-a/fpv3/hard/crtend.o
 *(.got)
 *(.got.plt)
                0x0000000000122c68                __data_end = .

.tm_clone_table
                0x0000000000122c68        0x0
 .tm_clone_table
                0x0000000000122c68        0x0 c:/xilinx/sdk/2017.2/gnu/aarch32/nt/gcc-arm-none-eabi/bin/../lib/gcc/arm-none-eabi/6.2.1/v7-a/fpv3/hard/crtbegin.o
 .tm_clone_table
                0x0000000000122c68        0x0 c:/xilinx/sdk/2017.2/gnu/aarch32/nt/gcc-arm-none-eabi/bin/../lib/gcc/arm-none-eabi/6.2.1/v7-a/fpv3/hard/crtend.o

.igot.plt       0x0000000000122c68        0x0
 .igot.plt      0x0000000000122c68        0x0 c:/xilinx/sdk/2017.2/gnu/aarch32/nt/gcc-arm-none-eabi/bin/../lib/gcc/arm-none-eabi/6.2.1/v7-a/fpv3/hard/crtbegin.o

.resource_table
                0x0000000000122c68       0x88
 .resource_table
                0x0000000000122c68       0x88 ./src/rsc_table.o
                0x0000000000122c68                resources

.got2           0x0000000000122cf0        0x0
 .got2          0x0000000000122cf0        0x0 ../../slave_bsp/ps7_cortexa9_1/lib\libxil.a(xil-crt0.o)

.data1          0x0000000000122cf0        0x0
                0x0000000000122cf0                __data1_start = .
 *(.data1)
 *(.data1.*)
                0x0000000000122cf0                __data1_end = .

.got
 *(.got)

.ctors          0x0000000000122cf0        0x0
                0x0000000000122cf0                __CTOR_LIST__ = .
                0x0000000000122cf0                ___CTORS_LIST___ = .
 *crtbegin.o(.ctors)
 *(EXCLUDE_FILE(*crtend.o) .ctors)
 *(SORT(.ctors.*))
 *(.ctors)
                0x0000000000122cf0                __CTOR_END__ = .
                0x0000000000122cf0                ___CTORS_END___ = .

.dtors          0x0000000000122cf0        0x0
                0x0000000000122cf0                __DTOR_LIST__ = .
                0x0000000000122cf0                ___DTORS_LIST___ = .
 *crtbegin.o(.dtors)
 *(EXCLUDE_FILE(*crtend.o) .dtors)
 *(SORT(.dtors.*))
 *(.dtors)
                0x0000000000122cf0                __DTOR_END__ = .
                0x0000000000122cf0                ___DTORS_END___ = .

.fixup          0x0000000000122cf0        0x0
                0x0000000000122cf0                __fixup_start = .
 *(.fixup)
                0x0000000000122cf0                __fixup_end = .

.eh_frame       0x0000000000122cf0        0x4
 *(.eh_frame)
 .eh_frame      0x0000000000122cf0        0x0 c:/xilinx/sdk/2017.2/gnu/aarch32/nt/gcc-arm-none-eabi/bin/../lib/gcc/arm-none-eabi/6.2.1/v7-a/fpv3/hard/crtbegin.o
 .eh_frame      0x0000000000122cf0        0x4 c:/xilinx/sdk/2017.2/gnu/aarch32/nt/gcc-arm-none-eabi/bin/../lib/gcc/arm-none-eabi/6.2.1/v7-a/fpv3/hard/crtend.o

.eh_framehdr    0x0000000000122cf4        0x0
                0x0000000000122cf4                __eh_framehdr_start = .
 *(.eh_framehdr)
                0x0000000000122cf4                __eh_framehdr_end = .

.gcc_except_table
 *(.gcc_except_table)

.mmu_tbl        0x0000000000124000     0x4000
                0x0000000000124000                __mmu_tbl_start = .
 *(.mmu_tbl)
 .mmu_tbl       0x0000000000124000     0x4000 ../../slave_bsp/ps7_cortexa9_1/lib\libxil.a(translation_table.o)
                0x0000000000124000                MMUTable
                0x0000000000128000                __mmu_tbl_end = .

.ARM.exidx      0x0000000000128000        0x8
                0x0000000000128000                __exidx_start = .
 *(.ARM.exidx*)
 .ARM.exidx     0x0000000000128000        0x8 c:/xilinx/sdk/2017.2/gnu/aarch32/nt/gcc-arm-none-eabi/bin/../lib/gcc/arm-none-eabi/6.2.1/v7-a/fpv3/hard\libgcc.a(_udivmoddi4.o)
 *(.gnu.linkonce.armexidix.*.*)
                0x0000000000128008                __exidx_end = .

.rel.dyn        0x0000000000128008        0x0
 .rel.iplt      0x0000000000128008        0x0 c:/xilinx/sdk/2017.2/gnu/aarch32/nt/gcc-arm-none-eabi/bin/../lib/gcc/arm-none-eabi/6.2.1/v7-a/fpv3/hard/crtbegin.o

.preinit_array  0x0000000000128008        0x0