Archive member included to satisfy reference by file (symbol)

../../master_bsp/ps7_cortexa9_0/lib\libxil.a(xscugic.o)
                              ./src/helper.o (XScuGic_Connect)
../../master_bsp/ps7_cortexa9_0/lib\libxil.a(xscugic_intr.o)
                              ./src/helper.o (XScuGic_InterruptHandler)
../../master_bsp/ps7_cortexa9_0/lib\libxil.a(xscugic_sinit.o)
                              ./src/helper.o (XScuGic_LookupConfig)
../../master_bsp/ps7_cortexa9_0/lib\libxil.a(asm_vectors.o)
                              (_vector_table)
../../master_bsp/ps7_cortexa9_0/lib\libxil.a(boot.o)
                              ../../master_bsp/ps7_cortexa9_0/lib\libxil.a(asm_vectors.o) (_boot)
../../master_bsp/ps7_cortexa9_0/lib\libxil.a(open.o)
                              ./src/retarget_host.o (open)
../../master_bsp/ps7_cortexa9_0/lib\libxil.a(read.o)
                              ./src/retarget_host.o (read)
../../master_bsp/ps7_cortexa9_0/lib\libxil.a(translation_table.o)
                              ../../master_bsp/ps7_cortexa9_0/lib\libxil.a(boot.o) (MMUTable)
../../master_bsp/ps7_cortexa9_0/lib\libxil.a(vectors.o)
                              ../../master_bsp/ps7_cortexa9_0/lib\libxil.a(asm_vectors.o) (FIQInterrupt)
../../master_bsp/ps7_cortexa9_0/lib\libxil.a(write.o)
                              ./src/retarget_host.o (write)
../../master_bsp/ps7_cortexa9_0/lib\libxil.a(xil-crt0.o)
                              ../../master_bsp/ps7_cortexa9_0/lib\libxil.a(boot.o) (_start)
../../master_bsp/ps7_cortexa9_0/lib\libxil.a(xil_assert.o)
                              ../../master_bsp/ps7_cortexa9_0/lib\libxil.a(xscugic.o) (Xil_Assert)
../../master_bsp/ps7_cortexa9_0/lib\libxil.a(xil_cache.o)
                              ./src/helper.o (Xil_ICacheDisable)
../../master_bsp/ps7_cortexa9_0/lib\libxil.a(xil_exception.o)
                              ./src/helper.o (Xil_ExceptionRegisterHandler)
../../master_bsp/ps7_cortexa9_0/lib\libxil.a(xtime_l.o)
                              ../../master_bsp/ps7_cortexa9_0/lib\libxil.a(xil-crt0.o) (XTime_SetTime)
../../master_bsp/ps7_cortexa9_0/lib\libxil.a(xscugic_g.o)
                              ../../master_bsp/ps7_cortexa9_0/lib\libxil.a(xscugic_sinit.o) (XScuGic_ConfigTable)
../../master_bsp/ps7_cortexa9_0/lib\libxil.a(cpu_init.o)
                              ../../master_bsp/ps7_cortexa9_0/lib\libxil.a(xil-crt0.o) (__cpu_init)
../../master_bsp/ps7_cortexa9_0/lib\libxil.a(errno.o)
                              ../../master_bsp/ps7_cortexa9_0/lib\libxil.a(open.o) (__errno)
../../master_bsp/ps7_cortexa9_0/lib\libxil.a(inbyte.o)
                              ../../master_bsp/ps7_cortexa9_0/lib\libxil.a(read.o) (inbyte)
../../master_bsp/ps7_cortexa9_0/lib\libxil.a(outbyte.o)
                              ../../master_bsp/ps7_cortexa9_0/lib\libxil.a(write.o) (outbyte)
../../master_bsp/ps7_cortexa9_0/lib\libxil.a(xuartps_hw.o)
                              ../../master_bsp/ps7_cortexa9_0/lib\libxil.a(outbyte.o) (XUartPs_SendByte)
c:/xilinx/sdk/2017.2/gnu/aarch32/nt/gcc-arm-none-eabi/bin/../lib/gcc/arm-none-eabi/6.2.1/v7-a/fpv3/hard\libgcc.a(_udivsi3.o)
                              ../../master_bsp/ps7_cortexa9_0/lib\libxil.a(xil_cache.o) (__aeabi_uidiv)
c:/xilinx/sdk/2017.2/gnu/aarch32/nt/gcc-arm-none-eabi/bin/../lib/gcc/arm-none-eabi/6.2.1/v7-a/fpv3/hard\libgcc.a(_dvmd_tls.o)
                              c:/xilinx/sdk/2017.2/gnu/aarch32/nt/gcc-arm-none-eabi/bin/../lib/gcc/arm-none-eabi/6.2.1/v7-a/fpv3/hard\libgcc.a(_udivsi3.o) (__aeabi_idiv0)
c:/xilinx/sdk/2017.2/gnu/aarch32/nt/gcc-arm-none-eabi/bin/../lib/gcc/arm-none-eabi/6.2.1/v7-a/fpv3/hard\libgcc.a(unwind-arm.o)
                              ./src/helper.o (__aeabi_unwind_cpp_pr1)
c:/xilinx/sdk/2017.2/gnu/aarch32/nt/gcc-arm-none-eabi/bin/../lib/gcc/arm-none-eabi/6.2.1/v7-a/fpv3/hard\libgcc.a(libunwind.o)
                              c:/xilinx/sdk/2017.2/gnu/aarch32/nt/gcc-arm-none-eabi/bin/../lib/gcc/arm-none-eabi/6.2.1/v7-a/fpv3/hard\libgcc.a(unwind-arm.o) (restore_core_regs)
c:/xilinx/sdk/2017.2/gnu/aarch32/nt/gcc-arm-none-eabi/bin/../lib/gcc/arm-none-eabi/6.2.1/v7-a/fpv3/hard\libgcc.a(pr-support.o)
                              c:/xilinx/sdk/2017.2/gnu/aarch32/nt/gcc-arm-none-eabi/bin/../lib/gcc/arm-none-eabi/6.2.1/v7-a/fpv3/hard\libgcc.a(unwind-arm.o) (__gnu_unwind_execute)
c:/xilinx/sdk/2017.2/gnu/aarch32/nt/gcc-arm-none-eabi/bin/../arm-none-eabi/libc/usr/lib/v7-a/fpv3/hard\libc.a(lib_a-abort.o)
                              c:/xilinx/sdk/2017.2/gnu/aarch32/nt/gcc-arm-none-eabi/bin/../lib/gcc/arm-none-eabi/6.2.1/v7-a/fpv3/hard\libgcc.a(unwind-arm.o) (abort)
c:/xilinx/sdk/2017.2/gnu/aarch32/nt/gcc-arm-none-eabi/bin/../arm-none-eabi/libc/usr/lib/v7-a/fpv3/hard\libc.a(lib_a-exit.o)
                              ../../master_bsp/ps7_cortexa9_0/lib\libxil.a(xil-crt0.o) (exit)
c:/xilinx/sdk/2017.2/gnu/aarch32/nt/gcc-arm-none-eabi/bin/../arm-none-eabi/libc/usr/lib/v7-a/fpv3/hard\libc.a(lib_a-fini.o)
[...]
Memory Configuration

Name             Origin             Length             Attributes
ps7_ddr_0        0x0000000001000000 0x000000003ff00000
ps7_qspi_linear_0 0x00000000fc000000 0x0000000001000000
ps7_ram_0        0x0000000000000000 0x0000000000030000
ps7_ram_1        0x00000000ffff0000 0x000000000000fe00
*default*        0x0000000000000000 0xffffffffffffffff

Linker script and memory map

LOAD c:/xilinx/sdk/2017.2/gnu/aarch32/nt/gcc-arm-none-eabi/bin/../lib/gcc/arm-none-eabi/6.2.1/v7-a/fpv3/hard/crti.o
LOAD c:/xilinx/sdk/2017.2/gnu/aarch32/nt/gcc-arm-none-eabi/bin/../lib/gcc/arm-none-eabi/6.2.1/v7-a/fpv3/hard/crtbegin.o
                0x0000000000020000                _STACK_SIZE = DEFINED (_STACK_SIZE)?_STACK_SIZE:0x20000
                0x0000000000020000                _HEAP_SIZE = DEFINED (_HEAP_SIZE)?_HEAP_SIZE:0x20000
                0x0000000000000400                _ABORT_STACK_SIZE = DEFINED (_ABORT_STACK_SIZE)?_ABORT_STACK_SIZE:0x400
                0x0000000000000800                _SUPERVISOR_STACK_SIZE = DEFINED (_SUPERVISOR_STACK_SIZE)?_SUPERVISOR_STACK_SIZE:0x800
                0x0000000000000400                _IRQ_STACK_SIZE = DEFINED (_IRQ_STACK_SIZE)?_IRQ_STACK_SIZE:0x400
                0x0000000000000400                _FIQ_STACK_SIZE = DEFINED (_FIQ_STACK_SIZE)?_FIQ_STACK_SIZE:0x400
                0x0000000000000400                _UNDEF_STACK_SIZE = DEFINED (_UNDEF_STACK_SIZE)?_UNDEF_STACK_SIZE:0x400

.text           0x0000000001000000    0x15aa4
 *(.vectors)
 .vectors       0x0000000001000000      0x12c ../../master_bsp/ps7_cortexa9_0/lib\libxil.a(asm_vectors.o)
                0x0000000001000000                _vector_table
 *(.boot)
 .boot          0x000000000100012c      0x3d4 ../../master_bsp/ps7_cortexa9_0/lib\libxil.a(boot.o)
                0x000000000100012c                _prestart
                0x000000000100012c                _boot
 *(.text)
 .text          0x0000000001000500        0x0 c:/xilinx/sdk/2017.2/gnu/aarch32/nt/gcc-arm-none-eabi/bin/../lib/gcc/arm-none-eabi/6.2.1/v7-a/fpv3/hard/crti.o
 .text          0x0000000001000500      0x108 c:/xilinx/sdk/2017.2/gnu/aarch32/nt/gcc-arm-none-eabi/bin/../lib/gcc/arm-none-eabi/6.2.1/v7-a/fpv3/hard/crtbegin.o
 .text          0x0000000001000608      0x164 ./src/helper.o
                0x0000000001000708                init_system()
                0x0000000001000748                cleanup_system()
 .text          0x000000000100076c      0x448 ./src/main.o
                0x00000000010007c0                platform_create_proc(int)
                0x0000000001000898                sleep()
                0x0000000001000920                main
 .text          0x0000000001000bb4      0x7a4 ./src/retarget_host.o
                0x0000000001000ca4                rpc_cb(rpmsg_channel*, void*, int, void*, unsigned long)
                0x0000000001000cec                rpmsg_host_retarget_init(rpmsg_channel*, void (*)(rpmsg_channel*))
                0x0000000001000df0                rpmsg_host_retarget_deinit(rpmsg_channel*)
                0x0000000001000e94                send_rpc(void*, int)
                0x0000000001000ee0                handle_open(_sys_rpc*)
                0x0000000001000fa4                handle_close(_sys_rpc*)
                0x0000000001001058                handle_read(_sys_rpc*)
                0x00000000010011a8                handle_write(_sys_rpc*)
                0x000000000100126c                handle_rpc(_sys_rpc*)
 .text          0x0000000001001358      0xa24 ../../master_bsp/ps7_cortexa9_0/lib\libxil.a(xscugic.o)
                0x00000000010013a8                XScuGic_Connect
                0x0000000001001480                XScuGic_Disconnect
                0x000000000100154c                XScuGic_Enable
                0x0000000001001604                XScuGic_Disable
                0x00000000010016bc                XScuGic_SoftwareIntr
                0x00000000010017a4                XScuGic_SetPriorityTriggerType
                0x00000000010018dc                XScuGic_GetPriorityTriggerType
                0x0000000001001a08                XScuGic_InterruptMaptoCpu
                0x0000000001001a48                XScuGic_Stop
                0x0000000001001b34                XScuGic_CfgInitialize
                0x0000000001001d1c                XScuGic_SetCpuID
                0x0000000001001d6c                XScuGic_GetCpuID
 .text          0x0000000001001d7c       0x80 ../../master_bsp/ps7_cortexa9_0/lib\libxil.a(xscugic_intr.o)
                0x0000000001001d7c                XScuGic_InterruptHandler
 .text          0x0000000001001dfc       0x1c ../../master_bsp/ps7_cortexa9_0/lib\libxil.a(xscugic_sinit.o)
                0x0000000001001dfc                XScuGic_LookupConfig
 .text          0x0000000001001e18        0x0 ../../master_bsp/ps7_cortexa9_0/lib\libxil.a(asm_vectors.o)
 .text          0x0000000001001e18        0x0 ../../master_bsp/ps7_cortexa9_0/lib\libxil.a(boot.o)
 .text          0x0000000001001e18       0x18 ../../master_bsp/ps7_cortexa9_0/lib\libxil.a(open.o)
                0x0000000001001e18                open
 .text          0x0000000001001e30       0x5c ../../master_bsp/ps7_cortexa9_0/lib\libxil.a(read.o)
                0x0000000001001e30                _read
                0x0000000001001e88                read
 .text          0x0000000001001e8c        0x0 ../../master_bsp/ps7_cortexa9_0/lib\libxil.a(translation_table.o)
 .text          0x0000000001001e8c       0x78 ../../master_bsp/ps7_cortexa9_0/lib\libxil.a(vectors.o)
                0x0000000001001e8c                FIQInterrupt
                0x0000000001001ea0                IRQInterrupt
                0x0000000001001eb4                UndefinedException
                0x0000000001001ec8                SWInterrupt
                0x0000000001001edc                DataAbortInterrupt
                0x0000000001001ef0                PrefetchAbortInterrupt
 .text          0x0000000001001f04       0x68 ../../master_bsp/ps7_cortexa9_0/lib\libxil.a(write.o)
                0x0000000001001f04                _write
                0x0000000001001f68                write
 .text          0x0000000001001f6c       0x78 ../../master_bsp/ps7_cortexa9_0/lib\libxil.a(xil-crt0.o)
                0x0000000001001f80                _start
 .text          0x0000000001001fe4       0x60 ../../master_bsp/ps7_cortexa9_0/lib\libxil.a(xil_assert.o)
                0x0000000001001fe4                Xil_Assert
                0x0000000001002030                Xil_AssertSetCallback
                0x0000000001002040                XNullHandler
 .text          0x0000000001002044      0x970 ../../master_bsp/ps7_cortexa9_0/lib\libxil.a(xil_cache.o)
                0x0000000001002098                Xil_DCacheInvalidateLine
                0x00000000010020d0                Xil_DCacheInvalidateRange
                0x00000000010021bc                Xil_DCacheFlushLine
                0x0000000001002208                Xil_DCacheFlushRange
                0x000000000100225c                Xil_DCacheStoreLine
                0x0000000001002294                Xil_ICacheDisable
                0x00000000010022cc                Xil_ICacheInvalidateLine
                0x0000000001002304                Xil_ICacheInvalidateRange
                0x000000000100235c                Xil_L1DCacheInvalidate
                0x0000000001002404                Xil_L1DCacheEnable
                0x0000000001002424                Xil_L1DCacheInvalidateLine
                0x000000000100243c                Xil_L1DCacheInvalidateRange
                0x0000000001002484                Xil_L1DCacheFlush
                0x0000000001002514                Xil_L1DCacheDisable
                0x000000000100252c                Xil_DCacheFlush
                0x0000000001002588                Xil_DCacheDisable
                0x00000000010025b8                Xil_L1DCacheFlushLine
                0x00000000010025d0                Xil_L1DCacheFlushRange
                0x0000000001002618                Xil_L1DCacheStoreLine
                0x0000000001002630                Xil_L1ICacheEnable
                0x000000000100264c                Xil_L1ICacheDisable
                0x0000000001002668                Xil_L1ICacheInvalidate
                0x0000000001002680                Xil_L1ICacheInvalidateLine
                0x0000000001002698                Xil_L1ICacheInvalidateRange
                0x00000000010026e0                Xil_L2CacheDisable
                0x00000000010026f8                Xil_L2CacheInvalidate
                0x000000000100274c                Xil_DCacheInvalidate
                0x000000000100276c                Xil_ICacheInvalidate
                0x00000000010027f4                Xil_L2CacheEnable
                0x000000000100280c                Xil_DCacheEnable
                0x0000000001002830                Xil_ICacheEnable
                0x0000000001002860                Xil_L2CacheInvalidateLine
                0x0000000001002874                Xil_L2CacheInvalidateRange
                0x00000000010028dc                Xil_L2CacheFlush
                0x0000000001002920                Xil_L2CacheFlushLine
                0x0000000001002938                Xil_L2CacheFlushRange
                0x00000000010029a0                Xil_L2CacheStoreLine
 .text          0x00000000010029b4       0x50 ../../master_bsp/ps7_cortexa9_0/lib\libxil.a(xil_exception.o)
                0x00000000010029b8                Xil_DataAbortHandler
                0x00000000010029bc                Xil_PrefetchAbortHandler
                0x00000000010029c0                Xil_UndefinedExceptionHandler
                0x00000000010029c4                Xil_ExceptionInit
                0x00000000010029c8                Xil_ExceptionRegisterHandler
                0x00000000010029e0                Xil_ExceptionRemoveHandler
 .text          0x0000000001002a04       0x5c ../../master_bsp/ps7_cortexa9_0/lib\libxil.a(xtime_l.o)
                0x0000000001002a04                XTime_SetTime
                0x0000000001002a28                XTime_GetTime
 .text          0x0000000001002a60        0x0 ../../master_bsp/ps7_cortexa9_0/lib\libxil.a(xscugic_g.o)
 .text          0x0000000001002a60       0x3c ../../master_bsp/ps7_cortexa9_0/lib\libxil.a(cpu_init.o)
                0x0000000001002a60                __cpu_init
 .text          0x0000000001002a9c       0x10 ../../master_bsp/ps7_cortexa9_0/lib\libxil.a(errno.o)
                0x0000000001002a9c                __errno
 .text          0x0000000001002aac        0xc ../../master_bsp/ps7_cortexa9_0/lib\libxil.a(inbyte.o)
                0x0000000001002aac                inbyte
 .text          0x0000000001002ab8       0x10 ../../master_bsp/ps7_cortexa9_0/lib\libxil.a(outbyte.o)
                0x0000000001002ab8                outbyte
 .text          0x0000000001002ac8       0x88 ../../master_bsp/ps7_cortexa9_0/lib\libxil.a(xuartps_hw.o)
                0x0000000001002ac8                XUartPs_SendByte
                0x0000000001002ae0                XUartPs_RecvByte
                0x0000000001002afc                XUartPs_ResetHw
 .text          0x0000000001002b50      0x20c c:/xilinx/sdk/2017.2/gnu/aarch32/nt/gcc-arm-none-eabi/bin/../lib/gcc/arm-none-eabi/6.2.1/v7-a/fpv3/hard\libgcc.a(_udivsi3.o)
                0x0000000001002b50                __aeabi_uidiv
                0x0000000001002b50                __udivsi3
                0x0000000001002d3c                __aeabi_uidivmod
 .text          0x0000000001002d5c        0x4 c:/xilinx/sdk/2017.2/gnu/aarch32/nt/gcc-arm-none-eabi/bin/../lib/gcc/arm-none-eabi/6.2.1/v7-a/fpv3/hard\libgcc.a(_dvmd_tls.o)
                0x0000000001002d5c                __aeabi_idiv0
                0x0000000001002d5c                __aeabi_ldiv0
 .text          0x0000000001002d60     0x1014 c:/xilinx/sdk/2017.2/gnu/aarch32/nt/gcc-arm-none-eabi/bin/../lib/gcc/arm-none-eabi/6.2.1/v7-a/fpv3/hard\libgcc.a(unwind-arm.o)
                0x00000000010031c4                _Unwind_GetCFA
                0x00000000010031cc                __gnu_Unwind_RaiseException
                0x0000000001003274                __gnu_Unwind_ForcedUnwind
                0x0000000001003298                __gnu_Unwind_Resume
                0x000000000100330c                __gnu_Unwind_Resume_or_Rethrow
                0x000000000100332c                _Unwind_Complete
                0x0000000001003330                _Unwind_DeleteException
                0x0000000001003348                _Unwind_VRS_Get
                0x00000000010033d0                _Unwind_VRS_Set
                0x0000000001003458                __gnu_Unwind_Backtrace
                0x000000000100398c                __aeabi_unwind_cpp_pr0
                0x0000000001003994                __aeabi_unwind_cpp_pr1
                0x000000000100399c                __aeabi_unwind_cpp_pr2
                0x00000000010039a4                _Unwind_VRS_Pop
 .text          0x0000000001003d74      0x1a8 c:/xilinx/sdk/2017.2/gnu/aarch32/nt/gcc-arm-none-eabi/bin/../lib/gcc/arm-none-eabi/6.2.1/v7-a/fpv3/hard\libgcc.a(libunwind.o)
                0x0000000001003d74                __restore_core_regs
                0x0000000001003d74                restore_core_regs
                0x0000000001003d88                __gnu_Unwind_Restore_VFP
                0x0000000001003d90                __gnu_Unwind_Save_VFP
                0x0000000001003d98                __gnu_Unwind_Restore_VFP_D
                0x0000000001003da0                __gnu_Unwind_Save_VFP_D
                0x0000000001003da8                __gnu_Unwind_Restore_VFP_D_16_to_31
                0x0000000001003db0                __gnu_Unwind_Save_VFP_D_16_to_31
                0x0000000001003db8                __gnu_Unwind_Restore_WMMXD
                0x0000000001003dfc                __gnu_Unwind_Save_WMMXD
                0x0000000001003e40                __gnu_Unwind_Restore_WMMXC
                0x0000000001003e54                __gnu_Unwind_Save_WMMXC
                0x0000000001003e68                ___Unwind_RaiseException
                0x0000000001003e68                _Unwind_RaiseException
                0x0000000001003e8c                _Unwind_Resume
                0x0000000001003e8c                ___Unwind_Resume
                0x0000000001003eb0                _Unwind_Resume_or_Rethrow
                0x0000000001003eb0                ___Unwind_Resume_or_Rethrow
                0x0000000001003ed4                _Unwind_ForcedUnwind
                0x0000000001003ed4                ___Unwind_ForcedUnwind
                0x0000000001003ef8                ___Unwind_Backtrace
                0x0000000001003ef8                _Unwind_Backtrace
 .text          0x0000000001003f1c      0x514 c:/xilinx/sdk/2017.2/gnu/aarch32/nt/gcc-arm-none-eabi/bin/../lib/gcc/arm-none-eabi/6.2.1/v7-a/fpv3/hard\libgcc.a(pr-support.o)
                0x0000000001003fb0                __gnu_unwind_execute
                0x00000000010043b4                __gnu_unwind_frame
                0x00000000010043f4                _Unwind_GetRegionStart
                0x0000000001004404                _Unwind_GetLanguageSpecificData
                0x0000000001004420                _Unwind_GetTextRelBase
                0x0000000001004428                _Unwind_GetDataRelBase
 .text          0x0000000001004430       0x14 c:/xilinx/sdk/2017.2/gnu/aarch32/nt/gcc-arm-none-eabi/bin/../arm-none-eabi/libc/usr/lib/v7-a/fpv3/hard\libc.a(lib_a-abort.o)
                0x0000000001004430                abort
 .text          0x0000000001004444       0x34 c:/xilinx/sdk/2017.2/gnu/aarch32/nt/gcc-arm-none-eabi/bin/../arm-none-eabi/libc/usr/lib/v7-a/fpv3/hard\libc.a(lib_a-exit.o)
                0x0000000001004444                exit
 .text          0x0000000001004478       0x40 c:/xilinx/sdk/2017.2/gnu/aarch32/nt/gcc-arm-none-eabi/bin/../arm-none-eabi/libc/usr/lib/v7-a/fpv3/hard\libc.a(lib_a-fini.o)
                0x0000000001004478                __libc_fini_array
 .text          0x00000000010044b8        0x0 c:/xilinx/sdk/2017.2/gnu/aarch32/nt/gcc-arm-none-eabi/bin/../arm-none-eabi/libc/usr/lib/v7-a/fpv3/hard\libc.a(lib_a-impure.o)
 .text          0x00000000010044b8       0x78 c:/xilinx/sdk/2017.2/gnu/aarch32/nt/gcc-arm-none-eabi/bin/../arm-none-eabi/libc/usr/lib/v7-a/fpv3/hard\libc.a(lib_a-init.o)
                0x00000000010044b8                __libc_init_array
 .text          0x0000000001004530       0x28 c:/xilinx/sdk/2017.2/gnu/aarch32/nt/gcc-arm-none-eabi/bin/../arm-none-eabi/libc/usr/lib/v7-a/fpv3/hard\libc.a(lib_a-malloc.o)
                0x0000000001004530                malloc
                0x0000000001004544                free
 .text          0x0000000001004558      0x76c c:/xilinx/sdk/2017.2/gnu/aarch32/nt/gcc-arm-none-eabi/bin/../arm-none-eabi/libc/usr/lib/v7-a/fpv3/hard\libc.a(lib_a-mallocr.o)
                0x0000000001004558                _malloc_r
 *fill*         0x0000000001004cc4       0x3c 
 .text          0x0000000001004d00      0x5e0 c:/xilinx/sdk/2017.2/gnu/aarch32/nt/gcc-arm-none-eabi/bin/../arm-none-eabi/libc/usr/lib/v7-a/fpv3/hard\libc.a(lib_a-memcpy.o)
                0x0000000001004d00                memcpy
 .text          0x00000000010052e0        0x8 c:/xilinx/sdk/2017.2/gnu/aarch32/nt/gcc-arm-none-eabi/bin/../arm-none-eabi/libc/usr/lib/v7-a/fpv3/hard\libc.a(lib_a-mlock.o)
                0x00000000010052e0                __malloc_lock
                0x00000000010052e4                __malloc_unlock
 .text          0x00000000010052e8       0x74 c:/xilinx/sdk/2017.2/gnu/aarch32/nt/gcc-arm-none-eabi/bin/../arm-none-eabi/libc/usr/lib/v7-a/fpv3/hard\libc.a(lib_a-printf.o)
                0x00000000010052e8                _printf_r
                0x000000000100531c                printf
 .text          0x000000000100535c       0xb8 c:/xilinx/sdk/2017.2/gnu/aarch32/nt/gcc-arm-none-eabi/bin/../arm-none-eabi/libc/usr/lib/v7-a/fpv3/hard\libc.a(lib_a-puts.o)
                0x000000000100535c                _puts_r
                0x0000000001005400                puts
 .text          0x0000000001005414       0x38 c:/xilinx/sdk/2017.2/gnu/aarch32/nt/gcc-arm-none-eabi/bin/../arm-none-eabi/libc/usr/lib/v7-a/fpv3/hard\libc.a(lib_a-sbrkr.o)
                0x0000000001005414                _sbrk_r
 .text          0x000000000100544c      0x25c c:/xilinx/sdk/2017.2/gnu/aarch32/nt/gcc-arm-none-eabi/bin/../arm-none-eabi/libc/usr/lib/v7-a/fpv3/hard\libc.a(lib_a-signal.o)
                0x0000000001005490                _init_signal_r
                0x00000000010054a8                _signal_r
                0x0000000001005510                _raise_r
                0x00000000010055b0                __sigtramp_r
                0x0000000001005644                raise
                0x0000000001005658                signal
                0x0000000001005670                _init_signal
                0x0000000001005694                __sigtramp
 .text          0x00000000010056a8       0x44 c:/xilinx/sdk/2017.2/gnu/aarch32/nt/gcc-arm-none-eabi/bin/../arm-none-eabi/libc/usr/lib/v7-a/fpv3/hard\libc.a(lib_a-signalr.o)
                0x00000000010056a8                _kill_r
                0x00000000010056e8                _getpid_r
 *fill*         0x00000000010056ec       0x14 
 .text          0x0000000001005700      0x2dc c:/xilinx/sdk/2017.2/gnu/aarch32/nt/gcc-arm-none-eabi/bin/../arm-none-eabi/libc/usr/lib/v7-a/fpv3/hard\libc.a(lib_a-strcmp.o)
                0x0000000001005708                strcmp
 *fill*         0x00000000010059dc       0x24 
 .text          0x0000000001005a00       0xdc c:/xilinx/sdk/2017.2/gnu/aarch32/nt/gcc-arm-none-eabi/bin/../arm-none-eabi/libc/usr/lib/v7-a/fpv3/hard\libc.a(lib_a-strlen.o)
                0x0000000001005a00                strlen
 .text          0x0000000001005adc       0x14 c:/xilinx/sdk/2017.2/gnu/aarch32/nt/gcc-arm-none-eabi/bin/../arm-none-eabi/libc/usr/lib/v7-a/fpv3/hard\libc.a(lib_a-sysclose.o)
                0x0000000001005adc                close
 .text          0x0000000001005af0     0x2bfc c:/xilinx/sdk/2017.2/gnu/aarch32/nt/gcc-arm-none-eabi/bin/../arm-none-eabi/libc/usr/lib/v7-a/fpv3/hard\libc.a(lib_a-vfprintf.o)
                0x0000000001005af0                _vfprintf_r
                0x0000000001008628                vfprintf
 .text          0x00000000010086ec      0x120 c:/xilinx/sdk/2017.2/gnu/aarch32/nt/gcc-arm-none-eabi/bin/../arm-none-eabi/libc/usr/lib/v7-a/fpv3/hard\libc.a(lib_a-wcrtomb.o)
                0x00000000010086ec                _wcrtomb_r
                0x0000000001008778                wcrtomb
 .text          0x000000000100880c       0x5c c:/xilinx/sdk/2017.2/gnu/aarch32/nt/gcc-arm-none-eabi/bin/../arm-none-eabi/libc/usr/lib/v7-a/fpv3/hard\libc.a(lib_a-wcsrtombs.o)
                0x000000000100880c                _wcsrtombs_r
                0x0000000001008830                wcsrtombs
 .text          0x0000000001008868      0x388 c:/xilinx/sdk/2017.2/gnu/aarch32/nt/gcc-arm-none-eabi/bin/../arm-none-eabi/libc/usr/lib/v7-a/fpv3/hard\libc.a(lib_a-wctomb_r.o)
                0x0000000001008868                __ascii_wctomb
                0x0000000001008890                _wctomb_r
                0x00000000010088d8                __utf8_wctomb
                0x00000000010089c8                __sjis_wctomb
                0x0000000001008a54                __eucjp_wctomb
                0x0000000001008b18                __jis_wctomb
 .text          0x0000000001008bf0      0x140 c:/xilinx/sdk/2017.2/gnu/aarch32/nt/gcc-arm-none-eabi/bin/../arm-none-eabi/libc/usr/lib/v7-a/fpv3/hard\libc.a(lib_a-wsetup.o)
                0x0000000001008bf0                __swsetup_r
 .text          0x0000000001008d30      0x164 c:/xilinx/sdk/2017.2/gnu/aarch32/nt/gcc-arm-none-eabi/bin/../arm-none-eabi/libc/usr/lib/v7-a/fpv3/hard\libc.a(lib_a-__call_atexit.o)
                0x0000000001008d30                __call_exitprocs
 .text          0x0000000001008e94       0x38 c:/xilinx/sdk/2017.2/gnu/aarch32/nt/gcc-arm-none-eabi/bin/../arm-none-eabi/libc/usr/lib/v7-a/fpv3/hard\libc.a(lib_a-closer.o)
                0x0000000001008e94                _close_r
 *fill*         0x0000000001008ecc        0x4 
 .text          0x0000000001008ed0     0x13ec c:/xilinx/sdk/2017.2/gnu/aarch32/nt/gcc-arm-none-eabi/bin/../arm-none-eabi/libc/usr/lib/v7-a/fpv3/hard\libc.a(lib_a-dtoa.o)
                0x0000000001009094                _dtoa_r
 .text          0x000000000100a2bc      0x290 c:/xilinx/sdk/2017.2/gnu/aarch32/nt/gcc-arm-none-eabi/bin/../arm-none-eabi/libc/usr/lib/v7-a/fpv3/hard\libc.a(lib_a-fflush.o)
                0x000000000100a2bc                __sflush_r
                0x000000000100a4cc                _fflush_r
                0x000000000100a51c                fflush
 .text          0x000000000100a54c      0x318 c:/xilinx/sdk/2017.2/gnu/aarch32/nt/gcc-arm-none-eabi/bin/../arm-none-eabi/libc/usr/lib/v7-a/fpv3/hard\libc.a(lib_a-findfp.o)
                0x000000000100a554                _cleanup_r
                0x000000000100a6c4                __sfmoreglue
                0x000000000100a70c                __sfp
                0x000000000100a7fc                _cleanup
                0x000000000100a814                __sinit
                0x000000000100a824                __sfp_lock_acquire
                0x000000000100a828                __sfp_lock_release
                0x000000000100a82c                __sinit_lock_acquire
                0x000000000100a830                __sinit_lock_release
                0x000000000100a834                __fp_lock_all
                0x000000000100a84c                __fp_unlock_all
 .text          0x000000000100a864      0x3dc c:/xilinx/sdk/2017.2/gnu/aarch32/nt/gcc-arm-none-eabi/bin/../arm-none-eabi/libc/usr/lib/v7-a/fpv3/hard\libc.a(lib_a-freer.o)
                0x000000000100a864                _malloc_trim_r
                0x000000000100a960                _free_r
 .text          0x000000000100ac40      0x4ac c:/xilinx/sdk/2017.2/gnu/aarch32/nt/gcc-arm-none-eabi/bin/../arm-none-eabi/libc/usr/lib/v7-a/fpv3/hard\libc.a(lib_a-fvwrite.o)
                0x000000000100ac40                __sfvwrite_r
 .text          0x000000000100b0ec       0xf8 c:/xilinx/sdk/2017.2/gnu/aarch32/nt/gcc-arm-none-eabi/bin/../arm-none-eabi/libc/usr/lib/v7-a/fpv3/hard\libc.a(lib_a-fwalk.o)
                0x000000000100b0ec                _fwalk
                0x000000000100b164                _fwalk_reent
 .text          0x000000000100b1e4      0xd50 c:/xilinx/sdk/2017.2/gnu/aarch32/nt/gcc-arm-none-eabi/bin/../arm-none-eabi/libc/usr/lib/v7-a/fpv3/hard\libc.a(lib_a-locale.o)
                0x000000000100bbc4                _setlocale_r
                0x000000000100becc                __locale_charset
                0x000000000100bed8                __locale_mb_cur_max
                0x000000000100bee8                __locale_msgcharset
                0x000000000100bef4                __locale_cjk_lang
                0x000000000100bf04                _localeconv_r
                0x000000000100bf10                setlocale
                0x000000000100bf28                localeconv
 .text          0x000000000100bf34      0x17c c:/xilinx/sdk/2017.2/gnu/aarch32/nt/gcc-arm-none-eabi/bin/../arm-none-eabi/libc/usr/lib/v7-a/fpv3/hard\libc.a(lib_a-makebuf.o)
                0x000000000100bf34                __swhatbuf_r
                0x000000000100bfc8                __smakebuf_r
 .text          0x000000000100c0b0      0x750 c:/xilinx/sdk/2017.2/gnu/aarch32/nt/gcc-arm-none-eabi/bin/../arm-none-eabi/libc/usr/lib/v7-a/fpv3/hard\libc.a(lib_a-mbtowc_r.o)
                0x000000000100c0b0                __ascii_mbtowc
                0x000000000100c0fc                _mbtowc_r
                0x000000000100c148                __utf8_mbtowc
                0x000000000100c448                __sjis_mbtowc
                0x000000000100c51c                __eucjp_mbtowc
                0x000000000100c654                __jis_mbtowc
 .text          0x000000000100c800       0xa0 c:/xilinx/sdk/2017.2/gnu/aarch32/nt/gcc-arm-none-eabi/bin/../arm-none-eabi/libc/usr/lib/v7-a/fpv3/hard\libc.a(lib_a-memchr.o)
                0x000000000100c800                memchr
 .text          0x000000000100c8a0      0x150 c:/xilinx/sdk/2017.2/gnu/aarch32/nt/gcc-arm-none-eabi/bin/../arm-none-eabi/libc/usr/lib/v7-a/fpv3/hard\libc.a(lib_a-memmove.o)
                0x000000000100c8a0                memmove
 .text          0x000000000100c9f0      0x118 c:/xilinx/sdk/2017.2/gnu/aarch32/nt/gcc-arm-none-eabi/bin/../arm-none-eabi/libc/usr/lib/v7-a/fpv3/hard\libc.a(lib_a-memset.o)
                0x000000000100c9f0                memset
 .text          0x000000000100cb08      0xce8 c:/xilinx/sdk/2017.2/gnu/aarch32/nt/gcc-arm-none-eabi/bin/../arm-none-eabi/libc/usr/lib/v7-a/fpv3/hard\libc.a(lib_a-mprec.o)
                0x000000000100cb08                _Balloc
                0x000000000100cb90                _Bfree
                0x000000000100cbac                __multadd
                0x000000000100cc7c                __s2b
                0x000000000100cd64                __hi0bits
                0x000000000100cdbc                __lo0bits
                0x000000000100ce54                __i2b
                0x000000000100ce74                __multiply
                0x000000000100d028                __pow5mult
                0x000000000100d124                __lshift
                0x000000000100d210                __mcmp
                0x000000000100d270                __mdiff
                0x000000000100d400                __ulp
                0x000000000100d478                __b2d
                0x000000000100d554                __d2b
                0x000000000100d658                __ratio
                0x000000000100d6d0                _mprec_log10
                0x000000000100d704                __copybits
                0x000000000100d770                __any_on
 .text          0x000000000100d7f0      0x56c c:/xilinx/sdk/2017.2/gnu/aarch32/nt/gcc-arm-none-eabi/bin/../arm-none-eabi/libc/usr/lib/v7-a/fpv3/hard\libc.a(lib_a-reallocr.o)
                0x000000000100d7f0                _realloc_r
 .text          0x000000000100dd5c      0x11c c:/xilinx/sdk/2017.2/gnu/aarch32/nt/gcc-arm-none-eabi/bin/../arm-none-eabi/libc/usr/lib/v7-a/fpv3/hard\libc.a(lib_a-reent.o)
                0x000000000100dd5c                cleanup_glue
                0x000000000100dd88                _reclaim_reent
 .text          0x000000000100de78       0xa0 c:/xilinx/sdk/2017.2/gnu/aarch32/nt/gcc-arm-none-eabi/bin/../arm-none-eabi/libc/usr/lib/v7-a/fpv3/hard\libc.a(lib_a-s_frexp.o)
                0x000000000100de78                frexp
 .text          0x000000000100df18       0xc0 c:/xilinx/sdk/2017.2/gnu/aarch32/nt/gcc-arm-none-eabi/bin/../arm-none-eabi/libc/usr/lib/v7-a/fpv3/hard\libc.a(lib_a-stdio.o)
                0x000000000100df18                __sread
                0x000000000100df48                __seofread
                0x000000000100df50                __swrite
                0x000000000100dfa4                __sseek
                0x000000000100dfd0                __sclose
 .text          0x000000000100dfd8       0x70 c:/xilinx/sdk/2017.2/gnu/aarch32/nt/gcc-arm-none-eabi/bin/../arm-none-eabi/libc/usr/lib/v7-a/fpv3/hard\libc.a(lib_a-strcasecmp.o)
                0x000000000100dfd8                strcasecmp
 .text          0x000000000100e048       0x70 c:/xilinx/sdk/2017.2/gnu/aarch32/nt/gcc-arm-none-eabi/bin/../arm-none-eabi/libc/usr/lib/v7-a/fpv3/hard\libc.a(lib_a-strcat.o)
                0x000000000100e048                strcat
 .text          0x000000000100e0b8      0x1b4 c:/xilinx/sdk/2017.2/gnu/aarch32/nt/gcc-arm-none-eabi/bin/../arm-none-eabi/libc/usr/lib/v7-a/fpv3/hard\libc.a(lib_a-strchr.o)
                0x000000000100e0b8                strchr
 .text          0x000000000100e26c       0xf8 c:/xilinx/sdk/2017.2/gnu/aarch32/nt/gcc-arm-none-eabi/bin/../arm-none-eabi/libc/usr/lib/v7-a/fpv3/hard\libc.a(lib_a-strcpy.o)
                0x000000000100e26c                strcpy
 .text          0x000000000100e364       0x48 c:/xilinx/sdk/2017.2/gnu/aarch32/nt/gcc-arm-none-eabi/bin/../arm-none-eabi/libc/usr/lib/v7-a/fpv3/hard\libc.a(lib_a-strlcpy.o)
                0x000000000100e364                strlcpy
 .text          0x000000000100e3ac       0x90 c:/xilinx/sdk/2017.2/gnu/aarch32/nt/gcc-arm-none-eabi/bin/../arm-none-eabi/libc/usr/lib/v7-a/fpv3/hard\libc.a(lib_a-strncasecmp.o)
                0x000000000100e3ac                strncasecmp
 .text          0x000000000100e43c      0x108 c:/xilinx/sdk/2017.2/gnu/aarch32/nt/gcc-arm-none-eabi/bin/../arm-none-eabi/libc/usr/lib/v7-a/fpv3/hard\libc.a(lib_a-strncmp.o)
                0x000000000100e43c                strncmp
 .text          0x000000000100e544       0xdc c:/xilinx/sdk/2017.2/gnu/aarch32/nt/gcc-arm-none-eabi/bin/../arm-none-eabi/libc/usr/lib/v7-a/fpv3/hard\libc.a(lib_a-strncpy.o)
                0x000000000100e544                strncpy
 .text          0x000000000100e620      0x22c c:/xilinx/sdk/2017.2/gnu/aarch32/nt/gcc-arm-none-eabi/bin/../arm-none-eabi/libc/usr/lib/v7-a/fpv3/hard\libc.a(lib_a-strtol.o)
                0x000000000100e620                _strtol_r
                0x000000000100e830                strtol
 .text          0x000000000100e84c     0x1994 c:/xilinx/sdk/2017.2/gnu/aarch32/nt/gcc-arm-none-eabi/bin/../arm-none-eabi/libc/usr/lib/v7-a/fpv3/hard\libc.a(lib_a-vfiprintf.o)
                0x000000000100e8f4                __sprint_r
                0x000000000100e910                _vfiprintf_r
                0x000000000101011c                vfiprintf
 .text          0x00000000010101e0      0x1d8 c:/xilinx/sdk/2017.2/gnu/aarch32/nt/gcc-arm-none-eabi/bin/../arm-none-eabi/libc/usr/lib/v7-a/fpv3/hard\libc.a(lib_a-wcsnrtombs.o)
                0x00000000010101e0                _wcsnrtombs_r
                0x000000000101037c                wcsnrtombs
 .text          0x00000000010103b8       0x44 c:/xilinx/sdk/2017.2/gnu/aarch32/nt/gcc-arm-none-eabi/bin/../arm-none-eabi/libc/usr/lib/v7-a/fpv3/hard\libc.a(lib_a-writer.o)
                0x00000000010103b8                _write_r
 .text          0x00000000010103fc       0x90 c:/xilinx/sdk/2017.2/gnu/aarch32/nt/gcc-arm-none-eabi/bin/../arm-none-eabi/libc/usr/lib/v7-a/fpv3/hard\libc.a(lib_a-callocr.o)
                0x00000000010103fc                _calloc_r
 .text          0x000000000101048c       0x18 c:/xilinx/sdk/2017.2/gnu/aarch32/nt/gcc-arm-none-eabi/bin/../arm-none-eabi/libc/usr/lib/v7-a/fpv3/hard\libc.a(lib_a-ctype_.o)
                0x000000000101048c                __set_ctype
 .text          0x00000000010104a4      0x100 c:/xilinx/sdk/2017.2/gnu/aarch32/nt/gcc-arm-none-eabi/bin/../arm-none-eabi/libc/usr/lib/v7-a/fpv3/hard\libc.a(lib_a-fclose.o)
                0x00000000010104a4                _fclose_r
                0x0000000001010590                fclose
 .text          0x00000000010105a4      0x188 c:/xilinx/sdk/2017.2/gnu/aarch32/nt/gcc-arm-none-eabi/bin/../arm-none-eabi/libc/usr/lib/v7-a/fpv3/hard\libc.a(lib_a-fputwc.o)
                0x00000000010105a4                __fputwc
                0x00000000010106a4                _fputwc_r
                0x00000000010106c4                fputwc
 .text          0x000000000101072c       0x40 c:/xilinx/sdk/2017.2/gnu/aarch32/nt/gcc-arm-none-eabi/bin/../arm-none-eabi/libc/usr/lib/v7-a/fpv3/hard\libc.a(lib_a-fstatr.o)
                0x000000000101072c                _fstat_r
 .text          0x000000000101076c       0xe0 c:/xilinx/sdk/2017.2/gnu/aarch32/nt/gcc-arm-none-eabi/bin/../arm-none-eabi/libc/usr/lib/v7-a/fpv3/hard\libc.a(lib_a-getenv_r.o)
                0x000000000101076c                _findenv_r
                0x0000000001010834                _getenv_r
 .text          0x000000000101084c       0x38 c:/xilinx/sdk/2017.2/gnu/aarch32/nt/gcc-arm-none-eabi/bin/../arm-none-eabi/libc/usr/lib/v7-a/fpv3/hard\libc.a(lib_a-isattyr.o)
                0x000000000101084c                _isatty_r
 .text          0x0000000001010884       0x44 c:/xilinx/sdk/2017.2/gnu/aarch32/nt/gcc-arm-none-eabi/bin/../arm-none-eabi/libc/usr/lib/v7-a/fpv3/hard\libc.a(lib_a-lseekr.o)
                0x0000000001010884                _lseek_r
 .text          0x00000000010108c8       0x44 c:/xilinx/sdk/2017.2/gnu/aarch32/nt/gcc-arm-none-eabi/bin/../arm-none-eabi/libc/usr/lib/v7-a/fpv3/hard\libc.a(lib_a-readr.o)
                0x00000000010108c8                _read_r
 .text          0x000000000101090c      0x140 c:/xilinx/sdk/2017.2/gnu/aarch32/nt/gcc-arm-none-eabi/bin/../arm-none-eabi/libc/usr/lib/v7-a/fpv3/hard\libc.a(lib_a-wbuf.o)
                0x000000000101090c                __swbuf_r
                0x0000000001010a34                __swbuf
 .text          0x0000000001010a4c        0x0 c:/xilinx/sdk/2017.2/gnu/aarch32/nt/gcc-arm-none-eabi/bin/../arm-none-eabi/libc/usr/lib/v7-a/fpv3/hard\libc.a(lib_a-environ.o)
 .text          0x0000000001010a4c        0x8 c:/xilinx/sdk/2017.2/gnu/aarch32/nt/gcc-arm-none-eabi/bin/../arm-none-eabi/libc/usr/lib/v7-a/fpv3/hard\libc.a(lib_a-envlock.o)
                0x0000000001010a4c                __env_lock
                0x0000000001010a50                __env_unlock
 .text          0x0000000001010a54        0x4 ../../master_bsp/ps7_cortexa9_0/lib\libxil.a(_exit.o)
                0x0000000001010a54                _exit
 .text          0x0000000001010a58       0x3c ../../master_bsp/ps7_cortexa9_0/lib\libxil.a(_sbrk.o)
                0x0000000001010a58                _sbrk
 .text          0x0000000001010a94        0x8 ../../master_bsp/ps7_cortexa9_0/lib\libxil.a(close.o)
                0x0000000001010a94                _close
 .text          0x0000000001010a9c       0x10 ../../master_bsp/ps7_cortexa9_0/lib\libxil.a(fstat.o)
                0x0000000001010a9c                _fstat
 .text          0x0000000001010aac       0x10 ../../master_bsp/ps7_cortexa9_0/lib\libxil.a(getpid.o)
                0x0000000001010aac                getpid
                0x0000000001010ab4                _getpid
 .text          0x0000000001010abc       0x10 ../../master_bsp/ps7_cortexa9_0/lib\libxil.a(isatty.o)
                0x0000000001010abc                isatty
                0x0000000001010ac4                _isatty
 .text          0x0000000001010acc       0x38 ../../master_bsp/ps7_cortexa9_0/lib\libxil.a(kill.o)
                0x0000000001010acc                kill
                0x0000000001010ae8                _kill
 .text          0x0000000001010b04       0x30 ../../master_bsp/ps7_cortexa9_0/lib\libxil.a(lseek.o)
                0x0000000001010b04                lseek
                0x0000000001010b1c                _lseek
 .text          0x0000000001010b34      0x240 c:/xilinx/sdk/2017.2/gnu/aarch32/nt/gcc-arm-none-eabi/bin/../lib/gcc/arm-none-eabi/6.2.1/v7-a/fpv3/hard\libgcc.a(_divsi3.o)
                0x0000000001010b34                __divsi3
                0x0000000001010b34                __aeabi_idiv
                0x0000000001010d54                __aeabi_idivmod
 .text          0x0000000001010d74       0x3c c:/xilinx/sdk/2017.2/gnu/aarch32/nt/gcc-arm-none-eabi/bin/../lib/gcc/arm-none-eabi/6.2.1/v7-a/fpv3/hard\libgcc.a(_aeabi_uldivmod.o)
                0x0000000001010d74                __aeabi_uldivmod
 .text          0x0000000001010db0      0x124 c:/xilinx/sdk/2017.2/gnu/aarch32/nt/gcc-arm-none-eabi/bin/../lib/gcc/arm-none-eabi/6.2.1/v7-a/fpv3/hard\libgcc.a(_udivmoddi4.o)
                0x0000000001010db0                __udivmoddi4
 .text          0x0000000001010ed4       0x80 ../../master_bsp/ps7_cortexa9_0/lib\libmetal.a(init.c.obj)
                0x0000000001010ed4                metal_init
                0x0000000001010f34                metal_finish
 .text          0x0000000001010f54       0x4c ../../master_bsp/ps7_cortexa9_0/lib\libmetal.a(log.c.obj)
                0x0000000001010f54                metal_default_log_handler
                0x0000000001010f60                metal_set_log_handler
                0x0000000001010f70                metal_get_log_handler
                0x0000000001010f80                metal_set_log_level
                0x0000000001010f90                metal_get_log_level
 .text          0x0000000001010fa0        0x8 ../../master_bsp/ps7_cortexa9_0/lib\libmetal.a(init.c.obj)
                0x0000000001010fa0                metal_sys_init
                0x0000000001010fa4                metal_sys_finish
 .text          0x0000000001010fa8      0x580 ../../master_bsp/ps7_cortexa9_0/lib\libmetal.a(irq.c.obj)
                0x0000000001010fa8                metal_irq_register
                0x0000000001011414                metal_irq_save_disable
                0x0000000001011448                metal_irq_restore_enable
                0x0000000001011470                metal_irq_enable
                0x0000000001011494                metal_irq_disable
                0x00000000010114b8                metal_irq_isr
                0x0000000001011504                metal_irq_init
                0x0000000001011524                metal_irq_deinit
 .text          0x0000000001011528       0xec ../../master_bsp/ps7_cortexa9_0/lib\libmetal.a(sys.c.obj)
                0x0000000001011528                sys_irq_restore_enable
                0x0000000001011550                sys_irq_save_disable
                0x0000000001011580                metal_machine_cache_flush
                0x0000000001011594                metal_machine_cache_invalidate
                0x00000000010115a8                metal_generic_default_poll
                0x00000000010115b0                metal_machine_io_mem_map
 .text          0x0000000001011614       0x90 ../../master_bsp/ps7_cortexa9_0/lib\libxil.a(xil_mmu.o)
                0x0000000001011614                Xil_SetTlbAttributes
                0x0000000001011658                Xil_EnableMMU
                0x000000000101167c                Xil_DisableMMU
 .text          0x00000000010116a4      0x810 ../../master_bsp/ps7_cortexa9_0/lib\libopen_amp.a(hil.c.obj)
                0x00000000010116a4                hil_create_proc
                0x0000000001011724                hil_delete_proc
                0x0000000001011880                hil_init_proc
                0x00000000010118d4                hil_get_chnl_info
                0x00000000010118e4                hil_notified
                0x0000000001011974                hil_get_vdev_info
                0x000000000101197c                hil_get_vring_info
                0x0000000001011a1c                hil_get_shm_info
                0x0000000001011a24                hil_free_vqs
                0x0000000001011aa8                hil_enable_vdev_notification
                0x0000000001011ae4                hil_enable_vring_notifications
                0x0000000001011b30                hil_vdev_notify
                0x0000000001011b4c                hil_vring_notify
                0x0000000001011b7c                hil_get_status
                0x0000000001011b84                hil_set_status
                0x0000000001011b8c                hil_boot_cpu
                0x0000000001011bb4                hil_shutdown_cpu
                0x0000000001011bc8                hil_get_firmware
                0x0000000001011bcc                hil_poll
                0x0000000001011bd8                hil_set_shm
                0x0000000001011cec                hil_set_vdev
                0x0000000001011d78                hil_set_vring
                0x0000000001011e2c                hil_set_vdev_ipi
                0x0000000001011e44                hil_set_vring_ipi
                0x0000000001011e64                hil_set_rpmsg_channel
                0x0000000001011ea8                hil_set_vdev_rst_cb
 .text          0x0000000001011eb4       0x90 ../../master_bsp/ps7_cortexa9_0/lib\libopen_amp.a(firmware.c.obj)
                0x0000000001011eb4                config_get_firmware
 .text          0x0000000001011f44      0x7fc ../../master_bsp/ps7_cortexa9_0/lib\libopen_amp.a(virtqueue.c.obj)
                0x0000000001011f84                virtqueue_create
                0x00000000010120d0                virtqueue_add_buffer
                0x0000000001012204                virtqueue_add_single_buffer
                0x00000000010122f4                virtqueue_get_buffer
                0x00000000010123e4                virtqueue_get_buffer_length
                0x00000000010123f4                virtqueue_free
                0x000000000101242c                virtqueue_get_available_buffer
                0x0000000001012520                virtqueue_add_consumed_buffer
                0x0000000001012574                virtqueue_enable_cb
                0x00000000010125bc                virtqueue_disable_cb
                0x00000000010125f4                virtqueue_kick
                0x000000000101267c                virtqueue_dump
                0x00000000010126f8                virtqueue_get_desc_size
                0x0000000001012730                virtqueue_notification
 .text          0x0000000001012740      0x6fc ../../master_bsp/ps7_cortexa9_0/lib\libopen_amp.a(rpmsg.c.obj)
                0x0000000001012740                rpmsg_init
                0x00000000010127a4                rpmsg_deinit
                0x00000000010127b0                rpmsg_get_buffer_size
                0x0000000001012814                rpmsg_send_offchannel_raw
                0x0000000001012a44                rpmsg_hold_rx_buffer
                0x0000000001012a5c                rpmsg_release_rx_buffer
                0x0000000001012b10                rpmsg_get_tx_payload_buffer
                0x0000000001012c2c                rpmsg_send_offchannel_nocopy
                0x0000000001012cf4                rpmsg_create_ept
                0x0000000001012d24                rpmsg_destroy_ept
                0x0000000001012d38                rpmsg_create_channel
                0x0000000001012dd4                rpmsg_delete_channel
 .text          0x0000000001012e3c      0xb88 ../../master_bsp/ps7_cortexa9_0/lib\libopen_amp.a(rpmsg_core.c.obj)
                0x0000000001012e3c                _rpmsg_create_channel
                0x0000000001012ed8                _rpmsg_delete_channel
                0x0000000001012f50                rpmsg_ns_callback
                0x000000000101306c                _destroy_endpoint
                0x0000000001013118                rpmsg_enqueue_buffer
                0x00000000010131a8                rpmsg_return_buffer
                0x000000000101320c                rpmsg_get_tx_buffer
                0x0000000001013260                rpmsg_send_ns_message
                0x00000000010133c0                rpmsg_get_rx_buffer
                0x00000000010135b0                rpmsg_free_buffer
                0x00000000010135cc                rpmsg_get_address
                0x0000000001013630                _create_endpoint
                0x0000000001013748                rpmsg_start_ipc
                0x00000000010138dc                rpmsg_release_address
                0x0000000001013930                rpmsg_is_address_set
                0x0000000001013970                rpmsg_set_address
 .text          0x00000000010139c4      0x36c ../../master_bsp/ps7_cortexa9_0/lib\libopen_amp.a(remoteproc.c.obj)
                0x00000000010139c4                remoteproc_resource_deinit
                0x0000000001013a00                remoteproc_resource_init
                0x0000000001013ae8                remoteproc_deinit
                0x0000000001013b2c                remoteproc_init
                0x0000000001013c44                remoteproc_boot
                0x0000000001013cf0                remoteproc_shutdown
 .text          0x0000000001013d30      0x19c ../../master_bsp/ps7_cortexa9_0/lib\libopen_amp.a(remoteproc_loader.c.obj)
                0x0000000001013d30                remoteproc_loader_init
                0x0000000001013d80                remoteproc_loader_delete
                0x0000000001013dc4                remoteproc_loader_attach_firmware
                0x0000000001013e38                remoteproc_loader_retrieve_entry_point
                0x0000000001013e58                remoteproc_loader_retrieve_resource_section
                0x0000000001013e78                remoteproc_loader_load_remote_firmware
                0x0000000001013ea8                remoteproc_get_load_address
 .text          0x0000000001013ecc      0x284 ../../master_bsp/ps7_cortexa9_0/lib\libopen_amp.a(rsc_table_parser.c.obj)
                0x0000000001013ecc                handle_fw_chksum_rsc
                0x0000000001013ed4                handle_mmu_rsc
                0x0000000001013ee0                handle_vdev_rsc
                0x0000000001013fd0                handle_carve_out_rsc
                0x000000000101406c                handle_dev_mem_rsc
                0x0000000001014078                handle_rproc_mem_rsc
                0x0000000001014080                handle_trace_rsc
                0x000000000101408c                handle_rsc_table
 .text          0x0000000001014150      0x290 ../../master_bsp/ps7_cortexa9_0/lib\libopen_amp.a(zynq_remoteproc_a9.c.obj)
 .text          0x00000000010143e0      0x26c ../../master_bsp/ps7_cortexa9_0/lib\libopen_amp.a(sh_mem.c.obj)
                0x00000000010143e0                sh_mem_create_pool
                0x000000000101449c                sh_mem_get_buffer
                0x000000000101458c                sh_mem_free_buffer
                0x0000000001014614                sh_mem_delete_pool
                0x0000000001014620                get_first_zero_bit
 .text          0x000000000101464c      0x6f0 ../../master_bsp/ps7_cortexa9_0/lib\libopen_amp.a(remote_device.c.obj)
                0x000000000101464c                rpmsg_rdev_get_status
                0x0000000001014664                rpmsg_rdev_get_feature
                0x000000000101466c                rpmsg_rdev_set_feature
                0x000000000101467c                rpmsg_rdev_negotiate_feature
                0x0000000001014684                rpmsg_rdev_write_config
                0x0000000001014688                rpmsg_rdev_reset
                0x000000000101468c                rpmsg_rdev_set_status
                0x00000000010146a8                rpmsg_rdev_read_config
                0x00000000010146ac                rpmsg_rdev_create_virtqueues
                0x00000000010148d8                rpmsg_rdev_deinit
                0x0000000001014a50                rpmsg_rdev_get_chnl_from_id
                0x0000000001014aa8                rpmsg_rdev_get_endpoint_from_addr
                0x0000000001014af0                rpmsg_rdev_notify
                0x0000000001014b00                rpmsg_rdev_remote_ready
                0x0000000001014b70                rpmsg_rdev_init
 .text          0x0000000001014d3c      0x48c ../../master_bsp/ps7_cortexa9_0/lib\libopen_amp.a(elf_loader.c.obj)
                0x0000000001014d3c                elf_loader_retrieve_entry_point
                0x0000000001014d48                elf_loader_retrieve_resource_section
                0x0000000001014df0                elf_loader_load_remote_firmware
                0x0000000001014e9c                elf_loader_attach_firmware
                0x00000000010150dc                elf_loader_detach_firmware
                0x000000000101510c                elf_get_load_address
                0x0000000001015170                elf_loader_init
 .text          0x00000000010151c8       0x64 c:/xilinx/sdk/2017.2/gnu/aarch32/nt/gcc-arm-none-eabi/bin/../arm-none-eabi/libc/usr/lib/v7-a/fpv3/hard\libc.a(lib_a-assert.o)
                0x00000000010151c8                __assert_func
                0x000000000101521c                __assert
 .text          0x000000000101522c       0x18 c:/xilinx/sdk/2017.2/gnu/aarch32/nt/gcc-arm-none-eabi/bin/../arm-none-eabi/libc/usr/lib/v7-a/fpv3/hard\libc.a(lib_a-calloc.o)
                0x000000000101522c                calloc
 .text          0x0000000001015244       0x6c c:/xilinx/sdk/2017.2/gnu/aarch32/nt/gcc-arm-none-eabi/bin/../arm-none-eabi/libc/usr/lib/v7-a/fpv3/hard\libc.a(lib_a-fiprintf.o)
                0x0000000001015244                _fiprintf_r
                0x0000000001015270                fiprintf
 .text          0x00000000010152b0      0x440 ../../master_bsp/ps7_cortexa9_0/lib\libmetal.a(device.c.obj)
                0x0000000001015304                metal_generic_dev_dma_unmap
                0x00000000010153ac                metal_bus_find
                0x0000000001015404                metal_bus_register
                0x00000000010154ac                metal_device_open
                0x0000000001015568                metal_device_close
                0x00000000010155e0                metal_bus_unregister
                0x0000000001015684                metal_register_generic_device
 .text          0x00000000010156f0      0x130 ../../master_bsp/ps7_cortexa9_0/lib\libmetal.a(io.c.obj)
                0x00000000010156f0                metal_generic_memset_io
                0x000000000101577c                metal_generic_memcpy_io
                0x0000000001015818                metal_memset_io
                0x000000000101581c                metal_memcpy_io
 .text          0x0000000001015820        0x4 ../../master_bsp/ps7_cortexa9_0/lib\libmetal.a(shmem.c.obj)
                0x0000000001015820                metal_shmem_open
 .text          0x0000000001015824        0x8 ../../master_bsp/ps7_cortexa9_0/lib\libmetal.a(cache.c.obj)
                0x0000000001015824                metal_cache_flush
                0x0000000001015828                metal_cache_invalidate
 .text          0x000000000101582c       0xac ../../master_bsp/ps7_cortexa9_0/lib\libmetal.a(io.c.obj)
                0x000000000101582c                metal_io_mem_map
 .text          0x00000000010158d8        0x8 ../../master_bsp/ps7_cortexa9_0/lib\libmetal.a(sleep.c.obj)
                0x00000000010158d8                metal_sleep_usec
 .text          0x00000000010158e0       0xf8 ../../master_bsp/ps7_cortexa9_0/lib\libmetal.a(shmem.c.obj)
                0x00000000010158e0                metal_shmem_register_generic
                0x0000000001015974                metal_shmem_open_generic
 .text          0x00000000010159d8        0x0 c:/xilinx/sdk/2017.2/gnu/aarch32/nt/gcc-arm-none-eabi/bin/../lib/gcc/arm-none-eabi/6.2.1/v7-a/fpv3/hard/crtend.o
 .text          0x00000000010159d8        0x0 c:/xilinx/sdk/2017.2/gnu/aarch32/nt/gcc-arm-none-eabi/bin/../lib/gcc/arm-none-eabi/6.2.1/v7-a/fpv3/hard/crtn.o
 *(.text.*)
 *(.gnu.linkonce.t.*)
 *(.plt)
 *(.gnu_warning)
 *(.gcc_execpt_table)
 *(.glue_7)
 .glue_7        0x00000000010159d8        0x0 linker stubs
 *(.glue_7t)
 .glue_7t       0x00000000010159d8        0x0 linker stubs
 *(.vfp11_veneer)
 .vfp11_veneer  0x00000000010159d8        0x0 linker stubs
 *(.ARM.extab)
 .ARM.extab     0x00000000010159d8       0x24 ./src/helper.o
 .ARM.extab     0x00000000010159fc       0x30 ./src/main.o
 .ARM.extab     0x0000000001015a2c       0x78 ./src/retarget_host.o
 .ARM.extab     0x0000000001015aa4        0x0 c:/xilinx/sdk/2017.2/gnu/aarch32/nt/gcc-arm-none-eabi/bin/../lib/gcc/arm-none-eabi/6.2.1/v7-a/fpv3/hard\libgcc.a(unwind-arm.o)
 .ARM.extab     0x0000000001015aa4        0x0 c:/xilinx/sdk/2017.2/gnu/aarch32/nt/gcc-arm-none-eabi/bin/../lib/gcc/arm-none-eabi/6.2.1/v7-a/fpv3/hard\libgcc.a(pr-support.o)
 .ARM.extab     0x0000000001015aa4        0x0 c:/xilinx/sdk/2017.2/gnu/aarch32/nt/gcc-arm-none-eabi/bin/../lib/gcc/arm-none-eabi/6.2.1/v7-a/fpv3/hard\libgcc.a(_udivmoddi4.o)
 *(.gnu.linkonce.armextab.*)

.v4_bx          0x0000000001015aa4        0x0
 .v4_bx         0x0000000001015aa4        0x0 linker stubs

.iplt           0x0000000001015aa4        0x0
 .iplt          0x0000000001015aa4        0x0 c:/xilinx/sdk/2017.2/gnu/aarch32/nt/gcc-arm-none-eabi/bin/../lib/gcc/arm-none-eabi/6.2.1/v7-a/fpv3/hard/crtbegin.o

.init           0x0000000001015aa4       0x18
 *(.init)
 .init          0x0000000001015aa4        0xc c:/xilinx/sdk/2017.2/gnu/aarch32/nt/gcc-arm-none-eabi/bin/../lib/gcc/arm-none-eabi/6.2.1/v7-a/fpv3/hard/crti.o
                0x0000000001015aa4                _init
 .init          0x0000000001015ab0        0xc c:/xilinx/sdk/2017.2/gnu/aarch32/nt/gcc-arm-none-eabi/bin/../lib/gcc/arm-none-eabi/6.2.1/v7-a/fpv3/hard/crtn.o

.fini           0x0000000001015abc       0x18
 *(.fini)
 .fini          0x0000000001015abc        0xc c:/xilinx/sdk/2017.2/gnu/aarch32/nt/gcc-arm-none-eabi/bin/../lib/gcc/arm-none-eabi/6.2.1/v7-a/fpv3/hard/crti.o
                0x0000000001015abc                _fini
 .fini          0x0000000001015ac8        0xc c:/xilinx/sdk/2017.2/gnu/aarch32/nt/gcc-arm-none-eabi/bin/../lib/gcc/arm-none-eabi/6.2.1/v7-a/fpv3/hard/crtn.o

.rodata         0x0000000001015ad8      0xa3c
                0x0000000001015ad8                __rodata_start = .
 *(.rodata)
 .rodata        0x0000000001015ad8        0x8 ./src/helper.o
 .rodata        0x0000000001015ae0       0x8a ./src/main.o
                0x0000000001015ae0                fw_table
                0x0000000001015b30                fw_table_size
 *fill*         0x0000000001015b6a        0x2 
 .rodata        0x0000000001015b6c       0x4c ./src/retarget_host.o
 .rodata        0x0000000001015bb8        0x4 c:/xilinx/sdk/2017.2/gnu/aarch32/nt/gcc-arm-none-eabi/bin/../arm-none-eabi/libc/usr/lib/v7-a/fpv3/hard\libc.a(lib_a-impure.o)
                0x0000000001015bb8                _global_impure_ptr
 .rodata        0x0000000001015bbc       0x20 c:/xilinx/sdk/2017.2/gnu/aarch32/nt/gcc-arm-none-eabi/bin/../arm-none-eabi/libc/usr/lib/v7-a/fpv3/hard\libc.a(lib_a-vfprintf.o)
 .rodata        0x0000000001015bdc       0x1c c:/xilinx/sdk/2017.2/gnu/aarch32/nt/gcc-arm-none-eabi/bin/../arm-none-eabi/libc/usr/lib/v7-a/fpv3/hard\libc.a(lib_a-locale.o)
 .rodata        0x0000000001015bf8       0x90 c:/xilinx/sdk/2017.2/gnu/aarch32/nt/gcc-arm-none-eabi/bin/../arm-none-eabi/libc/usr/lib/v7-a/fpv3/hard\libc.a(lib_a-mbtowc_r.o)
 .rodata        0x0000000001015c88      0x128 c:/xilinx/sdk/2017.2/gnu/aarch32/nt/gcc-arm-none-eabi/bin/../arm-none-eabi/libc/usr/lib/v7-a/fpv3/hard\libc.a(lib_a-mprec.o)
                0x0000000001015c98                __mprec_tens
                0x0000000001015d60                __mprec_tinytens
                0x0000000001015d88                __mprec_bigtens
 .rodata        0x0000000001015db0       0x20 c:/xilinx/sdk/2017.2/gnu/aarch32/nt/gcc-arm-none-eabi/bin/../arm-none-eabi/libc/usr/lib/v7-a/fpv3/hard\libc.a(lib_a-vfiprintf.o)
 .rodata        0x0000000001015dd0      0x101 c:/xilinx/sdk/2017.2/gnu/aarch32/nt/gcc-arm-none-eabi/bin/../arm-none-eabi/libc/usr/lib/v7-a/fpv3/hard\libc.a(lib_a-ctype_.o)
                0x0000000001015dd0                _ctype_
 *fill*         0x0000000001015ed1        0x3 
 .rodata        0x0000000001015ed4       0x13 ../../master_bsp/ps7_cortexa9_0/lib\libmetal.a(irq.c.obj)
 *fill*         0x0000000001015ee7        0x1 
 .rodata        0x0000000001015ee8        0xf ../../master_bsp/ps7_cortexa9_0/lib\libopen_amp.a(zynq_remoteproc_a9.c.obj)
 *fill*         0x0000000001015ef7        0x1 
 .rodata        0x0000000001015ef8       0x13 ../../master_bsp/ps7_cortexa9_0/lib\libmetal.a(device.c.obj)
 *fill*         0x0000000001015f0b        0x1 
 .rodata        0x0000000001015f0c       0x1d ../../master_bsp/ps7_cortexa9_0/lib\libmetal.a(shmem.c.obj)
 *(.rodata.*)
 *fill*         0x0000000001015f29        0x3 
 .rodata.str1.4
                0x0000000001015f2c        0xa ../../master_bsp/ps7_cortexa9_0/lib\libxil.a(xscugic.o)
 *fill*         0x0000000001015f36        0x2 
 .rodata.str1.4
                0x0000000001015f38        0xf ../../master_bsp/ps7_cortexa9_0/lib\libxil.a(xscugic_intr.o)
 *fill*         0x0000000001015f47        0x1 
 .rodata.str1.4
                0x0000000001015f48        0x2 c:/xilinx/sdk/2017.2/gnu/aarch32/nt/gcc-arm-none-eabi/bin/../arm-none-eabi/libc/usr/lib/v7-a/fpv3/hard\libc.a(lib_a-impure.o)
 .rodata.str1.4
                0x0000000001015f4a        0x2 c:/xilinx/sdk/2017.2/gnu/aarch32/nt/gcc-arm-none-eabi/bin/../arm-none-eabi/libc/usr/lib/v7-a/fpv3/hard\libc.a(lib_a-puts.o)
 *fill*         0x0000000001015f4a        0x2 
 .rodata.str1.4
                0x0000000001015f4c       0x42 c:/xilinx/sdk/2017.2/gnu/aarch32/nt/gcc-arm-none-eabi/bin/../arm-none-eabi/libc/usr/lib/v7-a/fpv3/hard\libc.a(lib_a-vfprintf.o)
 *fill*         0x0000000001015f8e        0x2 
 .rodata.str1.4
                0x0000000001015f90       0x10 c:/xilinx/sdk/2017.2/gnu/aarch32/nt/gcc-arm-none-eabi/bin/../arm-none-eabi/libc/usr/lib/v7-a/fpv3/hard\libc.a(lib_a-dtoa.o)
                                         0x12 (size before relaxing)
 .rodata.str1.4
                0x0000000001015fa0      0x126 c:/xilinx/sdk/2017.2/gnu/aarch32/nt/gcc-arm-none-eabi/bin/../arm-none-eabi/libc/usr/lib/v7-a/fpv3/hard\libc.a(lib_a-locale.o)
                                        0x12d (size before relaxing)
 .rodata.str1.4
                0x00000000010160c6       0x2f c:/xilinx/sdk/2017.2/gnu/aarch32/nt/gcc-arm-none-eabi/bin/../arm-none-eabi/libc/usr/lib/v7-a/fpv3/hard\libc.a(lib_a-vfiprintf.o)
 *fill*         0x00000000010160c6        0x2 
 .rodata.str1.4
                0x00000000010160c8      0x111 ../../master_bsp/ps7_cortexa9_0/lib\libmetal.a(irq.c.obj)
                                        0x115 (size before relaxing)
 *fill*         0x00000000010161d9        0x3 
 .rodata.str1.4
                0x00000000010161dc       0xbe ../../master_bsp/ps7_cortexa9_0/lib\libopen_amp.a(virtqueue.c.obj)
 *fill*         0x000000000101629a        0x2 
 .rodata.str1.4
                0x000000000101629c        0xe ../../master_bsp/ps7_cortexa9_0/lib\libopen_amp.a(rpmsg_core.c.obj)
 *fill*         0x00000000010162aa        0x2 
 .rodata.str1.4
                0x00000000010162ac       0x62 ../../master_bsp/ps7_cortexa9_0/lib\libopen_amp.a(zynq_remoteproc_a9.c.obj)
                                         0x66 (size before relaxing)
 *fill*         0x000000000101630e        0x2 
 .rodata.str1.4
                0x0000000001016310       0x36 ../../master_bsp/ps7_cortexa9_0/lib\libopen_amp.a(elf_loader.c.obj)
 *fill*         0x0000000001016346        0x2 
 .rodata.str1.4
                0x0000000001016348       0x3f c:/xilinx/sdk/2017.2/gnu/aarch32/nt/gcc-arm-none-eabi/bin/../arm-none-eabi/libc/usr/lib/v7-a/fpv3/hard\libc.a(lib_a-assert.o)
                                         0x43 (size before relaxing)
 *fill*         0x0000000001016387        0x1 
 .rodata.str1.4
                0x0000000001016388       0xcc ../../master_bsp/ps7_cortexa9_0/lib\libmetal.a(device.c.obj)
 .rodata.str1.4
                0x0000000001016454       0xc0 ../../master_bsp/ps7_cortexa9_0/lib\libmetal.a(shmem.c.obj)
                                         0xbd (size before relaxing)
 *(.gnu.linkonce.r.*)
                0x0000000001016514                __rodata_end = .

.rodata1        0x0000000001016514        0x0
                0x0000000001016514                __rodata1_start = .
 *(.rodata1)
 *(.rodata1.*)
                0x0000000001016514                __rodata1_end = .

.sdata2         0x0000000001016514        0x0
                0x0000000001016514                __sdata2_start = .
 *(.sdata2)
 *(.sdata2.*)
 *(.gnu.linkonce.s2.*)
                0x0000000001016514                __sdata2_end = .

.sbss2          0x0000000001016514        0x0
                0x0000000001016514                __sbss2_start = .
 *(.sbss2)
 *(.sbss2.*)
 *(.gnu.linkonce.sb2.*)
                0x0000000001016514                __sbss2_end = .

.data           0x0000000001016518     0x113c
                0x0000000001016518                __data_start = .
 *(.data)
 .data          0x0000000001016518        0x0 c:/xilinx/sdk/2017.2/gnu/aarch32/nt/gcc-arm-none-eabi/bin/../lib/gcc/arm-none-eabi/6.2.1/v7-a/fpv3/hard/crti.o
 .data          0x0000000001016518        0x4 c:/xilinx/sdk/2017.2/gnu/aarch32/nt/gcc-arm-none-eabi/bin/../lib/gcc/arm-none-eabi/6.2.1/v7-a/fpv3/hard/crtbegin.o
                0x0000000001016518                __dso_handle
 .data          0x000000000101651c        0x0 ./src/helper.o
 .data          0x000000000101651c        0x0 ./src/main.o
 .data          0x000000000101651c        0x0 ./src/retarget_host.o
 .data          0x000000000101651c        0x0 ../../master_bsp/ps7_cortexa9_0/lib\libxil.a(xscugic.o)
 .data          0x000000000101651c        0x0 ../../master_bsp/ps7_cortexa9_0/lib\libxil.a(xscugic_intr.o)
 .data          0x000000000101651c        0x0 ../../master_bsp/ps7_cortexa9_0/lib\libxil.a(xscugic_sinit.o)
 .data          0x000000000101651c        0x0 ../../master_bsp/ps7_cortexa9_0/lib\libxil.a(asm_vectors.o)
 .data          0x000000000101651c        0x0 ../../master_bsp/ps7_cortexa9_0/lib\libxil.a(boot.o)
 .data          0x000000000101651c        0x0 ../../master_bsp/ps7_cortexa9_0/lib\libxil.a(open.o)
 .data          0x000000000101651c        0x0 ../../master_bsp/ps7_cortexa9_0/lib\libxil.a(read.o)
 .data          0x000000000101651c        0x0 ../../master_bsp/ps7_cortexa9_0/lib\libxil.a(translation_table.o)
 .data          0x000000000101651c        0x0 ../../master_bsp/ps7_cortexa9_0/lib\libxil.a(vectors.o)
 .data          0x000000000101651c        0x0 ../../master_bsp/ps7_cortexa9_0/lib\libxil.a(write.o)
 .data          0x000000000101651c        0x0 ../../master_bsp/ps7_cortexa9_0/lib\libxil.a(xil-crt0.o)
 .data          0x000000000101651c        0x4 ../../master_bsp/ps7_cortexa9_0/lib\libxil.a(xil_assert.o)
                0x000000000101651c                Xil_AssertWait
 .data          0x0000000001016520        0x0 ../../master_bsp/ps7_cortexa9_0/lib\libxil.a(xil_cache.o)
 .data          0x0000000001016520       0x38 ../../master_bsp/ps7_cortexa9_0/lib\libxil.a(xil_exception.o)
                0x0000000001016520                XExc_VectorTable
 .data          0x0000000001016558        0x0 ../../master_bsp/ps7_cortexa9_0/lib\libxil.a(xtime_l.o)
 .data          0x0000000001016558      0x624 ../../master_bsp/ps7_cortexa9_0/lib\libxil.a(xscugic_g.o)
                0x0000000001016558                XScuGic_ConfigTable
 .data          0x0000000001016b7c        0x0 ../../master_bsp/ps7_cortexa9_0/lib\libxil.a(cpu_init.o)
 .data          0x0000000001016b7c        0x0 ../../master_bsp/ps7_cortexa9_0/lib\libxil.a(errno.o)
 .data          0x0000000001016b7c        0x0 ../../master_bsp/ps7_cortexa9_0/lib\libxil.a(inbyte.o)
 .data          0x0000000001016b7c        0x0 ../../master_bsp/ps7_cortexa9_0/lib\libxil.a(outbyte.o)
 .data          0x0000000001016b7c        0x0 ../../master_bsp/ps7_cortexa9_0/lib\libxil.a(xuartps_hw.o)
 .data          0x0000000001016b7c        0x0 c:/xilinx/sdk/2017.2/gnu/aarch32/nt/gcc-arm-none-eabi/bin/../lib/gcc/arm-none-eabi/6.2.1/v7-a/fpv3/hard\libgcc.a(_udivsi3.o)
 .data          0x0000000001016b7c        0x0 c:/xilinx/sdk/2017.2/gnu/aarch32/nt/gcc-arm-none-eabi/bin/../lib/gcc/arm-none-eabi/6.2.1/v7-a/fpv3/hard\libgcc.a(_dvmd_tls.o)
 .data          0x0000000001016b7c        0x0 c:/xilinx/sdk/2017.2/gnu/aarch32/nt/gcc-arm-none-eabi/bin/../lib/gcc/arm-none-eabi/6.2.1/v7-a/fpv3/hard\libgcc.a(unwind-arm.o)
 .data          0x0000000001016b7c        0x0 c:/xilinx/sdk/2017.2/gnu/aarch32/nt/gcc-arm-none-eabi/bin/../lib/gcc/arm-none-eabi/6.2.1/v7-a/fpv3/hard\libgcc.a(libunwind.o)
 .data          0x0000000001016b7c        0x0 c:/xilinx/sdk/2017.2/gnu/aarch32/nt/gcc-arm-none-eabi/bin/../lib/gcc/arm-none-eabi/6.2.1/v7-a/fpv3/hard\libgcc.a(pr-support.o)
 .data          0x0000000001016b7c        0x0 c:/xilinx/sdk/2017.2/gnu/aarch32/nt/gcc-arm-none-eabi/bin/../arm-none-eabi/libc/usr/lib/v7-a/fpv3/hard\libc.a(lib_a-abort.o)
 .data          0x0000000001016b7c        0x0 c:/xilinx/sdk/2017.2/gnu/aarch32/nt/gcc-arm-none-eabi/bin/../arm-none-eabi/libc/usr/lib/v7-a/fpv3/hard\libc.a(lib_a-exit.o)
 .data          0x0000000001016b7c        0x0 c:/xilinx/sdk/2017.2/gnu/aarch32/nt/gcc-arm-none-eabi/bin/../arm-none-eabi/libc/usr/lib/v7-a/fpv3/hard\libc.a(lib_a-fini.o)
 *fill*         0x0000000001016b7c        0x4 
 .data          0x0000000001016b80      0x430 c:/xilinx/sdk/2017.2/gnu/aarch32/nt/gcc-arm-none-eabi/bin/../arm-none-eabi/libc/usr/lib/v7-a/fpv3/hard\libc.a(lib_a-impure.o)
                0x0000000001016b80                _impure_ptr
 .data          0x0000000001016fb0        0x0 c:/xilinx/sdk/2017.2/gnu/aarch32/nt/gcc-arm-none-eabi/bin/../arm-none-eabi/libc/usr/lib/v7-a/fpv3/hard\libc.a(lib_a-init.o)
 .data          0x0000000001016fb0        0x0 c:/xilinx/sdk/2017.2/gnu/aarch32/nt/gcc-arm-none-eabi/bin/../arm-none-eabi/libc/usr/lib/v7-a/fpv3/hard\libc.a(lib_a-malloc.o)
 .data          0x0000000001016fb0      0x410 c:/xilinx/sdk/2017.2/gnu/aarch32/nt/gcc-arm-none-eabi/bin/../arm-none-eabi/libc/usr/lib/v7-a/fpv3/hard\libc.a(lib_a-mallocr.o)
                0x0000000001016fb0                __malloc_av_
                0x00000000010173b8                __malloc_sbrk_base
                0x00000000010173bc                __malloc_trim_threshold
 .data          0x00000000010173c0        0x0 c:/xilinx/sdk/2017.2/gnu/aarch32/nt/gcc-arm-none-eabi/bin/../arm-none-eabi/libc/usr/lib/v7-a/fpv3/hard\libc.a(lib_a-memcpy.o)
 .data          0x00000000010173c0        0x0 c:/xilinx/sdk/2017.2/gnu/aarch32/nt/gcc-arm-none-eabi/bin/../arm-none-eabi/libc/usr/lib/v7-a/fpv3/hard\libc.a(lib_a-mlock.o)
 .data          0x00000000010173c0        0x0 c:/xilinx/sdk/2017.2/gnu/aarch32/nt/gcc-arm-none-eabi/bin/../arm-none-eabi/libc/usr/lib/v7-a/fpv3/hard\libc.a(lib_a-printf.o)
 .data          0x00000000010173c0        0x0 c:/xilinx/sdk/2017.2/gnu/aarch32/nt/gcc-arm-none-eabi/bin/../arm-none-eabi/libc/usr/lib/v7-a/fpv3/hard\libc.a(lib_a-puts.o)
 .data          0x00000000010173c0        0x0 c:/xilinx/sdk/2017.2/gnu/aarch32/nt/gcc-arm-none-eabi/bin/../arm-none-eabi/libc/usr/lib/v7-a/fpv3/hard\libc.a(lib_a-sbrkr.o)
 .data          0x00000000010173c0        0x0 c:/xilinx/sdk/2017.2/gnu/aarch32/nt/gcc-arm-none-eabi/bin/../arm-none-eabi/libc/usr/lib/v7-a/fpv3/hard\libc.a(lib_a-signal.o)
 .data          0x00000000010173c0        0x0 c:/xilinx/sdk/2017.2/gnu/aarch32/nt/gcc-arm-none-eabi/bin/../arm-none-eabi/libc/usr/lib/v7-a/fpv3/hard\libc.a(lib_a-signalr.o)
 .data          0x00000000010173c0        0x0 c:/xilinx/sdk/2017.2/gnu/aarch32/nt/gcc-arm-none-eabi/bin/../arm-none-eabi/libc/usr/lib/v7-a/fpv3/hard\libc.a(lib_a-strcmp.o)
 .data          0x00000000010173c0        0x0 c:/xilinx/sdk/2017.2/gnu/aarch32/nt/gcc-arm-none-eabi/bin/../arm-none-eabi/libc/usr/lib/v7-a/fpv3/hard\libc.a(lib_a-strlen.o)
 .data          0x00000000010173c0        0x0 c:/xilinx/sdk/2017.2/gnu/aarch32/nt/gcc-arm-none-eabi/bin/../arm-none-eabi/libc/usr/lib/v7-a/fpv3/hard\libc.a(lib_a-sysclose.o)
 .data          0x00000000010173c0        0x0 c:/xilinx/sdk/2017.2/gnu/aarch32/nt/gcc-arm-none-eabi/bin/../arm-none-eabi/libc/usr/lib/v7-a/fpv3/hard\libc.a(lib_a-vfprintf.o)
 .data          0x00000000010173c0        0x0 c:/xilinx/sdk/2017.2/gnu/aarch32/nt/gcc-arm-none-eabi/bin/../arm-none-eabi/libc/usr/lib/v7-a/fpv3/hard\libc.a(lib_a-wcrtomb.o)
 .data          0x00000000010173c0        0x0 c:/xilinx/sdk/2017.2/gnu/aarch32/nt/gcc-arm-none-eabi/bin/../arm-none-eabi/libc/usr/lib/v7-a/fpv3/hard\libc.a(lib_a-wcsrtombs.o)
 .data          0x00000000010173c0        0x4 c:/xilinx/sdk/2017.2/gnu/aarch32/nt/gcc-arm-none-eabi/bin/../arm-none-eabi/libc/usr/lib/v7-a/fpv3/hard\libc.a(lib_a-wctomb_r.o)
                0x00000000010173c0                __wctomb
 .data          0x00000000010173c4        0x0 c:/xilinx/sdk/2017.2/gnu/aarch32/nt/gcc-arm-none-eabi/bin/../arm-none-eabi/libc/usr/lib/v7-a/fpv3/hard\libc.a(lib_a-wsetup.o)
 .data          0x00000000010173c4        0x0 c:/xilinx/sdk/2017.2/gnu/aarch32/nt/gcc-arm-none-eabi/bin/../arm-none-eabi/libc/usr/lib/v7-a/fpv3/hard\libc.a(lib_a-__call_atexit.o)
 .data          0x00000000010173c4        0x0 c:/xilinx/sdk/2017.2/gnu/aarch32/nt/gcc-arm-none-eabi/bin/../arm-none-eabi/libc/usr/lib/v7-a/fpv3/hard\libc.a(lib_a-closer.o)
 .data          0x00000000010173c4        0x0 c:/xilinx/sdk/2017.2/gnu/aarch32/nt/gcc-arm-none-eabi/bin/../arm-none-eabi/libc/usr/lib/v7-a/fpv3/hard\libc.a(lib_a-dtoa.o)
 .data          0x00000000010173c4        0x0 c:/xilinx/sdk/2017.2/gnu/aarch32/nt/gcc-arm-none-eabi/bin/../arm-none-eabi/libc/usr/lib/v7-a/fpv3/hard\libc.a(lib_a-fflush.o)
 .data          0x00000000010173c4        0x0 c:/xilinx/sdk/2017.2/gnu/aarch32/nt/gcc-arm-none-eabi/bin/../arm-none-eabi/libc/usr/lib/v7-a/fpv3/hard\libc.a(lib_a-findfp.o)
 .data          0x00000000010173c4        0x0 c:/xilinx/sdk/2017.2/gnu/aarch32/nt/gcc-arm-none-eabi/bin/../arm-none-eabi/libc/usr/lib/v7-a/fpv3/hard\libc.a(lib_a-freer.o)
 .data          0x00000000010173c4        0x0 c:/xilinx/sdk/2017.2/gnu/aarch32/nt/gcc-arm-none-eabi/bin/../arm-none-eabi/libc/usr/lib/v7-a/fpv3/hard\libc.a(lib_a-fvwrite.o)
 .data          0x00000000010173c4        0x0 c:/xilinx/sdk/2017.2/gnu/aarch32/nt/gcc-arm-none-eabi/bin/../arm-none-eabi/libc/usr/lib/v7-a/fpv3/hard\libc.a(lib_a-fwalk.o)
 .data          0x00000000010173c4      0x17c c:/xilinx/sdk/2017.2/gnu/aarch32/nt/gcc-arm-none-eabi/bin/../arm-none-eabi/libc/usr/lib/v7-a/fpv3/hard\libc.a(lib_a-locale.o)
                0x00000000010173c4                __default_locale
                0x00000000010174e4                __mb_cur_max
 .data          0x0000000001017540        0x0 c:/xilinx/sdk/2017.2/gnu/aarch32/nt/gcc-arm-none-eabi/bin/../arm-none-eabi/libc/usr/lib/v7-a/fpv3/hard\libc.a(lib_a-makebuf.o)
 .data          0x0000000001017540        0x4 c:/xilinx/sdk/2017.2/gnu/aarch32/nt/gcc-arm-none-eabi/bin/../arm-none-eabi/libc/usr/lib/v7-a/fpv3/hard\libc.a(lib_a-mbtowc_r.o)
                0x0000000001017540                __mbtowc
 .data          0x0000000001017544        0x0 c:/xilinx/sdk/2017.2/gnu/aarch32/nt/gcc-arm-none-eabi/bin/../arm-none-eabi/libc/usr/lib/v7-a/fpv3/hard\libc.a(lib_a-memchr.o)
 .data          0x0000000001017544        0x0 c:/xilinx/sdk/2017.2/gnu/aarch32/nt/gcc-arm-none-eabi/bin/../arm-none-eabi/libc/usr/lib/v7-a/fpv3/hard\libc.a(lib_a-memmove.o)
 .data          0x0000000001017544        0x0 c:/xilinx/sdk/2017.2/gnu/aarch32/nt/gcc-arm-none-eabi/bin/../arm-none-eabi/libc/usr/lib/v7-a/fpv3/hard\libc.a(lib_a-memset.o)
 .data          0x0000000001017544        0x0 c:/xilinx/sdk/2017.2/gnu/aarch32/nt/gcc-arm-none-eabi/bin/../arm-none-eabi/libc/usr/lib/v7-a/fpv3/hard\libc.a(lib_a-mprec.o)
 .data          0x0000000001017544        0x0 c:/xilinx/sdk/2017.2/gnu/aarch32/nt/gcc-arm-none-eabi/bin/../arm-none-eabi/libc/usr/lib/v7-a/fpv3/hard\libc.a(lib_a-reallocr.o)
 .data          0x0000000001017544        0x0 c:/xilinx/sdk/2017.2/gnu/aarch32/nt/gcc-arm-none-eabi/bin/../arm-none-eabi/libc/usr/lib/v7-a/fpv3/hard\libc.a(lib_a-reent.o)
 .data          0x0000000001017544        0x0 c:/xilinx/sdk/2017.2/gnu/aarch32/nt/gcc-arm-none-eabi/bin/../arm-none-eabi/libc/usr/lib/v7-a/fpv3/hard\libc.a(lib_a-s_frexp.o)
 .data          0x0000000001017544        0x0 c:/xilinx/sdk/2017.2/gnu/aarch32/nt/gcc-arm-none-eabi/bin/../arm-none-eabi/libc/usr/lib/v7-a/fpv3/hard\libc.a(lib_a-stdio.o)
 .data          0x0000000001017544        0x0 c:/xilinx/sdk/2017.2/gnu/aarch32/nt/gcc-arm-none-eabi/bin/../arm-none-eabi/libc/usr/lib/v7-a/fpv3/hard\libc.a(lib_a-strcasecmp.o)
 .data          0x0000000001017544        0x0 c:/xilinx/sdk/2017.2/gnu/aarch32/nt/gcc-arm-none-eabi/bin/../arm-none-eabi/libc/usr/lib/v7-a/fpv3/hard\libc.a(lib_a-strcat.o)
 .data          0x0000000001017544        0x0 c:/xilinx/sdk/2017.2/gnu/aarch32/nt/gcc-arm-none-eabi/bin/../arm-none-eabi/libc/usr/lib/v7-a/fpv3/hard\libc.a(lib_a-strchr.o)
 .data          0x0000000001017544        0x0 c:/xilinx/sdk/2017.2/gnu/aarch32/nt/gcc-arm-none-eabi/bin/../arm-none-eabi/libc/usr/lib/v7-a/fpv3/hard\libc.a(lib_a-strcpy.o)
 .data          0x0000000001017544        0x0 c:/xilinx/sdk/2017.2/gnu/aarch32/nt/gcc-arm-none-eabi/bin/../arm-none-eabi/libc/usr/lib/v7-a/fpv3/hard\libc.a(lib_a-strlcpy.o)
 .data          0x0000000001017544        0x0 c:/xilinx/sdk/2017.2/gnu/aarch32/nt/gcc-arm-none-eabi/bin/../arm-none-eabi/libc/usr/lib/v7-a/fpv3/hard\libc.a(lib_a-strncasecmp.o)
 .data          0x0000000001017544        0x0 c:/xilinx/sdk/2017.2/gnu/aarch32/nt/gcc-arm-none-eabi/bin/../arm-none-eabi/libc/usr/lib/v7-a/fpv3/hard\libc.a(lib_a-strncmp.o)
 .data          0x0000000001017544        0x0 c:/xilinx/sdk/2017.2/gnu/aarch32/nt/gcc-arm-none-eabi/bin/../arm-none-eabi/libc/usr/lib/v7-a/fpv3/hard\libc.a(lib_a-strncpy.o)
 .data          0x0000000001017544        0x0 c:/xilinx/sdk/2017.2/gnu/aarch32/nt/gcc-arm-none-eabi/bin/../arm-none-eabi/libc/usr/lib/v7-a/fpv3/hard\libc.a(lib_a-strtol.o)
 .data          0x0000000001017544        0x0 c:/xilinx/sdk/2017.2/gnu/aarch32/nt/gcc-arm-none-eabi/bin/../arm-none-eabi/libc/usr/lib/v7-a/fpv3/hard\libc.a(lib_a-vfiprintf.o)
 .data          0x0000000001017544        0x0 c:/xilinx/sdk/2017.2/gnu/aarch32/nt/gcc-arm-none-eabi/bin/../arm-none-eabi/libc/usr/lib/v7-a/fpv3/hard\libc.a(lib_a-wcsnrtombs.o)
 .data          0x0000000001017544        0x0 c:/xilinx/sdk/2017.2/gnu/aarch32/nt/gcc-arm-none-eabi/bin/../arm-none-eabi/libc/usr/lib/v7-a/fpv3/hard\libc.a(lib_a-writer.o)
 .data          0x0000000001017544        0x0 c:/xilinx/sdk/2017.2/gnu/aarch32/nt/gcc-arm-none-eabi/bin/../arm-none-eabi/libc/usr/lib/v7-a/fpv3/hard\libc.a(lib_a-callocr.o)
 .data          0x0000000001017544        0x4 c:/xilinx/sdk/2017.2/gnu/aarch32/nt/gcc-arm-none-eabi/bin/../arm-none-eabi/libc/usr/lib/v7-a/fpv3/hard\libc.a(lib_a-ctype_.o)
                0x0000000001017544                __ctype_ptr__
 .data          0x0000000001017548        0x0 c:/xilinx/sdk/2017.2/gnu/aarch32/nt/gcc-arm-none-eabi/bin/../arm-none-eabi/libc/usr/lib/v7-a/fpv3/hard\libc.a(lib_a-fclose.o)
 .data          0x0000000001017548        0x0 c:/xilinx/sdk/2017.2/gnu/aarch32/nt/gcc-arm-none-eabi/bin/../arm-none-eabi/libc/usr/lib/v7-a/fpv3/hard\libc.a(lib_a-fputwc.o)
 .data          0x0000000001017548        0x0 c:/xilinx/sdk/2017.2/gnu/aarch32/nt/gcc-arm-none-eabi/bin/../arm-none-eabi/libc/usr/lib/v7-a/fpv3/hard\libc.a(lib_a-fstatr.o)
 .data          0x0000000001017548        0x0 c:/xilinx/sdk/2017.2/gnu/aarch32/nt/gcc-arm-none-eabi/bin/../arm-none-eabi/libc/usr/lib/v7-a/fpv3/hard\libc.a(lib_a-getenv_r.o)
 .data          0x0000000001017548        0x0 c:/xilinx/sdk/2017.2/gnu/aarch32/nt/gcc-arm-none-eabi/bin/../arm-none-eabi/libc/usr/lib/v7-a/fpv3/hard\libc.a(lib_a-isattyr.o)
 .data          0x0000000001017548        0x0 c:/xilinx/sdk/2017.2/gnu/aarch32/nt/gcc-arm-none-eabi/bin/../arm-none-eabi/libc/usr/lib/v7-a/fpv3/hard\libc.a(lib_a-lseekr.o)
 .data          0x0000000001017548        0x0 c:/xilinx/sdk/2017.2/gnu/aarch32/nt/gcc-arm-none-eabi/bin/../arm-none-eabi/libc/usr/lib/v7-a/fpv3/hard\libc.a(lib_a-readr.o)
 .data          0x0000000001017548        0x0 c:/xilinx/sdk/2017.2/gnu/aarch32/nt/gcc-arm-none-eabi/bin/../arm-none-eabi/libc/usr/lib/v7-a/fpv3/hard\libc.a(lib_a-wbuf.o)
 .data          0x0000000001017548        0x4 c:/xilinx/sdk/2017.2/gnu/aarch32/nt/gcc-arm-none-eabi/bin/../arm-none-eabi/libc/usr/lib/v7-a/fpv3/hard\libc.a(lib_a-environ.o)
                0x0000000001017548                environ
 .data          0x000000000101754c        0x0 c:/xilinx/sdk/2017.2/gnu/aarch32/nt/gcc-arm-none-eabi/bin/../arm-none-eabi/libc/usr/lib/v7-a/fpv3/hard\libc.a(lib_a-envlock.o)
 .data          0x000000000101754c        0x0 ../../master_bsp/ps7_cortexa9_0/lib\libxil.a(_exit.o)
 .data          0x000000000101754c        0x0 ../../master_bsp/ps7_cortexa9_0/lib\libxil.a(_sbrk.o)
 .data          0x000000000101754c        0x0 ../../master_bsp/ps7_cortexa9_0/lib\libxil.a(close.o)
 .data          0x000000000101754c        0x0 ../../master_bsp/ps7_cortexa9_0/lib\libxil.a(fstat.o)
 .data          0x000000000101754c        0x0 ../../master_bsp/ps7_cortexa9_0/lib\libxil.a(getpid.o)
 .data          0x000000000101754c        0x0 ../../master_bsp/ps7_cortexa9_0/lib\libxil.a(isatty.o)
 .data          0x000000000101754c        0x0 ../../master_bsp/ps7_cortexa9_0/lib\libxil.a(kill.o)
 .data          0x000000000101754c        0x0 ../../master_bsp/ps7_cortexa9_0/lib\libxil.a(lseek.o)
 .data          0x000000000101754c        0x0 c:/xilinx/sdk/2017.2/gnu/aarch32/nt/gcc-arm-none-eabi/bin/../lib/gcc/arm-none-eabi/6.2.1/v7-a/fpv3/hard\libgcc.a(_divsi3.o)
 .data          0x000000000101754c        0x0 c:/xilinx/sdk/2017.2/gnu/aarch32/nt/gcc-arm-none-eabi/bin/../lib/gcc/arm-none-eabi/6.2.1/v7-a/fpv3/hard\libgcc.a(_aeabi_uldivmod.o)
 .data          0x000000000101754c        0x0 c:/xilinx/sdk/2017.2/gnu/aarch32/nt/gcc-arm-none-eabi/bin/../lib/gcc/arm-none-eabi/6.2.1/v7-a/fpv3/hard\libgcc.a(_udivmoddi4.o)
 .data          0x000000000101754c        0x0 ../../master_bsp/ps7_cortexa9_0/lib\libmetal.a(init.c.obj)
 .data          0x000000000101754c        0x0 ../../master_bsp/ps7_cortexa9_0/lib\libmetal.a(log.c.obj)
 .data          0x000000000101754c        0x0 ../../master_bsp/ps7_cortexa9_0/lib\libmetal.a(init.c.obj)
 .data          0x000000000101754c        0x0 ../../master_bsp/ps7_cortexa9_0/lib\libmetal.a(irq.c.obj)
 .data          0x000000000101754c        0x4 ../../master_bsp/ps7_cortexa9_0/lib\libmetal.a(sys.c.obj)
 .data          0x0000000001017550        0x0 ../../master_bsp/ps7_cortexa9_0/lib\libxil.a(xil_mmu.o)
 .data          0x0000000001017550       0x50 ../../master_bsp/ps7_cortexa9_0/lib\libopen_amp.a(hil.c.obj)
                0x0000000001017550                hil_shm_generic_io
                0x0000000001017574                hil_devmem_generic_io
 .data          0x00000000010175a0        0x0 ../../master_bsp/ps7_cortexa9_0/lib\libopen_amp.a(firmware.c.obj)
 .data          0x00000000010175a0        0x0 ../../master_bsp/ps7_cortexa9_0/lib\libopen_amp.a(virtqueue.c.obj)
 .data          0x00000000010175a0        0x0 ../../master_bsp/ps7_cortexa9_0/lib\libopen_amp.a(rpmsg.c.obj)
 .data          0x00000000010175a0        0x0 ../../master_bsp/ps7_cortexa9_0/lib\libopen_amp.a(rpmsg_core.c.obj)
 .data          0x00000000010175a0        0x0 ../../master_bsp/ps7_cortexa9_0/lib\libopen_amp.a(remoteproc.c.obj)
 .data          0x00000000010175a0        0x0 ../../master_bsp/ps7_cortexa9_0/lib\libopen_amp.a(remoteproc_loader.c.obj)
 .data          0x00000000010175a0       0x1c ../../master_bsp/ps7_cortexa9_0/lib\libopen_amp.a(rsc_table_parser.c.obj)
                0x00000000010175a0                rsc_handler_table
 .data          0x00000000010175bc       0x44 ../../master_bsp/ps7_cortexa9_0/lib\libopen_amp.a(zynq_remoteproc_a9.c.obj)
                0x00000000010175e4                zynq_a9_proc_ops
 .data          0x0000000001017600        0x0 ../../master_bsp/ps7_cortexa9_0/lib\libopen_amp.a(sh_mem.c.obj)
 .data          0x0000000001017600       0x24 ../../master_bsp/ps7_cortexa9_0/lib\libopen_amp.a(remote_device.c.obj)
                0x0000000001017600                rpmsg_rdev_config_ops
 .data          0x0000000001017624        0x0 ../../master_bsp/ps7_cortexa9_0/lib\libopen_amp.a(elf_loader.c.obj)
 .data          0x0000000001017624        0x0 c:/xilinx/sdk/2017.2/gnu/aarch32/nt/gcc-arm-none-eabi/bin/../arm-none-eabi/libc/usr/lib/v7-a/fpv3/hard\libc.a(lib_a-assert.o)
 .data          0x0000000001017624        0x0 c:/xilinx/sdk/2017.2/gnu/aarch32/nt/gcc-arm-none-eabi/bin/../arm-none-eabi/libc/usr/lib/v7-a/fpv3/hard\libc.a(lib_a-calloc.o)
 .data          0x0000000001017624        0x0 c:/xilinx/sdk/2017.2/gnu/aarch32/nt/gcc-arm-none-eabi/bin/../arm-none-eabi/libc/usr/lib/v7-a/fpv3/hard\libc.a(lib_a-fiprintf.o)
 .data          0x0000000001017624       0x2c ../../master_bsp/ps7_cortexa9_0/lib\libmetal.a(device.c.obj)
                0x0000000001017624                metal_generic_bus
 .data          0x0000000001017650        0x0 ../../master_bsp/ps7_cortexa9_0/lib\libmetal.a(io.c.obj)
 .data          0x0000000001017650        0x0 ../../master_bsp/ps7_cortexa9_0/lib\libmetal.a(shmem.c.obj)
 .data          0x0000000001017650        0x0 ../../master_bsp/ps7_cortexa9_0/lib\libmetal.a(cache.c.obj)
 .data          0x0000000001017650        0x0 ../../master_bsp/ps7_cortexa9_0/lib\libmetal.a(io.c.obj)
 .data          0x0000000001017650        0x0 ../../master_bsp/ps7_cortexa9_0/lib\libmetal.a(sleep.c.obj)
 .data          0x0000000001017650        0x0 ../../master_bsp/ps7_cortexa9_0/lib\libmetal.a(shmem.c.obj)
 .data          0x0000000001017650        0x0 c:/xilinx/sdk/2017.2/gnu/aarch32/nt/gcc-arm-none-eabi/bin/../lib/gcc/arm-none-eabi/6.2.1/v7-a/fpv3/hard/crtend.o
 .data          0x0000000001017650        0x0 c:/xilinx/sdk/2017.2/gnu/aarch32/nt/gcc-arm-none-eabi/bin/../lib/gcc/arm-none-eabi/6.2.1/v7-a/fpv3/hard/crtn.o
 *(.data.*)
 *(.gnu.linkonce.d.*)
 *(.jcr)
 .jcr           0x0000000001017650        0x0 c:/xilinx/sdk/2017.2/gnu/aarch32/nt/gcc-arm-none-eabi/bin/../lib/gcc/arm-none-eabi/6.2.1/v7-a/fpv3/hard/crtbegin.o
 .jcr           0x0000000001017650        0x4 c:/xilinx/sdk/2017.2/gnu/aarch32/nt/gcc-arm-none-eabi/bin/../lib/gcc/arm-none-eabi/6.2.1/v7-a/fpv3/hard/crtend.o
 *(.got)
 *(.got.plt)
                0x0000000001017654                __data_end = .

.tm_clone_table
                0x0000000001017654        0x0
 .tm_clone_table
                0x0000000001017654        0x0 c:/xilinx/sdk/2017.2/gnu/aarch32/nt/gcc-arm-none-eabi/bin/../lib/gcc/arm-none-eabi/6.2.1/v7-a/fpv3/hard/crtbegin.o
 .tm_clone_table
                0x0000000001017654        0x0 c:/xilinx/sdk/2017.2/gnu/aarch32/nt/gcc-arm-none-eabi/bin/../lib/gcc/arm-none-eabi/6.2.1/v7-a/fpv3/hard/crtend.o

.igot.plt       0x0000000001017654        0x0
 .igot.plt      0x0000000001017654        0x0 c:/xilinx/sdk/2017.2/gnu/aarch32/nt/gcc-arm-none-eabi/bin/../lib/gcc/arm-none-eabi/6.2.1/v7-a/fpv3/hard/crtbegin.o

.got2           0x0000000001017654        0x0
 .got2          0x0000000001017654        0x0 ../../master_bsp/ps7_cortexa9_0/lib\libxil.a(xil-crt0.o)

.data1          0x0000000001017654        0x0
                0x0000000001017654                __data1_start = .
 *(.data1)
 *(.data1.*)
                0x0000000001017654                __data1_end = .

.got
 *(.got)

.ctors          0x0000000001017654        0x0
                0x0000000001017654                __CTOR_LIST__ = .
                0x0000000001017654                ___CTORS_LIST___ = .
 *crtbegin.o(.ctors)
 *(EXCLUDE_FILE(*crtend.o) .ctors)
 *(SORT(.ctors.*))
 *(.ctors)
                0x0000000001017654                __CTOR_END__ = .
                0x0000000001017654                ___CTORS_END___ = .

.dtors          0x0000000001017654        0x0
                0x0000000001017654                __DTOR_LIST__ = .
                0x0000000001017654                ___DTORS_LIST___ = .
 *crtbegin.o(.dtors)
 *(EXCLUDE_FILE(*crtend.o) .dtors)
 *(SORT(.dtors.*))
 *(.dtors)
                0x0000000001017654                __DTOR_END__ = .
                0x0000000001017654                ___DTORS_END___ = .

.fixup          0x0000000001017654        0x0
                0x0000000001017654                __fixup_start = .
 *(.fixup)
                0x0000000001017654                __fixup_end = .

.eh_frame       0x0000000001017654        0x4
 *(.eh_frame)
 .eh_frame      0x0000000001017654        0x0 c:/xilinx/sdk/2017.2/gnu/aarch32/nt/gcc-arm-none-eabi/bin/../lib/gcc/arm-none-eabi/6.2.1/v7-a/fpv3/hard/crtbegin.o
 .eh_frame      0x0000000001017654        0x4 c:/xilinx/sdk/2017.2/gnu/aarch32/nt/gcc-arm-none-eabi/bin/../lib/gcc/arm-none-eabi/6.2.1/v7-a/fpv3/hard/crtend.o

.eh_framehdr    0x0000000001017658        0x0
                0x0000000001017658                __eh_framehdr_start = .
 *(.eh_framehdr)
                0x0000000001017658                __eh_framehdr_end = .

.gcc_except_table
 *(.gcc_except_table)

.mmu_tbl        0x0000000001018000     0x4000
                0x0000000001018000                __mmu_tbl_start = .
 *(.mmu_tbl)
 .mmu_tbl       0x0000000001018000     0x4000 ../../master_bsp/ps7_cortexa9_0/lib\libxil.a(translation_table.o)
                0x0000000001018000                MMUTable
                0x000000000101c000                __mmu_tbl_end = .

.ARM.exidx      0x000000000101c000      0x158
                0x000000000101c000                __exidx_start = .
 *(.ARM.exidx*)
 .ARM.exidx     0x000000000101c000       0x18 ./src/helper.o
 .ARM.exidx     0x000000000101c018       0x38 ./src/main.o
                                         0x48 (size before relaxing)
 .ARM.exidx     0x000000000101c050       0x60 ./src/retarget_host.o
                                         0x70 (size before relaxing)
 .ARM.exidx     0x000000000101c0b0       0x78 c:/xilinx/sdk/2017.2/gnu/aarch32/nt/gcc-arm-none-eabi/bin/../lib/gcc/arm-none-eabi/6.2.1/v7-a/fpv3/hard\libgcc.a(unwind-arm.o)
                                         0xd8 (size before relaxing)
 .ARM.exidx     0x000000000101c128       0x30 c:/xilinx/sdk/2017.2/gnu/aarch32/nt/gcc-arm-none-eabi/bin/../lib/gcc/arm-none-eabi/6.2.1/v7-a/fpv3/hard\libgcc.a(pr-support.o)
                                         0x48 (size before relaxing)
 .ARM.exidx     0x000000000101c158        0x0 c:/xilinx/sdk/2017.2/gnu/aarch32/nt/gcc-arm-none-eabi/bin/../lib/gcc/arm-none-eabi/6.2.1/v7-a/fpv3/hard\libgcc.a(_udivmoddi4.o)
                                          0x8 (size before relaxing)
 *(.gnu.linkonce.armexidix.*.*)
                0x000000000101c158                __exidx_end = .

.rel.dyn        0x000000000101c158        0x0
 .rel.iplt      0x000000000101c158        0x0 c:/xilinx/sdk/2017.2/gnu/aarch32/nt/gcc-arm-none-eabi/bin/../lib/gcc/arm-none-eabi/6.2.1/v7-a/fpv3/hard/crtbegin.o

.preinit_array  0x000000000101c158        0x0
                0x000000000101c158                __preinit_array_start = .
 *(SORT(.preinit_array.*))
 *(.preinit_array)
                0x000000000101c158                __preinit_array_end = .

.init_array     0x000000000101c158        0x4
                0x000000000101c158                __init_array_start = .
 *(SORT(.init_array.*))
 *(.init_array)
 .init_array    0x000000000101c158        0x4 c:/xilinx/sdk/2017.2/gnu/aarch32/nt/gcc-arm-none-eabi/bin/../lib/gcc/arm-none-eabi/6.2.1/v7-a/fpv3/hard/crtbegin.o
                0x000000000101c15c                __init_array_end = .

.fini_array     0x000000000101c15c        0x4
                0x000000000101c15c                __fini_array_start = .
 *(SORT(.fini_array.*))
 *(.fini_array)
 .fini_array    0x000000000101c15c        0x4 c:/xilinx/sdk/2017.2/gnu/aarch32/nt/gcc-arm-none-eabi/bin/../lib/gcc/arm-none-eabi/6.2.1/v7-a/fpv3/hard/crtbegin.o
                0x000000000101c160                __fini_array_end = .

.ARM.attributes
                0x000000000101c160       0x33
                0x000000000101c160                __ARM.attributes_start = .
 *(.ARM.attributes)
 .ARM.attributes
                0x000000000101c160       0x21 c:/xilinx/sdk/2017.2/gnu/aarch32/nt/gcc-arm-none-eabi/bin/../lib/gcc/arm-none-eabi/6.2.1/v7-a/fpv3/hard/crti.o
 .ARM.attributes
                0x000000000101c181       0x33 c:/xilinx/sdk/2017.2/gnu/aarch32/nt/gcc-arm-none-eabi/bin/../lib/gcc/arm-none-eabi/6.2.1/v7-a/fpv3/hard/crtbegin.o
 .ARM.attributes
                0x000000000101c1b4       0x3d ./src/helper.o
 .ARM.attributes
                0x000000000101c1f1       0x3d ./src/main.o
 .ARM.attributes
                0x000000000101c22e       0x3d ./src/retarget_host.o
 .ARM.attributes
                0x000000000101c26b       0x3d ../../master_bsp/ps7_cortexa9_0/lib\libxil.a(xscugic.o)
 .ARM.attributes
                0x000000000101c2a8       0x3d ../../master_bsp/ps7_cortexa9_0/lib\libxil.a(xscugic_intr.o)
 .ARM.attributes
                0x000000000101c2e5       0x3d ../../master_bsp/ps7_cortexa9_0/lib\libxil.a(xscugic_sinit.o)
 .ARM.attributes
                0x000000000101c322       0x29 ../../master_bsp/ps7_cortexa9_0/lib\libxil.a(asm_vectors.o)
 .ARM.attributes
                0x000000000101c34b       0x29 ../../master_bsp/ps7_cortexa9_0/lib\libxil.a(boot.o)
 .ARM.attributes
                0x000000000101c374       0x3d ../../master_bsp/ps7_cortexa9_0/lib\libxil.a(open.o)
 .ARM.attributes
                0x000000000101c3b1       0x3d ../../master_bsp/ps7_cortexa9_0/lib\libxil.a(read.o)
 .ARM.attributes
                0x000000000101c3ee       0x29 ../../master_bsp/ps7_cortexa9_0/lib\libxil.a(translation_table.o)
 .ARM.attributes
                0x000000000101c417       0x3d ../../master_bsp/ps7_cortexa9_0/lib\libxil.a(vectors.o)
 .ARM.attributes
                0x000000000101c454       0x3d ../../master_bsp/ps7_cortexa9_0/lib\libxil.a(write.o)
 .ARM.attributes
                0x000000000101c491       0x29 ../../master_bsp/ps7_cortexa9_0/lib\libxil.a(xil-crt0.o)
 .ARM.attributes
                0x000000000101c4ba       0x3d ../../master_bsp/ps7_cortexa9_0/lib\libxil.a(xil_assert.o)
 .ARM.attributes
                0x000000000101c4f7       0x3d ../../master_bsp/ps7_cortexa9_0/lib\libxil.a(xil_cache.o)
 .ARM.attributes
                0x000000000101c534       0x3d ../../master_bsp/ps7_cortexa9_0/lib\libxil.a(xil_exception.o)
 .ARM.attributes
                0x000000000101c571       0x3d ../../master_bsp/ps7_cortexa9_0/lib\libxil.a(xtime_l.o)
 .ARM.attributes
                0x000000000101c5ae       0x3d ../../master_bsp/ps7_cortexa9_0/lib\libxil.a(xscugic_g.o)
 .ARM.attributes
                0x000000000101c5eb       0x29 ../../master_bsp/ps7_cortexa9_0/lib\libxil.a(cpu_init.o)
 .ARM.attributes
                0x000000000101c614       0x3d ../../master_bsp/ps7_cortexa9_0/lib\libxil.a(errno.o)
 .ARM.attributes
                0x000000000101c651       0x3d ../../master_bsp/ps7_cortexa9_0/lib\libxil.a(inbyte.o)
 .ARM.attributes
                0x000000000101c68e       0x3d ../../master_bsp/ps7_cortexa9_0/lib\libxil.a(outbyte.o)
 .ARM.attributes
                0x000000000101c6cb       0x3d ../../master_bsp/ps7_cortexa9_0/lib\libxil.a(xuartps_hw.o)
 .ARM.attributes
                0x000000000101c708       0x21 c:/xilinx/sdk/2017.2/gnu/aarch32/nt/gcc-arm-none-eabi/bin/../lib/gcc/arm-none-eabi/6.2.1/v7-a/fpv3/hard\libgcc.a(_udivsi3.o)
 .ARM.attributes
                0x000000000101c729       0x21 c:/xilinx/sdk/2017.2/gnu/aarch32/nt/gcc-arm-none-eabi/bin/../lib/gcc/arm-none-eabi/6.2.1/v7-a/fpv3/hard\libgcc.a(_dvmd_tls.o)
 .ARM.attributes
                0x000000000101c74a       0x33 c:/xilinx/sdk/2017.2/gnu/aarch32/nt/gcc-arm-none-eabi/bin/../lib/gcc/arm-none-eabi/6.2.1/v7-a/fpv3/hard\libgcc.a(unwind-arm.o)
 .ARM.attributes
                0x000000000101c77d       0x21 c:/xilinx/sdk/2017.2/gnu/aarch32/nt/gcc-arm-none-eabi/bin/../lib/gcc/arm-none-eabi/6.2.1/v7-a/fpv3/hard\libgcc.a(libunwind.o)
 .ARM.attributes
                0x000000000101c79e       0x33 c:/xilinx/sdk/2017.2/gnu/aarch32/nt/gcc-arm-none-eabi/bin/../lib/gcc/arm-none-eabi/6.2.1/v7-a/fpv3/hard\libgcc.a(pr-support.o)
 .ARM.attributes
                0x000000000101c7d1       0x33 c:/xilinx/sdk/2017.2/gnu/aarch32/nt/gcc-arm-none-eabi/bin/../arm-none-eabi/libc/usr/lib/v7-a/fpv3/hard\libc.a(lib_a-abort.o)
 .ARM.attributes
                0x000000000101c804       0x33 c:/xilinx/sdk/2017.2/gnu/aarch32/nt/gcc-arm-none-eabi/bin/../arm-none-eabi/libc/usr/lib/v7-a/fpv3/hard\libc.a(lib_a-exit.o)
 .ARM.attributes
                0x000000000101c837       0x33 c:/xilinx/sdk/2017.2/gnu/aarch32/nt/gcc-arm-none-eabi/bin/../arm-none-eabi/libc/usr/lib/v7-a/fpv3/hard\libc.a(lib_a-fini.o)
 .ARM.attributes
                0x000000000101c86a       0x33 c:/xilinx/sdk/2017.2/gnu/aarch32/nt/gcc-arm-none-eabi/bin/../arm-none-eabi/libc/usr/lib/v7-a/fpv3/hard\libc.a(lib_a-impure.o)
 .ARM.attributes
                0x000000000101c89d       0x33 c:/xilinx/sdk/2017.2/gnu/aarch32/nt/gcc-arm-none-eabi/bin/../arm-none-eabi/libc/usr/lib/v7-a/fpv3/hard\libc.a(lib_a-init.o)
 .ARM.attributes
                0x000000000101c8d0       0x33 c:/xilinx/sdk/2017.2/gnu/aarch32/nt/gcc-arm-none-eabi/bin/../arm-none-eabi/libc/usr/lib/v7-a/fpv3/hard\libc.a(lib_a-malloc.o)
 .ARM.attributes
                0x000000000101c903       0x33 c:/xilinx/sdk/2017.2/gnu/aarch32/nt/gcc-arm-none-eabi/bin/../arm-none-eabi/libc/usr/lib/v7-a/fpv3/hard\libc.a(lib_a-mallocr.o)
 .ARM.attributes